Archive member included to satisfy reference by file (symbol)

c:/program files (x86)/atmel/studio/7.0/toolchain/arm/arm-gnu-toolchain/bin/../lib/gcc/arm-none-eabi/6.3.1/thumb/v6-m\libgcc.a(_udivsi3.o)
                              src/ASF/sam0/drivers/system/clock/clock_samd21_r21_da_ha1/clock.o (__aeabi_uidiv)
c:/program files (x86)/atmel/studio/7.0/toolchain/arm/arm-gnu-toolchain/bin/../lib/gcc/arm-none-eabi/6.3.1/thumb/v6-m\libgcc.a(_divsi3.o)
                              src/main.o (__aeabi_idivmod)
c:/program files (x86)/atmel/studio/7.0/toolchain/arm/arm-gnu-toolchain/bin/../lib/gcc/arm-none-eabi/6.3.1/thumb/v6-m\libgcc.a(_dvmd_tls.o)
                              c:/program files (x86)/atmel/studio/7.0/toolchain/arm/arm-gnu-toolchain/bin/../lib/gcc/arm-none-eabi/6.3.1/thumb/v6-m\libgcc.a(_udivsi3.o) (__aeabi_idiv0)
c:/program files (x86)/atmel/studio/7.0/toolchain/arm/arm-gnu-toolchain/bin/../lib/gcc/arm-none-eabi/6.3.1/thumb/v6-m\libgcc.a(_arm_cmpdf2.o)
                              src/main.o (__aeabi_dcmple)
c:/program files (x86)/atmel/studio/7.0/toolchain/arm/arm-gnu-toolchain/bin/../lib/gcc/arm-none-eabi/6.3.1/thumb/v6-m\libgcc.a(_muldi3.o)
                              src/ASF/sam0/drivers/sercom/sercom.o (__aeabi_lmul)
c:/program files (x86)/atmel/studio/7.0/toolchain/arm/arm-gnu-toolchain/bin/../lib/gcc/arm-none-eabi/6.3.1/thumb/v6-m\libgcc.a(eqdf2.o)
                              c:/program files (x86)/atmel/studio/7.0/toolchain/arm/arm-gnu-toolchain/bin/../lib/gcc/arm-none-eabi/6.3.1/thumb/v6-m\libgcc.a(_arm_cmpdf2.o) (__eqdf2)
c:/program files (x86)/atmel/studio/7.0/toolchain/arm/arm-gnu-toolchain/bin/../lib/gcc/arm-none-eabi/6.3.1/thumb/v6-m\libgcc.a(gedf2.o)
                              c:/program files (x86)/atmel/studio/7.0/toolchain/arm/arm-gnu-toolchain/bin/../lib/gcc/arm-none-eabi/6.3.1/thumb/v6-m\libgcc.a(_arm_cmpdf2.o) (__gedf2)
c:/program files (x86)/atmel/studio/7.0/toolchain/arm/arm-gnu-toolchain/bin/../lib/gcc/arm-none-eabi/6.3.1/thumb/v6-m\libgcc.a(ledf2.o)
                              c:/program files (x86)/atmel/studio/7.0/toolchain/arm/arm-gnu-toolchain/bin/../lib/gcc/arm-none-eabi/6.3.1/thumb/v6-m\libgcc.a(_arm_cmpdf2.o) (__ledf2)
c:/program files (x86)/atmel/studio/7.0/toolchain/arm/arm-gnu-toolchain/bin/../lib/gcc/arm-none-eabi/6.3.1/thumb/v6-m\libgcc.a(muldf3.o)
                              src/main.o (__aeabi_dmul)
c:/program files (x86)/atmel/studio/7.0/toolchain/arm/arm-gnu-toolchain/bin/../lib/gcc/arm-none-eabi/6.3.1/thumb/v6-m\libgcc.a(floatsidf.o)
                              src/main.o (__aeabi_i2d)
c:/program files (x86)/atmel/studio/7.0/toolchain/arm/arm-gnu-toolchain/bin/../lib/gcc/arm-none-eabi/6.3.1/thumb/v6-m\libgcc.a(_clzsi2.o)
                              c:/program files (x86)/atmel/studio/7.0/toolchain/arm/arm-gnu-toolchain/bin/../lib/gcc/arm-none-eabi/6.3.1/thumb/v6-m\libgcc.a(muldf3.o) (__clzsi2)
c:/program files (x86)/atmel/studio/7.0/toolchain/arm/arm-gnu-toolchain/bin/../lib/gcc/arm-none-eabi/6.3.1/../../../../arm-none-eabi/lib/thumb/v6-m\libc_nano.a(lib_a-exit.o)
                              c:/program files (x86)/atmel/studio/7.0/toolchain/arm/arm-gnu-toolchain/bin/../lib/gcc/arm-none-eabi/6.3.1/../../../../arm-none-eabi/lib/thumb/v6-m/crt0.o (exit)
c:/program files (x86)/atmel/studio/7.0/toolchain/arm/arm-gnu-toolchain/bin/../lib/gcc/arm-none-eabi/6.3.1/../../../../arm-none-eabi/lib/thumb/v6-m\libc_nano.a(lib_a-impure.o)
                              c:/program files (x86)/atmel/studio/7.0/toolchain/arm/arm-gnu-toolchain/bin/../lib/gcc/arm-none-eabi/6.3.1/../../../../arm-none-eabi/lib/thumb/v6-m\libc_nano.a(lib_a-exit.o) (_global_impure_ptr)
c:/program files (x86)/atmel/studio/7.0/toolchain/arm/arm-gnu-toolchain/bin/../lib/gcc/arm-none-eabi/6.3.1/../../../../arm-none-eabi/lib/thumb/v6-m\libc_nano.a(lib_a-init.o)
                              c:/program files (x86)/atmel/studio/7.0/toolchain/arm/arm-gnu-toolchain/bin/../lib/gcc/arm-none-eabi/6.3.1/../../../../arm-none-eabi/lib/thumb/v6-m/crt0.o (__libc_init_array)
c:/program files (x86)/atmel/studio/7.0/toolchain/arm/arm-gnu-toolchain/bin/../lib/gcc/arm-none-eabi/6.3.1/../../../../arm-none-eabi/lib/thumb/v6-m\libc_nano.a(lib_a-memcpy-stub.o)
                              src/ASF/sam0/drivers/dma/dma.o (memcpy)
c:/program files (x86)/atmel/studio/7.0/toolchain/arm/arm-gnu-toolchain/bin/../lib/gcc/arm-none-eabi/6.3.1/../../../../arm-none-eabi/lib/thumb/v6-m\libc_nano.a(lib_a-memset.o)
                              c:/program files (x86)/atmel/studio/7.0/toolchain/arm/arm-gnu-toolchain/bin/../lib/gcc/arm-none-eabi/6.3.1/../../../../arm-none-eabi/lib/thumb/v6-m/crt0.o (memset)
c:/program files (x86)/atmel/studio/7.0/toolchain/arm/arm-gnu-toolchain/bin/../lib/gcc/arm-none-eabi/6.3.1/../../../../arm-none-eabi/lib/thumb/v6-m\libc_nano.a(lib_a-strncpy.o)
                              src/ASF/thirdparty/freertos/freertos-7.4.2/Source/tasks.o (strncpy)

Allocating common symbols
[...]
Memory Configuration

Name             Origin             Length             Attributes
rom              0x00000000         0x00040000         xr
ram              0x20000000         0x00008000         xrw
*default*        0x00000000         0xffffffff

Linker script and memory map

LOAD c:/program files (x86)/atmel/studio/7.0/toolchain/arm/arm-gnu-toolchain/bin/../lib/gcc/arm-none-eabi/6.3.1/thumb/v6-m/crti.o
LOAD c:/program files (x86)/atmel/studio/7.0/toolchain/arm/arm-gnu-toolchain/bin/../lib/gcc/arm-none-eabi/6.3.1/thumb/v6-m/crtbegin.o
LOAD c:/program files (x86)/atmel/studio/7.0/toolchain/arm/arm-gnu-toolchain/bin/../lib/gcc/arm-none-eabi/6.3.1/../../../../arm-none-eabi/lib/thumb/v6-m/crt0.o
LOAD src/ASF/sam0/drivers/dma/dma.o
LOAD src/ASF/thirdparty/freertos/freertos-7.4.2/Source/croutine.o
LOAD src/ASF/thirdparty/freertos/freertos-7.4.2/Source/list.o
LOAD src/ASF/thirdparty/freertos/freertos-7.4.2/Source/portable/GCC/ARM_CM0/port.o
LOAD src/ASF/thirdparty/freertos/freertos-7.4.2/Source/portable/MemMang/heap_1.o
LOAD src/ASF/thirdparty/freertos/freertos-7.4.2/Source/queue.o
LOAD src/ASF/thirdparty/freertos/freertos-7.4.2/Source/tasks.o
LOAD src/ASF/thirdparty/freertos/freertos-7.4.2/Source/timers.o
LOAD src/custom_pin_map.o
LOAD src/ASF/common2/services/delay/sam0/cycle_counter.o
LOAD src/ASF/common/services/sleepmgr/samd/sleepmgr.o
LOAD src/ASF/common/utils/interrupt/interrupt_sam_nvic.o
LOAD src/ASF/sam0/boards/samd21_xplained_pro/board_init.o
LOAD src/ASF/sam0/drivers/adc/adc_sam_d_r_h/adc.o
LOAD src/ASF/sam0/drivers/adc/adc_sam_d_r_h/adc_callback.o
LOAD src/ASF/sam0/drivers/port/port.o
LOAD src/ASF/sam0/drivers/rtc/rtc_sam_d_r_h/rtc_count.o
LOAD src/ASF/sam0/drivers/rtc/rtc_sam_d_r_h/rtc_count_interrupt.o
LOAD src/ASF/sam0/drivers/sercom/sercom.o
LOAD src/ASF/sam0/drivers/sercom/sercom_interrupt.o
LOAD src/ASF/sam0/drivers/sercom/usart/usart.o
LOAD src/ASF/sam0/drivers/sercom/usart/usart_interrupt.o
LOAD src/ASF/sam0/drivers/system/clock/clock_samd21_r21_da_ha1/clock.o
LOAD src/ASF/sam0/drivers/system/clock/clock_samd21_r21_da_ha1/gclk.o
LOAD src/ASF/sam0/drivers/system/interrupt/system_interrupt.o
LOAD src/ASF/sam0/drivers/system/pinmux/pinmux.o
LOAD src/ASF/sam0/drivers/system/system.o
LOAD src/ASF/sam0/drivers/tcc/tcc.o
LOAD src/ASF/sam0/drivers/tcc/tcc_callback.o
LOAD src/ASF/sam0/drivers/tc/tc_interrupt.o
LOAD src/ASF/sam0/drivers/tc/tc_sam_d_r_h/tc.o
LOAD src/ASF/sam0/utils/cmsis/samd21/source/gcc/startup_samd21.o
LOAD src/ASF/sam0/utils/cmsis/samd21/source/system_samd21.o
LOAD src/ASF/sam0/utils/syscalls/gcc/syscalls.o
LOAD src/ADC_4_Channel.o
LOAD src/main.o
START GROUP
LOAD ../src/ASF/thirdparty/CMSIS/Lib/GCC\libarm_cortexM0l_math.a
LOAD c:/program files (x86)/atmel/studio/7.0/toolchain/arm/arm-gnu-toolchain/bin/../lib/gcc/arm-none-eabi/6.3.1/../../../../arm-none-eabi/lib/thumb/v6-m\libm.a
END GROUP
START GROUP
LOAD c:/program files (x86)/atmel/studio/7.0/toolchain/arm/arm-gnu-toolchain/bin/../lib/gcc/arm-none-eabi/6.3.1/thumb/v6-m\libgcc.a
LOAD c:/program files (x86)/atmel/studio/7.0/toolchain/arm/arm-gnu-toolchain/bin/../lib/gcc/arm-none-eabi/6.3.1/../../../../arm-none-eabi/lib/thumb/v6-m\libc_nano.a
END GROUP
START GROUP
LOAD c:/program files (x86)/atmel/studio/7.0/toolchain/arm/arm-gnu-toolchain/bin/../lib/gcc/arm-none-eabi/6.3.1/thumb/v6-m\libgcc.a
LOAD c:/program files (x86)/atmel/studio/7.0/toolchain/arm/arm-gnu-toolchain/bin/../lib/gcc/arm-none-eabi/6.3.1/../../../../arm-none-eabi/lib/thumb/v6-m\libc_nano.a
END GROUP
LOAD c:/program files (x86)/atmel/studio/7.0/toolchain/arm/arm-gnu-toolchain/bin/../lib/gcc/arm-none-eabi/6.3.1/thumb/v6-m/crtend.o
LOAD c:/program files (x86)/atmel/studio/7.0/toolchain/arm/arm-gnu-toolchain/bin/../lib/gcc/arm-none-eabi/6.3.1/thumb/v6-m/crtn.o
                0x00002000                STACK_SIZE = DEFINED (STACK_SIZE)?STACK_SIZE:DEFINED (__stack_size__)?__stack_size__:0x2000

.text           0x00000000     0x85a0
                0x00000000                . = ALIGN (0x4)
                0x00000000                _sfixed = .
 *(.vectors .vectors.*)
 .vectors       0x00000000       0xb4 src/ASF/sam0/utils/cmsis/samd21/source/gcc/startup_samd21.o
                0x00000000                exception_table
 *(.text .text.* .gnu.linkonce.t.*)
 .text          0x000000b4       0x60 c:/program files (x86)/atmel/studio/7.0/toolchain/arm/arm-gnu-toolchain/bin/../lib/gcc/arm-none-eabi/6.3.1/thumb/v6-m/crtbegin.o
 .text.system_interrupt_enter_critical_section
                0x00000114       0x14 src/ASF/sam0/drivers/dma/dma.o
 .text.system_interrupt_leave_critical_section
                0x00000128       0x14 src/ASF/sam0/drivers/dma/dma.o
 .text.DMAC_Handler
                0x0000013c      0x144 src/ASF/sam0/drivers/dma/dma.o
                0x0000013c                DMAC_Handler
 .text.vListInitialise
                0x00000280       0x3c src/ASF/thirdparty/freertos/freertos-7.4.2/Source/list.o
                0x00000280                vListInitialise
 .text.vListInitialiseItem
                0x000002bc       0x16 src/ASF/thirdparty/freertos/freertos-7.4.2/Source/list.o
                0x000002bc                vListInitialiseItem
 .text.vListInsertEnd
                0x000002d2       0x4c src/ASF/thirdparty/freertos/freertos-7.4.2/Source/list.o
                0x000002d2                vListInsertEnd
 .text.vListInsert
                0x0000031e       0x6c src/ASF/thirdparty/freertos/freertos-7.4.2/Source/list.o
                0x0000031e                vListInsert
 .text.uxListRemove
                0x0000038a       0x50 src/ASF/thirdparty/freertos/freertos-7.4.2/Source/list.o
                0x0000038a                uxListRemove
 .text.pxPortInitialiseStack
                0x000003da       0x42 src/ASF/thirdparty/freertos/freertos-7.4.2/Source/portable/GCC/ARM_CM0/port.o
                0x000003da                pxPortInitialiseStack
 .text.SVC_Handler
                0x0000041c       0x2c src/ASF/thirdparty/freertos/freertos-7.4.2/Source/portable/GCC/ARM_CM0/port.o
                0x0000041c                SVC_Handler
 .text.vPortStartFirstTask
                0x00000448       0x24 src/ASF/thirdparty/freertos/freertos-7.4.2/Source/portable/GCC/ARM_CM0/port.o
 .text.xPortStartScheduler
                0x0000046c       0x48 src/ASF/thirdparty/freertos/freertos-7.4.2/Source/portable/GCC/ARM_CM0/port.o
                0x0000046c                xPortStartScheduler
 .text.vPortYield
                0x000004b4       0x20 src/ASF/thirdparty/freertos/freertos-7.4.2/Source/portable/GCC/ARM_CM0/port.o
                0x000004b4                vPortYield
 .text.vPortEnterCritical
                0x000004d4       0x24 src/ASF/thirdparty/freertos/freertos-7.4.2/Source/portable/GCC/ARM_CM0/port.o
                0x000004d4                vPortEnterCritical
 .text.vPortExitCritical
                0x000004f8       0x24 src/ASF/thirdparty/freertos/freertos-7.4.2/Source/portable/GCC/ARM_CM0/port.o
                0x000004f8                vPortExitCritical
 .text.PendSV_Handler
                0x0000051c       0x48 src/ASF/thirdparty/freertos/freertos-7.4.2/Source/portable/GCC/ARM_CM0/port.o
                0x0000051c                PendSV_Handler
 .text.SysTick_Handler
                0x00000564       0x2c src/ASF/thirdparty/freertos/freertos-7.4.2/Source/portable/GCC/ARM_CM0/port.o
                0x00000564                SysTick_Handler
 .text.vPortSetupTimerInterrupt
                0x00000590       0x2c src/ASF/thirdparty/freertos/freertos-7.4.2/Source/portable/GCC/ARM_CM0/port.o
                0x00000590                vPortSetupTimerInterrupt
 .text.pvPortMalloc
                0x000005bc       0x94 src/ASF/thirdparty/freertos/freertos-7.4.2/Source/portable/MemMang/heap_1.o
                0x000005bc                pvPortMalloc
 .text.vPortFree
                0x00000650       0x1a src/ASF/thirdparty/freertos/freertos-7.4.2/Source/portable/MemMang/heap_1.o
                0x00000650                vPortFree
 *fill*         0x0000066a        0x2 
 .text.xQueueGenericReset
                0x0000066c       0xc0 src/ASF/thirdparty/freertos/freertos-7.4.2/Source/queue.o
                0x0000066c                xQueueGenericReset
 .text.xQueueGenericCreate
                0x0000072c       0x94 src/ASF/thirdparty/freertos/freertos-7.4.2/Source/queue.o
                0x0000072c                xQueueGenericCreate
 .text.xQueueGenericSend
                0x000007c0      0x184 src/ASF/thirdparty/freertos/freertos-7.4.2/Source/queue.o
                0x000007c0                xQueueGenericSend
 .text.xQueueGenericSendFromISR
                0x00000944       0xd8 src/ASF/thirdparty/freertos/freertos-7.4.2/Source/queue.o
                0x00000944                xQueueGenericSendFromISR
 .text.xQueueGenericReceive
                0x00000a1c      0x1cc src/ASF/thirdparty/freertos/freertos-7.4.2/Source/queue.o
                0x00000a1c                xQueueGenericReceive
 .text.prvCopyDataToQueue
                0x00000be8       0xc0 src/ASF/thirdparty/freertos/freertos-7.4.2/Source/queue.o
 .text.prvCopyDataFromQueue
                0x00000ca8       0x50 src/ASF/thirdparty/freertos/freertos-7.4.2/Source/queue.o
 .text.prvUnlockQueue
                0x00000cf8       0xc8 src/ASF/thirdparty/freertos/freertos-7.4.2/Source/queue.o
 .text.prvIsQueueEmpty
                0x00000dc0       0x34 src/ASF/thirdparty/freertos/freertos-7.4.2/Source/queue.o
 .text.prvIsQueueFull
                0x00000df4       0x38 src/ASF/thirdparty/freertos/freertos-7.4.2/Source/queue.o
 .text.vQueueWaitForMessageRestricted
                0x00000e2c       0x68 src/ASF/thirdparty/freertos/freertos-7.4.2/Source/queue.o
                0x00000e2c                vQueueWaitForMessageRestricted
 .text.prvNotifyQueueSetContainer
                0x00000e94       0x74 src/ASF/thirdparty/freertos/freertos-7.4.2/Source/queue.o
 .text.xTaskGenericCreate
                0x00000f08      0x1b4 src/ASF/thirdparty/freertos/freertos-7.4.2/Source/tasks.o
                0x00000f08                xTaskGenericCreate
 .text.vTaskDelay
                0x000010bc       0x6c src/ASF/thirdparty/freertos/freertos-7.4.2/Source/tasks.o
                0x000010bc                vTaskDelay
 .text.vTaskStartScheduler
                0x00001128       0x7c src/ASF/thirdparty/freertos/freertos-7.4.2/Source/tasks.o
                0x00001128                vTaskStartScheduler
 .text.vTaskSuspendAll
                0x000011a4       0x18 src/ASF/thirdparty/freertos/freertos-7.4.2/Source/tasks.o
                0x000011a4                vTaskSuspendAll
 .text.xTaskResumeAll
                0x000011bc      0x118 src/ASF/thirdparty/freertos/freertos-7.4.2/Source/tasks.o
                0x000011bc                xTaskResumeAll
 .text.xTaskGetTickCount
                0x000012d4       0x2c src/ASF/thirdparty/freertos/freertos-7.4.2/Source/tasks.o
                0x000012d4                xTaskGetTickCount
 .text.vTaskIncrementTick
                0x00001300      0x144 src/ASF/thirdparty/freertos/freertos-7.4.2/Source/tasks.o
                0x00001300                vTaskIncrementTick
 .text.vTaskSwitchContext
                0x00001444       0x98 src/ASF/thirdparty/freertos/freertos-7.4.2/Source/tasks.o
                0x00001444                vTaskSwitchContext
 .text.vTaskPlaceOnEventList
                0x000014dc       0x80 src/ASF/thirdparty/freertos/freertos-7.4.2/Source/tasks.o
                0x000014dc                vTaskPlaceOnEventList
 .text.vTaskPlaceOnEventListRestricted
                0x0000155c       0x60 src/ASF/thirdparty/freertos/freertos-7.4.2/Source/tasks.o
                0x0000155c                vTaskPlaceOnEventListRestricted
 .text.xTaskRemoveFromEventList
                0x000015bc       0xb8 src/ASF/thirdparty/freertos/freertos-7.4.2/Source/tasks.o
                0x000015bc                xTaskRemoveFromEventList
 .text.vTaskSetTimeOutState
                0x00001674       0x34 src/ASF/thirdparty/freertos/freertos-7.4.2/Source/tasks.o
                0x00001674                vTaskSetTimeOutState
 .text.xTaskCheckForTimeOut
                0x000016a8       0xa8 src/ASF/thirdparty/freertos/freertos-7.4.2/Source/tasks.o
                0x000016a8                xTaskCheckForTimeOut
 .text.vTaskMissedYield
                0x00001750       0x14 src/ASF/thirdparty/freertos/freertos-7.4.2/Source/tasks.o
                0x00001750                vTaskMissedYield
 .text.prvIdleTask
                0x00001764       0x28 src/ASF/thirdparty/freertos/freertos-7.4.2/Source/tasks.o
 .text.prvInitialiseTCBVariables
                0x0000178c       0x74 src/ASF/thirdparty/freertos/freertos-7.4.2/Source/tasks.o
 .text.prvInitialiseTaskLists
                0x00001800       0x8c src/ASF/thirdparty/freertos/freertos-7.4.2/Source/tasks.o
 .text.prvCheckTasksWaitingTermination
                0x0000188c       0x8c src/ASF/thirdparty/freertos/freertos-7.4.2/Source/tasks.o
 .text.prvAddCurrentTaskToDelayedList
                0x00001918       0x70 src/ASF/thirdparty/freertos/freertos-7.4.2/Source/tasks.o
 .text.prvAllocateTCBAndStack
                0x00001988       0x78 src/ASF/thirdparty/freertos/freertos-7.4.2/Source/tasks.o
 .text.prvDeleteTCB
                0x00001a00       0x28 src/ASF/thirdparty/freertos/freertos-7.4.2/Source/tasks.o
 .text.xTaskGetCurrentTaskHandle
                0x00001a28       0x1c src/ASF/thirdparty/freertos/freertos-7.4.2/Source/tasks.o
                0x00001a28                xTaskGetCurrentTaskHandle
 .text.xTaskGetSchedulerState
                0x00001a44       0x38 src/ASF/thirdparty/freertos/freertos-7.4.2/Source/tasks.o
                0x00001a44                xTaskGetSchedulerState
 .text.vTaskPriorityInherit
                0x00001a7c       0xb4 src/ASF/thirdparty/freertos/freertos-7.4.2/Source/tasks.o
                0x00001a7c                vTaskPriorityInherit
 .text.vTaskPriorityDisinherit
                0x00001b30       0x84 src/ASF/thirdparty/freertos/freertos-7.4.2/Source/tasks.o
                0x00001b30                vTaskPriorityDisinherit
 .text.xTimerCreateTimerTask
                0x00001bb4       0x60 src/ASF/thirdparty/freertos/freertos-7.4.2/Source/timers.o
                0x00001bb4                xTimerCreateTimerTask
 .text.xTimerGenericCommand
                0x00001c14       0x9c src/ASF/thirdparty/freertos/freertos-7.4.2/Source/timers.o
                0x00001c14                xTimerGenericCommand
 .text.prvProcessExpiredTimer
                0x00001cb0       0x80 src/ASF/thirdparty/freertos/freertos-7.4.2/Source/timers.o
 .text.prvTimerTask
                0x00001d30       0x34 src/ASF/thirdparty/freertos/freertos-7.4.2/Source/timers.o
 .text.prvProcessTimerOrBlockTask
                0x00001d64       0x88 src/ASF/thirdparty/freertos/freertos-7.4.2/Source/timers.o
 .text.prvGetNextExpireTime
                0x00001dec       0x40 src/ASF/thirdparty/freertos/freertos-7.4.2/Source/timers.o
 .text.prvSampleTimeNow
                0x00001e2c       0x50 src/ASF/thirdparty/freertos/freertos-7.4.2/Source/timers.o
 .text.prvInsertTimerInActiveList
                0x00001e7c       0x88 src/ASF/thirdparty/freertos/freertos-7.4.2/Source/timers.o
 .text.prvProcessReceivedCommands
                0x00001f04      0x114 src/ASF/thirdparty/freertos/freertos-7.4.2/Source/timers.o
 .text.prvSwitchTimerLists
                0x00002018       0xc4 src/ASF/thirdparty/freertos/freertos-7.4.2/Source/timers.o
 .text.prvCheckForValidListAndQueue
                0x000020dc       0x6c src/ASF/thirdparty/freertos/freertos-7.4.2/Source/timers.o
 .text.system_pinmux_get_group_from_gpio_pin
                0x00002148       0x60 src/custom_pin_map.o
 .text.port_get_group_from_gpio_pin
                0x000021a8       0x24 src/custom_pin_map.o
 .text.port_get_config_defaults
                0x000021cc       0x22 src/custom_pin_map.o
 *fill*         0x000021ee        0x2 
 .text.port_pin_set_output_level
                0x000021f0       0x54 src/custom_pin_map.o
 .text.pin_configure
                0x00002244       0x90 src/custom_pin_map.o
                0x00002244                pin_configure
 .text.cpu_irq_enter_critical
                0x000022d4       0x54 src/ASF/common/utils/interrupt/interrupt_sam_nvic.o
                0x000022d4                cpu_irq_enter_critical
 .text.cpu_irq_leave_critical
                0x00002328       0x40 src/ASF/common/utils/interrupt/interrupt_sam_nvic.o
                0x00002328                cpu_irq_leave_critical
 .text.system_pinmux_get_group_from_gpio_pin
                0x00002368       0x60 src/ASF/sam0/boards/samd21_xplained_pro/board_init.o
 .text.port_get_group_from_gpio_pin
                0x000023c8       0x24 src/ASF/sam0/boards/samd21_xplained_pro/board_init.o
 .text.port_get_config_defaults
                0x000023ec       0x22 src/ASF/sam0/boards/samd21_xplained_pro/board_init.o
 *fill*         0x0000240e        0x2 
 .text.port_pin_set_output_level
                0x00002410       0x54 src/ASF/sam0/boards/samd21_xplained_pro/board_init.o
 .text.system_board_init
                0x00002464       0x50 src/ASF/sam0/boards/samd21_xplained_pro/board_init.o
                0x00002464                board_init
                0x00002464                system_board_init
 .text.system_gclk_chan_get_config_defaults
                0x000024b4       0x16 src/ASF/sam0/drivers/adc/adc_sam_d_r_h/adc.o
 *fill*         0x000024ca        0x2 
 .text.system_apb_clock_set_mask
                0x000024cc       0x5c src/ASF/sam0/drivers/adc/adc_sam_d_r_h/adc.o
 .text.system_pinmux_get_config_defaults
                0x00002528       0x28 src/ASF/sam0/drivers/adc/adc_sam_d_r_h/adc.o
 .text.system_voltage_reference_enable
                0x00002550       0x40 src/ASF/sam0/drivers/adc/adc_sam_d_r_h/adc.o
 .text.adc_is_syncing
                0x00002590       0x28 src/ASF/sam0/drivers/adc/adc_sam_d_r_h/adc.o
 .text.adc_get_config_defaults
                0x000025b8       0xaa src/ASF/sam0/drivers/adc/adc_sam_d_r_h/adc.o
                0x000025b8                adc_get_config_defaults
 *fill*         0x00002662        0x2 
 .text._adc_configure_ain_pin
                0x00002664       0x78 src/ASF/sam0/drivers/adc/adc_sam_d_r_h/adc.o
 .text._adc_set_config
                0x000026dc      0x52c src/ASF/sam0/drivers/adc/adc_sam_d_r_h/adc.o
 .text.adc_init
                0x00002c08       0xf4 src/ASF/sam0/drivers/adc/adc_sam_d_r_h/adc.o
                0x00002c08                adc_init
 .text.adc_is_syncing
                0x00002cfc       0x28 src/ASF/sam0/drivers/adc/adc_sam_d_r_h/adc_callback.o
 .text.adc_start_conversion
                0x00002d24       0x48 src/ASF/sam0/drivers/adc/adc_sam_d_r_h/adc_callback.o
 .text.adc_disable_interrupt
                0x00002d6c       0x24 src/ASF/sam0/drivers/adc/adc_sam_d_r_h/adc_callback.o
 .text._adc_interrupt_handler
                0x00002d90      0x140 src/ASF/sam0/drivers/adc/adc_sam_d_r_h/adc_callback.o
 .text.ADC_Handler
                0x00002ed0       0x14 src/ASF/sam0/drivers/adc/adc_sam_d_r_h/adc_callback.o
                0x00002ed0                ADC_Handler
 .text.system_pinmux_get_config_defaults
                0x00002ee4       0x28 src/ASF/sam0/drivers/port/port.o
 .text.port_pin_set_config
                0x00002f0c       0x60 src/ASF/sam0/drivers/port/port.o
                0x00002f0c                port_pin_set_config
 .text.system_gclk_chan_get_config_defaults
                0x00002f6c       0x16 src/ASF/sam0/drivers/rtc/rtc_sam_d_r_h/rtc_count.o
 *fill*         0x00002f82        0x2 
 .text.system_apb_clock_set_mask
                0x00002f84       0x5c src/ASF/sam0/drivers/rtc/rtc_sam_d_r_h/rtc_count.o
 .text.system_interrupt_enable
                0x00002fe0       0x2c src/ASF/sam0/drivers/rtc/rtc_sam_d_r_h/rtc_count.o
 .text.system_interrupt_disable
                0x0000300c       0x30 src/ASF/sam0/drivers/rtc/rtc_sam_d_r_h/rtc_count.o
 .text.rtc_count_is_syncing
                0x0000303c       0x28 src/ASF/sam0/drivers/rtc/rtc_sam_d_r_h/rtc_count.o
 .text.rtc_count_enable
                0x00003064       0x44 src/ASF/sam0/drivers/rtc/rtc_sam_d_r_h/rtc_count.o
                0x00003064                rtc_count_enable
 .text.rtc_count_disable
                0x000030a8       0x50 src/ASF/sam0/drivers/rtc/rtc_sam_d_r_h/rtc_count.o
                0x000030a8                rtc_count_disable
 .text.rtc_count_reset
                0x000030f8       0x50 src/ASF/sam0/drivers/rtc/rtc_sam_d_r_h/rtc_count.o
                0x000030f8                rtc_count_reset
 .text._rtc_count_set_config
                0x00003148      0x144 src/ASF/sam0/drivers/rtc/rtc_sam_d_r_h/rtc_count.o
 .text.rtc_count_init
                0x0000328c       0x90 src/ASF/sam0/drivers/rtc/rtc_sam_d_r_h/rtc_count.o
                0x0000328c                rtc_count_init
 .text.rtc_count_set_count
                0x0000331c       0x60 src/ASF/sam0/drivers/rtc/rtc_sam_d_r_h/rtc_count.o
                0x0000331c                rtc_count_set_count
 .text.rtc_count_set_compare
                0x0000337c       0x8c src/ASF/sam0/drivers/rtc/rtc_sam_d_r_h/rtc_count.o
                0x0000337c                rtc_count_set_compare
 .text.rtc_count_register_callback
                0x00003408       0xac src/ASF/sam0/drivers/rtc/rtc_sam_d_r_h/rtc_count_interrupt.o
                0x00003408                rtc_count_register_callback
 .text.rtc_count_enable_callback
                0x000034b4       0x60 src/ASF/sam0/drivers/rtc/rtc_sam_d_r_h/rtc_count_interrupt.o
                0x000034b4                rtc_count_enable_callback
 .text._rtc_interrupt_handler
                0x00003514       0xd4 src/ASF/sam0/drivers/rtc/rtc_sam_d_r_h/rtc_count_interrupt.o
 .text.RTC_Handler
                0x000035e8       0x14 src/ASF/sam0/drivers/rtc/rtc_sam_d_r_h/rtc_count_interrupt.o
                0x000035e8                RTC_Handler
 .text.system_gclk_chan_get_config_defaults
                0x000035fc       0x16 src/ASF/sam0/drivers/sercom/sercom.o
 .text.long_division
                0x00003612       0xe0 src/ASF/sam0/drivers/sercom/sercom.o
 .text._sercom_get_sync_baud_val
                0x000036f2       0x7c src/ASF/sam0/drivers/sercom/sercom.o
                0x000036f2                _sercom_get_sync_baud_val
 *fill*         0x0000376e        0x2 
 .text._sercom_get_async_baud_val
                0x00003770      0x1c0 src/ASF/sam0/drivers/sercom/sercom.o
                0x00003770                _sercom_get_async_baud_val
 .text.sercom_set_gclk_generator
                0x00003930       0x8c src/ASF/sam0/drivers/sercom/sercom.o
                0x00003930                sercom_set_gclk_generator
 .text._sercom_get_default_pad
                0x000039bc      0x1bc src/ASF/sam0/drivers/sercom/sercom.o
                0x000039bc                _sercom_get_default_pad
 .text._sercom_get_sercom_inst_index
                0x00003b78       0x50 src/ASF/sam0/drivers/sercom/sercom.o
                0x00003b78                _sercom_get_sercom_inst_index
 .text._sercom_default_handler
                0x00003bc8       0x14 src/ASF/sam0/drivers/sercom/sercom_interrupt.o
 .text._sercom_set_handler
                0x00003bdc       0x6c src/ASF/sam0/drivers/sercom/sercom_interrupt.o
                0x00003bdc                _sercom_set_handler
 .text._sercom_get_interrupt_vector
                0x00003c48       0x44 src/ASF/sam0/drivers/sercom/sercom_interrupt.o
                0x00003c48                _sercom_get_interrupt_vector
 .text.SERCOM0_Handler
                0x00003c8c       0x18 src/ASF/sam0/drivers/sercom/sercom_interrupt.o
                0x00003c8c                SERCOM0_Handler
 .text.SERCOM1_Handler
                0x00003ca4       0x18 src/ASF/sam0/drivers/sercom/sercom_interrupt.o
                0x00003ca4                SERCOM1_Handler
 .text.SERCOM2_Handler
                0x00003cbc       0x18 src/ASF/sam0/drivers/sercom/sercom_interrupt.o
                0x00003cbc                SERCOM2_Handler
 .text.SERCOM3_Handler
                0x00003cd4       0x18 src/ASF/sam0/drivers/sercom/sercom_interrupt.o
                0x00003cd4                SERCOM3_Handler
 .text.SERCOM4_Handler
                0x00003cec       0x18 src/ASF/sam0/drivers/sercom/sercom_interrupt.o
                0x00003cec                SERCOM4_Handler
 .text.SERCOM5_Handler
                0x00003d04       0x18 src/ASF/sam0/drivers/sercom/sercom_interrupt.o
                0x00003d04                SERCOM5_Handler
 .text.system_gclk_chan_get_config_defaults
                0x00003d1c       0x16 src/ASF/sam0/drivers/sercom/usart/usart.o
 *fill*         0x00003d32        0x2 
 .text.system_apb_clock_set_mask
                0x00003d34       0x5c src/ASF/sam0/drivers/sercom/usart/usart.o
 .text.system_pinmux_get_config_defaults
                0x00003d90       0x28 src/ASF/sam0/drivers/sercom/usart/usart.o
 .text.system_is_debugger_present
                0x00003db8       0x20 src/ASF/sam0/drivers/sercom/usart/usart.o
 .text.usart_is_syncing
                0x00003dd8       0x20 src/ASF/sam0/drivers/sercom/usart/usart.o
 .text._usart_wait_for_sync
                0x00003df8       0x24 src/ASF/sam0/drivers/sercom/usart/usart.o
 .text._usart_set_config
                0x00003e1c      0x2d4 src/ASF/sam0/drivers/sercom/usart/usart.o
 .text.usart_init
                0x000040f0      0x274 src/ASF/sam0/drivers/sercom/usart/usart.o
                0x000040f0                usart_init
 .text.usart_write_wait
                0x00004364       0x56 src/ASF/sam0/drivers/sercom/usart/usart.o
                0x00004364                usart_write_wait
 *fill*         0x000043ba        0x2 
 .text.system_interrupt_enter_critical_section
                0x000043bc       0x14 src/ASF/sam0/drivers/sercom/usart/usart_interrupt.o
 .text.system_interrupt_leave_critical_section
                0x000043d0       0x14 src/ASF/sam0/drivers/sercom/usart/usart_interrupt.o
 .text.usart_is_syncing
                0x000043e4       0x20 src/ASF/sam0/drivers/sercom/usart/usart_interrupt.o
 .text._usart_wait_for_sync
                0x00004404       0x24 src/ASF/sam0/drivers/sercom/usart/usart_interrupt.o
 .text._usart_read_buffer
                0x00004428       0x78 src/ASF/sam0/drivers/sercom/usart/usart_interrupt.o
                0x00004428                _usart_read_buffer
 .text.usart_register_callback
                0x000044a0       0x48 src/ASF/sam0/drivers/sercom/usart/usart_interrupt.o
                0x000044a0                usart_register_callback
 .text.usart_read_buffer_job
                0x000044e8       0x48 src/ASF/sam0/drivers/sercom/usart/usart_interrupt.o
                0x000044e8                usart_read_buffer_job
 .text._usart_interrupt_handler
                0x00004530      0x340 src/ASF/sam0/drivers/sercom/usart/usart_interrupt.o
                0x00004530                _usart_interrupt_handler
 .text.system_gclk_gen_get_config_defaults
                0x00004870       0x2e src/ASF/sam0/drivers/system/clock/clock_samd21_r21_da_ha1/clock.o
 .text.system_clock_source_xosc32k_get_config_defaults
                0x0000489e       0x48 src/ASF/sam0/drivers/system/clock/clock_samd21_r21_da_ha1/clock.o
 .text.system_clock_source_osc32k_get_config_defaults
                0x000048e6       0x34 src/ASF/sam0/drivers/system/clock/clock_samd21_r21_da_ha1/clock.o
 .text.system_clock_source_osc8m_get_config_defaults
                0x0000491a       0x22 src/ASF/sam0/drivers/system/clock/clock_samd21_r21_da_ha1/clock.o
 .text.system_cpu_clock_set_divider
                0x0000493c       0x20 src/ASF/sam0/drivers/system/clock/clock_samd21_r21_da_ha1/clock.o
 .text.system_apb_clock_set_divider
                0x0000495c       0x54 src/ASF/sam0/drivers/system/clock/clock_samd21_r21_da_ha1/clock.o
 .text.system_flash_set_waitstates
                0x000049b0       0x34 src/ASF/sam0/drivers/system/clock/clock_samd21_r21_da_ha1/clock.o
 .text._system_dfll_wait_for_sync
                0x000049e4       0x1c src/ASF/sam0/drivers/system/clock/clock_samd21_r21_da_ha1/clock.o
 .text._system_clock_source_dfll_set_config_errata_9905
                0x00004a00       0x44 src/ASF/sam0/drivers/system/clock/clock_samd21_r21_da_ha1/clock.o
 .text.system_clock_source_get_hz
                0x00004a44       0xc0 src/ASF/sam0/drivers/system/clock/clock_samd21_r21_da_ha1/clock.o
                0x00004a44                system_clock_source_get_hz
 .text.system_clock_source_osc8m_set_config
                0x00004b04       0x78 src/ASF/sam0/drivers/system/clock/clock_samd21_r21_da_ha1/clock.o
                0x00004b04                system_clock_source_osc8m_set_config
 .text.system_clock_source_osc32k_set_config
                0x00004b7c       0xcc src/ASF/sam0/drivers/system/clock/clock_samd21_r21_da_ha1/clock.o
                0x00004b7c                system_clock_source_osc32k_set_config
 .text.system_clock_source_xosc32k_set_config
                0x00004c48      0x120 src/ASF/sam0/drivers/system/clock/clock_samd21_r21_da_ha1/clock.o
                0x00004c48                system_clock_source_xosc32k_set_config
 .text.system_clock_source_enable
                0x00004d68       0xac src/ASF/sam0/drivers/system/clock/clock_samd21_r21_da_ha1/clock.o
                0x00004d68                system_clock_source_enable
 .text.system_clock_source_is_ready
                0x00004e14       0x84 src/ASF/sam0/drivers/system/clock/clock_samd21_r21_da_ha1/clock.o
                0x00004e14                system_clock_source_is_ready
 .text._switch_peripheral_gclk
                0x00004e98       0x38 src/ASF/sam0/drivers/system/clock/clock_samd21_r21_da_ha1/clock.o
 .text.system_clock_init
                0x00004ed0      0x20c src/ASF/sam0/drivers/system/clock/clock_samd21_r21_da_ha1/clock.o
                0x00004ed0                system_clock_init
 .text.system_apb_clock_set_mask
                0x000050dc       0x5c src/ASF/sam0/drivers/system/clock/clock_samd21_r21_da_ha1/gclk.o
 .text.system_interrupt_enter_critical_section
                0x00005138       0x14 src/ASF/sam0/drivers/system/clock/clock_samd21_r21_da_ha1/gclk.o
 .text.system_interrupt_leave_critical_section
                0x0000514c       0x14 src/ASF/sam0/drivers/system/clock/clock_samd21_r21_da_ha1/gclk.o
 .text.system_gclk_is_syncing
                0x00005160       0x20 src/ASF/sam0/drivers/system/clock/clock_samd21_r21_da_ha1/gclk.o
 .text.system_gclk_init
                0x00005180       0x30 src/ASF/sam0/drivers/system/clock/clock_samd21_r21_da_ha1/gclk.o
                0x00005180                system_gclk_init
 .text.system_gclk_gen_set_config
                0x000051b0      0x124 src/ASF/sam0/drivers/system/clock/clock_samd21_r21_da_ha1/gclk.o
                0x000051b0                system_gclk_gen_set_config
 .text.system_gclk_gen_enable
                0x000052d4       0x5c src/ASF/sam0/drivers/system/clock/clock_samd21_r21_da_ha1/gclk.o
                0x000052d4                system_gclk_gen_enable
 .text.system_gclk_gen_get_hz
                0x00005330       0xd8 src/ASF/sam0/drivers/system/clock/clock_samd21_r21_da_ha1/gclk.o
                0x00005330                system_gclk_gen_get_hz
 .text.system_gclk_chan_set_config
                0x00005408       0x44 src/ASF/sam0/drivers/system/clock/clock_samd21_r21_da_ha1/gclk.o
                0x00005408                system_gclk_chan_set_config
 .text.system_gclk_chan_enable
                0x0000544c       0x48 src/ASF/sam0/drivers/system/clock/clock_samd21_r21_da_ha1/gclk.o
                0x0000544c                system_gclk_chan_enable
 .text.system_gclk_chan_disable
                0x00005494       0x98 src/ASF/sam0/drivers/system/clock/clock_samd21_r21_da_ha1/gclk.o
                0x00005494                system_gclk_chan_disable
 .text.system_gclk_chan_get_hz
                0x0000552c       0x58 src/ASF/sam0/drivers/system/clock/clock_samd21_r21_da_ha1/gclk.o
                0x0000552c                system_gclk_chan_get_hz
 .text.system_pinmux_get_group_from_gpio_pin
                0x00005584       0x60 src/ASF/sam0/drivers/system/pinmux/pinmux.o
 .text._system_pinmux_config
                0x000055e4      0x110 src/ASF/sam0/drivers/system/pinmux/pinmux.o
 .text.system_pinmux_pin_set_config
                0x000056f4       0x48 src/ASF/sam0/drivers/system/pinmux/pinmux.o
                0x000056f4                system_pinmux_pin_set_config
 .text._system_dummy_init
                0x0000573c        0xa src/ASF/sam0/drivers/system/system.o
                0x0000573c                _system_extint_init
                0x0000573c                _system_events_init
                0x0000573c                _system_dummy_init
                0x0000573c                _system_divas_init
 *fill*         0x00005746        0x2 
 .text.system_init
                0x00005748       0x34 src/ASF/sam0/drivers/system/system.o
                0x00005748                system_init
 .text.TCC0_Handler
                0x0000577c       0x14 src/ASF/sam0/drivers/tcc/tcc_callback.o
                0x0000577c                TCC0_Handler
 .text.TCC1_Handler
                0x00005790       0x14 src/ASF/sam0/drivers/tcc/tcc_callback.o
                0x00005790                TCC1_Handler
 .text.TCC2_Handler
                0x000057a4       0x14 src/ASF/sam0/drivers/tcc/tcc_callback.o
                0x000057a4                TCC2_Handler
 .text._tcc_interrupt_handler
                0x000057b8       0x7c src/ASF/sam0/drivers/tcc/tcc_callback.o
                0x000057b8                _tcc_interrupt_handler
 .text.TC3_Handler
                0x00005834       0x14 src/ASF/sam0/drivers/tc/tc_interrupt.o
                0x00005834                TC3_Handler
 .text.TC4_Handler
                0x00005848       0x14 src/ASF/sam0/drivers/tc/tc_interrupt.o
                0x00005848                TC4_Handler
 .text.TC5_Handler
                0x0000585c       0x14 src/ASF/sam0/drivers/tc/tc_interrupt.o
                0x0000585c                TC5_Handler
 .text.TC6_Handler
                0x00005870       0x14 src/ASF/sam0/drivers/tc/tc_interrupt.o
                0x00005870                TC6_Handler
 .text.TC7_Handler
                0x00005884       0x14 src/ASF/sam0/drivers/tc/tc_interrupt.o
                0x00005884                TC7_Handler
 .text._tc_interrupt_handler
                0x00005898       0xb8 src/ASF/sam0/drivers/tc/tc_interrupt.o
                0x00005898                _tc_interrupt_handler
 .text.Reset_Handler
                0x00005950       0xf8 src/ASF/sam0/utils/cmsis/samd21/source/gcc/startup_samd21.o
                0x00005950                Reset_Handler
 .text.Dummy_Handler
                0x00005a48       0x18 src/ASF/sam0/utils/cmsis/samd21/source/gcc/startup_samd21.o
                0x00005a48                HardFault_Handler
                0x00005a48                AC_Handler
                0x00005a48                NMI_Handler
                0x00005a48                EIC_Handler
                0x00005a48                WDT_Handler
                0x00005a48                USB_Handler
                0x00005a48                Dummy_Handler
                0x00005a48                PM_Handler
                0x00005a48                EVSYS_Handler
                0x00005a48                I2S_Handler
                0x00005a48                NVMCTRL_Handler
                0x00005a48                DAC_Handler
                0x00005a48                PTC_Handler
                0x00005a48                SYSCTRL_Handler
 .text.system_pinmux_get_group_from_gpio_pin
                0x00005a60       0x60 src/ADC_4_Channel.o
 .text.system_interrupt_enable
                0x00005ac0       0x2c src/ADC_4_Channel.o
 .text.adc_is_syncing
                0x00005aec       0x28 src/ADC_4_Channel.o
 .text.adc_get_status
                0x00005b14       0x54 src/ADC_4_Channel.o
 .text.adc_clear_status
                0x00005b68       0x54 src/ADC_4_Channel.o
 .text.adc_enable
                0x00005bbc       0x60 src/ADC_4_Channel.o
 .text.adc_start_conversion
                0x00005c1c       0x48 src/ADC_4_Channel.o
 .text.adc_read
                0x00005c64       0x7c src/ADC_4_Channel.o
 .text.port_get_group_from_gpio_pin
                0x00005ce0       0x24 src/ADC_4_Channel.o
 .text.port_pin_set_output_level
                0x00005d04       0x54 src/ADC_4_Channel.o
 .text.config_adc_func
                0x00005d58       0x84 src/ADC_4_Channel.o
                0x00005d58                config_adc_func
 .text.sensor_on
                0x00005ddc       0x30 src/ADC_4_Channel.o
                0x00005ddc                sensor_on
 .text.sensor_off
                0x00005e0c       0x30 src/ADC_4_Channel.o
                0x00005e0c                sensor_off
 .text.get_sen_data
                0x00005e3c       0xa0 src/ADC_4_Channel.o
                0x00005e3c                get_sen_data
 .text.system_pinmux_get_group_from_gpio_pin
                0x00005edc       0x60 src/main.o
 .text.system_interrupt_enable_global
                0x00005f3c       0x1c src/main.o
 .text.system_interrupt_enable
                0x00005f58       0x2c src/main.o
 .text.port_get_group_from_gpio_pin
                0x00005f84       0x24 src/main.o
 .text.port_pin_set_output_level
                0x00005fa8       0x54 src/main.o
 .text.rtc_count_get_config_defaults
                0x00005ffc       0x5c src/main.o
 .text.usart_is_syncing
                0x00006058       0x20 src/main.o
 .text._usart_wait_for_sync
                0x00006078       0x24 src/main.o
 .text.usart_get_config_defaults
                0x0000609c       0xc0 src/main.o
 .text.usart_enable
                0x0000615c       0x48 src/main.o
 .text.usart_enable_callback
                0x000061a4       0x36 src/main.o
 *fill*         0x000061da        0x2 
 .text.task1    0x000061dc      0x1e8 src/main.o
 .text.task2    0x000063c4       0x90 src/main.o
 .text.main     0x00006454       0xb4 src/main.o
                0x00006454                main
 .text.actuator_set
                0x00006508       0x64 src/main.o
                0x00006508                actuator_set
 .text.act_info_set
                0x0000656c       0x74 src/main.o
                0x0000656c                act_info_set
 .text.feedback_param_init
                0x000065e0       0xa4 src/main.o
                0x000065e0                feedback_param_init
 .text.configure_rtc_count
                0x00006684       0x54 src/main.o
                0x00006684                configure_rtc_count
 .text.configure_rtc_callbacks
                0x000066d8       0x30 src/main.o
                0x000066d8                configure_rtc_callbacks
 .text.rtc_overflow_callback
                0x00006708      0x1d8 src/main.o
                0x00006708                rtc_overflow_callback
 .text.rtc_routine
                0x000068e0      0x3c0 src/main.o
                0x000068e0                rtc_routine
 .text.req_routine
                0x00006ca0       0xe8 src/main.o
                0x00006ca0                req_routine
 .text.configure_usart
                0x00006d88       0x84 src/main.o
                0x00006d88                configure_usart
 .text.configure_usart_callbakcs
                0x00006e0c       0x4c src/main.o
                0x00006e0c                configure_usart_callbakcs
 .text.usart_read_callback
                0x00006e58       0x30 src/main.o
                0x00006e58                usart_read_callback
 .text.usart_write_callback
                0x00006e88       0x10 src/main.o
                0x00006e88                usart_write_callback
 .text.usart_read_char_static
                0x00006e98       0xb0 src/main.o
                0x00006e98                usart_read_char_static
 .text.cmd_func
                0x00006f48      0x594 src/main.o
                0x00006f48                cmd_func
 .text.endian_trans
                0x000074dc       0xf6 src/main.o
                0x000074dc                endian_trans
 *fill*         0x000075d2        0x2 
 .text.sensor_data_send
                0x000075d4      0x104 src/main.o
                0x000075d4                sensor_data_send
 .text          0x000076d8      0x114 c:/program files (x86)/atmel/studio/7.0/toolchain/arm/arm-gnu-toolchain/bin/../lib/gcc/arm-none-eabi/6.3.1/thumb/v6-m\libgcc.a(_udivsi3.o)
                0x000076d8                __aeabi_uidiv
                0x000076d8                __udivsi3
                0x000077e4                __aeabi_uidivmod
 .text          0x000077ec      0x1d4 c:/program files (x86)/atmel/studio/7.0/toolchain/arm/arm-gnu-toolchain/bin/../lib/gcc/arm-none-eabi/6.3.1/thumb/v6-m\libgcc.a(_divsi3.o)
                0x000077ec                __divsi3
                0x000077ec                __aeabi_idiv
                0x000079b8                __aeabi_idivmod
 .text          0x000079c0        0x4 c:/program files (x86)/atmel/studio/7.0/toolchain/arm/arm-gnu-toolchain/bin/../lib/gcc/arm-none-eabi/6.3.1/thumb/v6-m\libgcc.a(_dvmd_tls.o)
                0x000079c0                __aeabi_idiv0
                0x000079c0                __aeabi_ldiv0
 .text          0x000079c4       0x7c c:/program files (x86)/atmel/studio/7.0/toolchain/arm/arm-gnu-toolchain/bin/../lib/gcc/arm-none-eabi/6.3.1/thumb/v6-m\libgcc.a(_arm_cmpdf2.o)
                0x000079c4                __aeabi_cdrcmple
                0x000079d4                __aeabi_cdcmple
                0x000079d4                __aeabi_cdcmpeq
                0x000079e4                __aeabi_dcmpeq
                0x000079f0                __aeabi_dcmplt
                0x00007a04                __aeabi_dcmple
                0x00007a18                __aeabi_dcmpgt
                0x00007a2c                __aeabi_dcmpge
 .text          0x00007a40       0x54 c:/program files (x86)/atmel/studio/7.0/toolchain/arm/arm-gnu-toolchain/bin/../lib/gcc/arm-none-eabi/6.3.1/thumb/v6-m\libgcc.a(_muldi3.o)
                0x00007a40                __muldi3
                0x00007a40                __aeabi_lmul
 .text          0x00007a94       0x74 c:/program files (x86)/atmel/studio/7.0/toolchain/arm/arm-gnu-toolchain/bin/../lib/gcc/arm-none-eabi/6.3.1/thumb/v6-m\libgcc.a(eqdf2.o)
                0x00007a94                __nedf2
                0x00007a94                __eqdf2
 .text          0x00007b08       0xc8 c:/program files (x86)/atmel/studio/7.0/toolchain/arm/arm-gnu-toolchain/bin/../lib/gcc/arm-none-eabi/6.3.1/thumb/v6-m\libgcc.a(gedf2.o)
                0x00007b08                __gedf2
                0x00007b08                __gtdf2
 .text          0x00007bd0       0xc4 c:/program files (x86)/atmel/studio/7.0/toolchain/arm/arm-gnu-toolchain/bin/../lib/gcc/arm-none-eabi/6.3.1/thumb/v6-m\libgcc.a(ledf2.o)
                0x00007bd0                __ledf2
                0x00007bd0                __ltdf2
 .text          0x00007c94      0x500 c:/program files (x86)/atmel/studio/7.0/toolchain/arm/arm-gnu-toolchain/bin/../lib/gcc/arm-none-eabi/6.3.1/thumb/v6-m\libgcc.a(muldf3.o)
                0x00007c94                __aeabi_dmul
 .text          0x00008194       0x84 c:/program files (x86)/atmel/studio/7.0/toolchain/arm/arm-gnu-toolchain/bin/../lib/gcc/arm-none-eabi/6.3.1/thumb/v6-m\libgcc.a(floatsidf.o)
                0x00008194                __aeabi_i2d
 .text          0x00008218       0x3c c:/program files (x86)/atmel/studio/7.0/toolchain/arm/arm-gnu-toolchain/bin/../lib/gcc/arm-none-eabi/6.3.1/thumb/v6-m\libgcc.a(_clzsi2.o)
                0x00008218                __clzsi2
 .text.__libc_init_array
                0x00008254       0x48 c:/program files (x86)/atmel/studio/7.0/toolchain/arm/arm-gnu-toolchain/bin/../lib/gcc/arm-none-eabi/6.3.1/../../../../arm-none-eabi/lib/thumb/v6-m\libc_nano.a(lib_a-init.o)
                0x00008254                __libc_init_array
 .text.memcpy   0x0000829c       0x12 c:/program files (x86)/atmel/studio/7.0/toolchain/arm/arm-gnu-toolchain/bin/../lib/gcc/arm-none-eabi/6.3.1/../../../../arm-none-eabi/lib/thumb/v6-m\libc_nano.a(lib_a-memcpy-stub.o)
                0x0000829c                memcpy
 .text.memset   0x000082ae       0x10 c:/program files (x86)/atmel/studio/7.0/toolchain/arm/arm-gnu-toolchain/bin/../lib/gcc/arm-none-eabi/6.3.1/../../../../arm-none-eabi/lib/thumb/v6-m\libc_nano.a(lib_a-memset.o)
                0x000082ae                memset
 .text.strncpy  0x000082be       0x2a c:/program files (x86)/atmel/studio/7.0/toolchain/arm/arm-gnu-toolchain/bin/../lib/gcc/arm-none-eabi/6.3.1/../../../../arm-none-eabi/lib/thumb/v6-m\libc_nano.a(lib_a-strncpy.o)
                0x000082be                strncpy
 *(.glue_7t)
 .glue_7t       0x000082e8        0x0 linker stubs
 *(.glue_7)
 .glue_7        0x000082e8        0x0 linker stubs
 *(.rodata .rodata* .gnu.linkonce.r.*)
 .rodata        0x000082e8        0x5 src/ASF/thirdparty/freertos/freertos-7.4.2/Source/tasks.o
 *fill*         0x000082ed        0x3 
 .rodata        0x000082f0        0x8 src/ASF/thirdparty/freertos/freertos-7.4.2/Source/timers.o
 .rodata        0x000082f8       0x50 src/ASF/sam0/drivers/adc/adc_sam_d_r_h/adc.o
 .rodata._adc_set_config
                0x00008348       0xd4 src/ASF/sam0/drivers/adc/adc_sam_d_r_h/adc.o
 .rodata        0x0000841c       0x18 src/ASF/sam0/drivers/sercom/sercom.o
 .rodata        0x00008434        0x6 src/ASF/sam0/drivers/sercom/sercom_interrupt.o
 *fill*         0x0000843a        0x2 
 .rodata.system_clock_source_get_hz
                0x0000843c       0x24 src/ASF/sam0/drivers/system/clock/clock_samd21_r21_da_ha1/clock.o
 .rodata.system_clock_source_enable
                0x00008460       0x24 src/ASF/sam0/drivers/system/clock/clock_samd21_r21_da_ha1/clock.o
 .rodata.system_clock_source_is_ready
                0x00008484       0x24 src/ASF/sam0/drivers/system/clock/clock_samd21_r21_da_ha1/clock.o
 .rodata._tcc_intflag
                0x000084a8       0x30 src/ASF/sam0/drivers/tcc/tcc_callback.o
                0x000084a8                _tcc_intflag
 .rodata.task1  0x000084d8       0x28 src/main.o
 .rodata        0x00008500        0xf src/main.o
 *fill*         0x0000850f        0x1 
 .rodata.cmd_func
                0x00008510       0x30 src/main.o
 .rodata        0x00008540       0x40 c:/program files (x86)/atmel/studio/7.0/toolchain/arm/arm-gnu-toolchain/bin/../lib/gcc/arm-none-eabi/6.3.1/thumb/v6-m\libgcc.a(muldf3.o)
 *(.ARM.extab* .gnu.linkonce.armextab.*)
                0x00008580                . = ALIGN (0x4)
 *(.init)
 .init          0x00008580        0x4 c:/program files (x86)/atmel/studio/7.0/toolchain/arm/arm-gnu-toolchain/bin/../lib/gcc/arm-none-eabi/6.3.1/thumb/v6-m/crti.o
                0x00008580                _init
 .init          0x00008584        0x8 c:/program files (x86)/atmel/studio/7.0/toolchain/arm/arm-gnu-toolchain/bin/../lib/gcc/arm-none-eabi/6.3.1/thumb/v6-m/crtn.o
                0x0000858c                . = ALIGN (0x4)
                0x0000858c                __preinit_array_start = .
 *(.preinit_array)
                0x0000858c                __preinit_array_end = .
                0x0000858c                . = ALIGN (0x4)
                0x0000858c                __init_array_start = .
 *(SORT(.init_array.*))
 *(.init_array)
 .init_array    0x0000858c        0x4 c:/program files (x86)/atmel/studio/7.0/toolchain/arm/arm-gnu-toolchain/bin/../lib/gcc/arm-none-eabi/6.3.1/thumb/v6-m/crtbegin.o
                0x00008590                __init_array_end = .
                0x00008590                . = ALIGN (0x4)
 *crtbegin.o(.ctors)
 *(EXCLUDE_FILE(*crtend.o) .ctors)
 *(SORT(.ctors.*))
 *crtend.o(.ctors)
                0x00008590                . = ALIGN (0x4)
 *(.fini)
 .fini          0x00008590        0x4 c:/program files (x86)/atmel/studio/7.0/toolchain/arm/arm-gnu-toolchain/bin/../lib/gcc/arm-none-eabi/6.3.1/thumb/v6-m/crti.o
                0x00008590                _fini
 .fini          0x00008594        0x8 c:/program files (x86)/atmel/studio/7.0/toolchain/arm/arm-gnu-toolchain/bin/../lib/gcc/arm-none-eabi/6.3.1/thumb/v6-m/crtn.o
                0x0000859c                . = ALIGN (0x4)
                0x0000859c                __fini_array_start = .
 *(.fini_array)
 .fini_array    0x0000859c        0x4 c:/program files (x86)/atmel/studio/7.0/toolchain/arm/arm-gnu-toolchain/bin/../lib/gcc/arm-none-eabi/6.3.1/thumb/v6-m/crtbegin.o
 *(SORT(.fini_array.*))
                0x000085a0                __fini_array_end = .
 *crtbegin.o(.dtors)
 *(EXCLUDE_FILE(*crtend.o) .dtors)
 *(SORT(.dtors.*))
 *crtend.o(.dtors)
                0x000085a0                . = ALIGN (0x4)
                0x000085a0                _efixed = .
                [!provide]                PROVIDE (__exidx_start, .)

.vfp11_veneer   0x000085a0        0x0
 .vfp11_veneer  0x000085a0        0x0 linker stubs

.v4_bx          0x000085a0        0x0
 .v4_bx         0x000085a0        0x0 linker stubs

.iplt           0x000085a0        0x0
 .iplt          0x000085a0        0x0 c:/program files (x86)/atmel/studio/7.0/toolchain/arm/arm-gnu-toolchain/bin/../lib/gcc/arm-none-eabi/6.3.1/thumb/v6-m/crtbegin.o

.eh_frame       0x000085a0        0x0
 .eh_frame      0x000085a0        0x0 c:/program files (x86)/atmel/studio/7.0/toolchain/arm/arm-gnu-toolchain/bin/../lib/gcc/arm-none-eabi/6.3.1/thumb/v6-m/crtbegin.o

.rel.dyn        0x000085a0        0x0
 .rel.iplt      0x000085a0        0x0 c:/program files (x86)/atmel/studio/7.0/toolchain/arm/arm-gnu-toolchain/bin/../lib/gcc/arm-none-eabi/6.3.1/thumb/v6-m/crtbegin.o

.jcr            0x000085a0        0x0
 .jcr           0x000085a0        0x0 c:/program files (x86)/atmel/studio/7.0/toolchain/arm/arm-gnu-toolchain/bin/../lib/gcc/arm-none-eabi/6.3.1/thumb/v6-m/crtbegin.o

.igot.plt       0x000085a0        0x0
 .igot.plt      0x000085a0        0x0 c:/program files (x86)/atmel/studio/7.0/toolchain/arm/arm-gnu-toolchain/bin/../lib/gcc/arm-none-eabi/6.3.1/thumb/v6-m/crtbegin.o

.ARM.exidx
 *(.ARM.exidx* .gnu.linkonce.armexidx.*)
                [!provide]                PROVIDE (__exidx_end, .)
                0x000085a0                . = ALIGN (0x4)
                0x000085a0                _etext = .

.relocate       0x20000000       0x14 load address 0x000085a0
                0x20000000                . = ALIGN (0x4)
                0x20000000                _srelocate = .
 *(.ramfunc .ramfunc.*)
 *(.data .data.*)
 .data.uxCriticalNesting
                0x20000000        0x4 src/ASF/thirdparty/freertos/freertos-7.4.2/Source/portable/GCC/ARM_CM0/port.o
 .data.xNextTaskUnblockTime
                0x20000004        0x4 src/ASF/thirdparty/freertos/freertos-7.4.2/Source/tasks.o
 .data.g_interrupt_enabled
                0x20000008        0x1 src/ASF/common/utils/interrupt/interrupt_sam_nvic.o
                0x20000008                g_interrupt_enabled
 *fill*         0x20000009        0x3 
 .data.phantomISR
                0x2000000c        0x4 src/ASF/sam0/utils/cmsis/samd21/source/gcc/startup_samd21.o
                0x2000000c                phantomISR
 .data.rtc_period_steps
                0x20000010        0x2 src/main.o
                0x20000010                rtc_period_steps
 .data.act_cnt  0x20000012        0x1 src/main.o
                0x20000012                act_cnt
 .data.internal_act_sec
                0x20000013        0x1 src/main.o
                0x20000013                internal_act_sec
                0x20000014                . = ALIGN (0x4)
                0x20000014                _erelocate = .

.bss            0x20000020     0x3e44 load address 0x000085c0
                0x20000020                . = ALIGN (0x4)
                0x20000020                _sbss = .
                0x20000020                _szero = .
 *(.bss .bss.*)
 .bss           0x20000020       0x1c c:/program files (x86)/atmel/studio/7.0/toolchain/arm/arm-gnu-toolchain/bin/../lib/gcc/arm-none-eabi/6.3.1/thumb/v6-m/crtbegin.o
 *fill*         0x2000003c        0x4 
 .bss._write_back_section
                0x20000040       0x50 src/ASF/sam0/drivers/dma/dma.o
 .bss._dma_active_resource
                0x20000090       0x14 src/ASF/sam0/drivers/dma/dma.o
 .bss.ucHeap    0x200000a4     0x3a98 src/ASF/thirdparty/freertos/freertos-7.4.2/Source/portable/MemMang/heap_1.o
 .bss.xNextFreeByte
                0x20003b3c        0x4 src/ASF/thirdparty/freertos/freertos-7.4.2/Source/portable/MemMang/heap_1.o
 .bss.pucAlignedHeap.4960
                0x20003b40        0x4 src/ASF/thirdparty/freertos/freertos-7.4.2/Source/portable/MemMang/heap_1.o
 .bss.pxCurrentTCB
                0x20003b44        0x4 src/ASF/thirdparty/freertos/freertos-7.4.2/Source/tasks.o
                0x20003b44                pxCurrentTCB
 .bss.pxReadyTasksLists
                0x20003b48       0x64 src/ASF/thirdparty/freertos/freertos-7.4.2/Source/tasks.o
 .bss.xDelayedTaskList1
                0x20003bac       0x14 src/ASF/thirdparty/freertos/freertos-7.4.2/Source/tasks.o
 .bss.xDelayedTaskList2
                0x20003bc0       0x14 src/ASF/thirdparty/freertos/freertos-7.4.2/Source/tasks.o
 .bss.pxDelayedTaskList
                0x20003bd4        0x4 src/ASF/thirdparty/freertos/freertos-7.4.2/Source/tasks.o
 .bss.pxOverflowDelayedTaskList
                0x20003bd8        0x4 src/ASF/thirdparty/freertos/freertos-7.4.2/Source/tasks.o
 .bss.xPendingReadyList
                0x20003bdc       0x14 src/ASF/thirdparty/freertos/freertos-7.4.2/Source/tasks.o
 .bss.xTasksWaitingTermination
                0x20003bf0       0x14 src/ASF/thirdparty/freertos/freertos-7.4.2/Source/tasks.o
 .bss.uxTasksDeleted
                0x20003c04        0x4 src/ASF/thirdparty/freertos/freertos-7.4.2/Source/tasks.o
 .bss.xSuspendedTaskList
                0x20003c08       0x14 src/ASF/thirdparty/freertos/freertos-7.4.2/Source/tasks.o
 .bss.uxCurrentNumberOfTasks
                0x20003c1c        0x4 src/ASF/thirdparty/freertos/freertos-7.4.2/Source/tasks.o
 .bss.xTickCount
                0x20003c20        0x4 src/ASF/thirdparty/freertos/freertos-7.4.2/Source/tasks.o
 .bss.uxTopUsedPriority
                0x20003c24        0x4 src/ASF/thirdparty/freertos/freertos-7.4.2/Source/tasks.o
 .bss.uxTopReadyPriority
                0x20003c28        0x4 src/ASF/thirdparty/freertos/freertos-7.4.2/Source/tasks.o
 .bss.xSchedulerRunning
                0x20003c2c        0x4 src/ASF/thirdparty/freertos/freertos-7.4.2/Source/tasks.o
 .bss.uxSchedulerSuspended
                0x20003c30        0x4 src/ASF/thirdparty/freertos/freertos-7.4.2/Source/tasks.o
 .bss.uxMissedTicks
                0x20003c34        0x4 src/ASF/thirdparty/freertos/freertos-7.4.2/Source/tasks.o
 .bss.xMissedYield
                0x20003c38        0x4 src/ASF/thirdparty/freertos/freertos-7.4.2/Source/tasks.o
 .bss.xNumOfOverflows
                0x20003c3c        0x4 src/ASF/thirdparty/freertos/freertos-7.4.2/Source/tasks.o
 .bss.uxTaskNumber
                0x20003c40        0x4 src/ASF/thirdparty/freertos/freertos-7.4.2/Source/tasks.o
 .bss.xActiveTimerList1
                0x20003c44       0x14 src/ASF/thirdparty/freertos/freertos-7.4.2/Source/timers.o
 .bss.xActiveTimerList2
                0x20003c58       0x14 src/ASF/thirdparty/freertos/freertos-7.4.2/Source/timers.o
 .bss.pxCurrentTimerList
                0x20003c6c        0x4 src/ASF/thirdparty/freertos/freertos-7.4.2/Source/timers.o
 .bss.pxOverflowTimerList
                0x20003c70        0x4 src/ASF/thirdparty/freertos/freertos-7.4.2/Source/timers.o
 .bss.xTimerQueue
                0x20003c74        0x4 src/ASF/thirdparty/freertos/freertos-7.4.2/Source/timers.o
 .bss.xLastTime.4562
                0x20003c78        0x4 src/ASF/thirdparty/freertos/freertos-7.4.2/Source/timers.o
 .bss.cpu_irq_critical_section_counter
                0x20003c7c        0x4 src/ASF/common/utils/interrupt/interrupt_sam_nvic.o
 .bss.cpu_irq_prev_interrupt_state
                0x20003c80        0x1 src/ASF/common/utils/interrupt/interrupt_sam_nvic.o
 *fill*         0x20003c81        0x3 
 .bss._sercom_config
                0x20003c84        0x2 src/ASF/sam0/drivers/sercom/sercom.o
 .bss._handler_table_initialized
                0x20003c86        0x1 src/ASF/sam0/drivers/sercom/sercom_interrupt.o
 *fill*         0x20003c87        0x1 
 .bss._sercom_interrupt_handlers
                0x20003c88       0x18 src/ASF/sam0/drivers/sercom/sercom_interrupt.o
 .bss._system_clock_inst
                0x20003ca0       0x18 src/ASF/sam0/drivers/system/clock/clock_samd21_r21_da_ha1/clock.o
 .bss.local_hour
                0x20003cb8        0x1 src/main.o
                0x20003cb8                local_hour
 .bss.local_min
                0x20003cb9        0x1 src/main.o
                0x20003cb9                local_min
 .bss.map_page_count
                0x20003cba        0x1 src/main.o
                0x20003cba                map_page_count
 .bss.acted     0x20003cbb        0x1 src/main.o
                0x20003cbb                acted
 .bss.ext_sensor_get_bool
                0x20003cbc        0x1 src/main.o
                0x20003cbc                ext_sensor_get_bool
 .bss.index.14541
                0x20003cbd        0x1 src/main.o
 *(COMMON)
 *fill*         0x20003cbe        0x2 
 COMMON         0x20003cc0       0x50 src/ASF/sam0/drivers/dma/dma.o
                0x20003cc0                descriptor_section
 COMMON         0x20003d10        0x4 src/ASF/sam0/drivers/adc/adc_sam_d_r_h/adc_callback.o
                0x20003d10                _adc_instances
 COMMON         0x20003d14        0x4 src/ASF/sam0/drivers/rtc/rtc_sam_d_r_h/rtc_count.o
                0x20003d14                _rtc_instance
 COMMON         0x20003d18       0x18 src/ASF/sam0/drivers/sercom/sercom_interrupt.o
                0x20003d18                _sercom_instances
 COMMON         0x20003d30        0xc src/ASF/sam0/drivers/tcc/tcc_callback.o
                0x20003d30                _tcc_instances
 COMMON         0x20003d3c       0x14 src/ASF/sam0/drivers/tc/tc_interrupt.o
                0x20003d3c                _tc_instances
 COMMON         0x20003d50       0x24 src/ADC_4_Channel.o
                0x20003d50                pin_conf
                0x20003d54                adc_instance
 COMMON         0x20003d74       0xf0 src/main.o
                0x20003d74                sensor_data
                0x20003d7c                task1_id
                0x20003d80                Queue_id_rtc
                0x20003d84                rtc_instance
                0x20003d9c                usart_instance
                0x20003dd0                time_schedule_list
                0x20003de4                tmp_period_steps
                0x20003de8                rx_buffer
                0x20003dec                ext_sensor_data
                0x20003dfc                task2_id
                0x20003e00                actuator_sensor_mapping
                0x20003e40                cmd_from_upper
                0x20003e4c                Queue_id
                0x20003e50                actuator_list
                0x20003e5c                ack_to_upper
                0x20003e60                cmd_for_req
                0x20003e64                . = ALIGN (0x4)
                0x20003e64                _ebss = .
                0x20003e64                _ezero = .

.stack          0x20003e64     0x2004 load address 0x0000c404
                0x20003e68                . = ALIGN (0x8)
 *fill*         0x20003e64        0x4 
                0x20003e68                _sstack = .
                0x20005e68                . = (. + STACK_SIZE)
 *fill*         0x20003e68     0x2000 
                0x20005e68                . = ALIGN (0x8)
                0x20005e68                _estack = .
                0x20005e68                . = ALIGN (0x4)
                0x20005e68                _end = .
OUTPUT(GccBoardProject3.elf elf32-littlearm)

.ARM.attributes
                0x00000000       0x28
 .ARM.attributes
                0x00000000       0x1e c:/program files (x86)/atmel/studio/7.0/toolchain/arm/arm-gnu-toolchain/bin/../lib/gcc/arm-none-eabi/6.3.1/thumb/v6-m/crti.o
 .ARM.attributes
                0x0000001e       0x2c c:/program files (x86)/atmel/studio/7.0/toolchain/arm/arm-gnu-toolchain/bin/../lib/gcc/arm-none-eabi/6.3.1/thumb/v6-m/crtbegin.o
 .ARM.attributes
                0x0000004a       0x32 src/ASF/sam0/drivers/dma/dma.o
 .ARM.attributes
                0x0000007c       0x32 src/ASF/thirdparty/freertos/freertos-7.4.2/Source/list.o
 .ARM.attributes
                0x000000ae       0x32 src/ASF/thirdparty/freertos/freertos-7.4.2/Source/portable/GCC/ARM_CM0/port.o
 .ARM.attributes
                0x000000e0       0x32 src/ASF/thirdparty/freertos/freertos-7.4.2/Source/portable/MemMang/heap_1.o
 .ARM.attributes
                0x00000112       0x32 src/ASF/thirdparty/freertos/freertos-7.4.2/Source/queue.o
 .ARM.attributes
                0x00000144       0x32 src/ASF/thirdparty/freertos/freertos-7.4.2/Source/tasks.o
 .ARM.attributes
                0x00000176       0x32 src/ASF/thirdparty/freertos/freertos-7.4.2/Source/timers.o
 .ARM.attributes
                0x000001a8       0x32 src/custom_pin_map.o
 .ARM.attributes
                0x000001da       0x32 src/ASF/common/utils/interrupt/interrupt_sam_nvic.o
 .ARM.attributes
                0x0000020c       0x32 src/ASF/sam0/boards/samd21_xplained_pro/board_init.o
 .ARM.attributes
                0x0000023e       0x32 src/ASF/sam0/drivers/adc/adc_sam_d_r_h/adc.o
 .ARM.attributes
                0x00000270       0x32 src/ASF/sam0/drivers/adc/adc_sam_d_r_h/adc_callback.o
 .ARM.attributes
                0x000002a2       0x32 src/ASF/sam0/drivers/port/port.o
 .ARM.attributes
                0x000002d4       0x32 src/ASF/sam0/drivers/rtc/rtc_sam_d_r_h/rtc_count.o
 .ARM.attributes
                0x00000306       0x32 src/ASF/sam0/drivers/rtc/rtc_sam_d_r_h/rtc_count_interrupt.o
 .ARM.attributes
                0x00000338       0x32 src/ASF/sam0/drivers/sercom/sercom.o
 .ARM.attributes
                0x0000036a       0x32 src/ASF/sam0/drivers/sercom/sercom_interrupt.o
 .ARM.attributes
                0x0000039c       0x32 src/ASF/sam0/drivers/sercom/usart/usart.o
 .ARM.attributes
                0x000003ce       0x32 src/ASF/sam0/drivers/sercom/usart/usart_interrupt.o
 .ARM.attributes
                0x00000400       0x32 src/ASF/sam0/drivers/system/clock/clock_samd21_r21_da_ha1/clock.o
 .ARM.attributes
                0x00000432       0x32 src/ASF/sam0/drivers/system/clock/clock_samd21_r21_da_ha1/gclk.o
 .ARM.attributes
                0x00000464       0x32 src/ASF/sam0/drivers/system/pinmux/pinmux.o
 .ARM.attributes
                0x00000496       0x32 src/ASF/sam0/drivers/system/system.o
 .ARM.attributes
                0x000004c8       0x32 src/ASF/sam0/drivers/tcc/tcc_callback.o
 .ARM.attributes
                0x000004fa       0x32 src/ASF/sam0/drivers/tc/tc_interrupt.o
 .ARM.attributes
                0x0000052c       0x32 src/ASF/sam0/utils/cmsis/samd21/source/gcc/startup_samd21.o
 .ARM.attributes
                0x0000055e       0x32 src/ADC_4_Channel.o
 .ARM.attributes
                0x00000590       0x32 src/main.o
 .ARM.attributes
                0x000005c2       0x1e c:/program files (x86)/atmel/studio/7.0/toolchain/arm/arm-gnu-toolchain/bin/../lib/gcc/arm-none-eabi/6.3.1/thumb/v6-m\libgcc.a(_udivsi3.o)
 .ARM.attributes
                0x000005e0       0x1e c:/program files (x86)/atmel/studio/7.0/toolchain/arm/arm-gnu-toolchain/bin/../lib/gcc/arm-none-eabi/6.3.1/thumb/v6-m\libgcc.a(_divsi3.o)
 .ARM.attributes
                0x000005fe       0x1e c:/program files (x86)/atmel/studio/7.0/toolchain/arm/arm-gnu-toolchain/bin/../lib/gcc/arm-none-eabi/6.3.1/thumb/v6-m\libgcc.a(_dvmd_tls.o)
 .ARM.attributes
                0x0000061c       0x1e c:/program files (x86)/atmel/studio/7.0/toolchain/arm/arm-gnu-toolchain/bin/../lib/gcc/arm-none-eabi/6.3.1/thumb/v6-m\libgcc.a(_arm_cmpdf2.o)
 .ARM.attributes
                0x0000063a       0x2c c:/program files (x86)/atmel/studio/7.0/toolchain/arm/arm-gnu-toolchain/bin/../lib/gcc/arm-none-eabi/6.3.1/thumb/v6-m\libgcc.a(_muldi3.o)
 .ARM.attributes
                0x00000666       0x2c c:/program files (x86)/atmel/studio/7.0/toolchain/arm/arm-gnu-toolchain/bin/../lib/gcc/arm-none-eabi/6.3.1/thumb/v6-m\libgcc.a(eqdf2.o)
 .ARM.attributes
                0x00000692       0x2c c:/program files (x86)/atmel/studio/7.0/toolchain/arm/arm-gnu-toolchain/bin/../lib/gcc/arm-none-eabi/6.3.1/thumb/v6-m\libgcc.a(gedf2.o)
 .ARM.attributes
                0x000006be       0x2c c:/program files (x86)/atmel/studio/7.0/toolchain/arm/arm-gnu-toolchain/bin/../lib/gcc/arm-none-eabi/6.3.1/thumb/v6-m\libgcc.a(ledf2.o)
 .ARM.attributes
                0x000006ea       0x2c c:/program files (x86)/atmel/studio/7.0/toolchain/arm/arm-gnu-toolchain/bin/../lib/gcc/arm-none-eabi/6.3.1/thumb/v6-m\libgcc.a(muldf3.o)
 .ARM.attributes
                0x00000716       0x2c c:/program files (x86)/atmel/studio/7.0/toolchain/arm/arm-gnu-toolchain/bin/../lib/gcc/arm-none-eabi/6.3.1/thumb/v6-m\libgcc.a(floatsidf.o)
 .ARM.attributes
                0x00000742       0x1e c:/program files (x86)/atmel/studio/7.0/toolchain/arm/arm-gnu-toolchain/bin/../lib/gcc/arm-none-eabi/6.3.1/thumb/v6-m\libgcc.a(_clzsi2.o)
 .ARM.attributes
                0x00000760       0x2c c:/program files (x86)/atmel/studio/7.0/toolchain/arm/arm-gnu-toolchain/bin/../lib/gcc/arm-none-eabi/6.3.1/../../../../arm-none-eabi/lib/thumb/v6-m\libc_nano.a(lib_a-init.o)
 .ARM.attributes
                0x0000078c       0x2c c:/program files (x86)/atmel/studio/7.0/toolchain/arm/arm-gnu-toolchain/bin/../lib/gcc/arm-none-eabi/6.3.1/../../../../arm-none-eabi/lib/thumb/v6-m\libc_nano.a(lib_a-memcpy-stub.o)
 .ARM.attributes
                0x000007b8       0x2c c:/program files (x86)/atmel/studio/7.0/toolchain/arm/arm-gnu-toolchain/bin/../lib/gcc/arm-none-eabi/6.3.1/../../../../arm-none-eabi/lib/thumb/v6-m\libc_nano.a(lib_a-memset.o)
 .ARM.attributes
                0x000007e4       0x2c c:/program files (x86)/atmel/studio/7.0/toolchain/arm/arm-gnu-toolchain/bin/../lib/gcc/arm-none-eabi/6.3.1/../../../../arm-none-eabi/lib/thumb/v6-m\libc_nano.a(lib_a-strncpy.o)
 .ARM.attributes
                0x00000810       0x1e c:/program files (x86)/atmel/studio/7.0/toolchain/arm/arm-gnu-toolchain/bin/../lib/gcc/arm-none-eabi/6.3.1/thumb/v6-m/crtn.o

.comment        0x00000000       0x59
 .comment       0x00000000       0x59 src/ASF/sam0/drivers/dma/dma.o
                                 0x5a (size before relaxing)
 .comment       0x00000059       0x5a src/ASF/thirdparty/freertos/freertos-7.4.2/Source/list.o
 .comment       0x00000059       0x5a src/ASF/thirdparty/freertos/freertos-7.4.2/Source/portable/GCC/ARM_CM0/port.o
 .comment       0x00000059       0x5a src/ASF/thirdparty/freertos/freertos-7.4.2/Source/portable/MemMang/heap_1.o
 .comment       0x00000059       0x5a src/ASF/thirdparty/freertos/freertos-7.4.2/Source/queue.o
 .comment       0x00000059       0x5a src/ASF/thirdparty/freertos/freertos-7.4.2/Source/tasks.o
 .comment       0x00000059       0x5a src/ASF/thirdparty/freertos/freertos-7.4.2/Source/timers.o
 .comment       0x00000059       0x5a src/custom_pin_map.o
 .comment       0x00000059       0x5a src/ASF/common/utils/interrupt/interrupt_sam_nvic.o
 .comment       0x00000059       0x5a src/ASF/sam0/boards/samd21_xplained_pro/board_init.o
 .comment       0x00000059       0x5a src/ASF/sam0/drivers/adc/adc_sam_d_r_h/adc.o
 .comment       0x00000059       0x5a src/ASF/sam0/drivers/adc/adc_sam_d_r_h/adc_callback.o
 .comment       0x00000059       0x5a src/ASF/sam0/drivers/port/port.o
 .comment       0x00000059       0x5a src/ASF/sam0/drivers/rtc/rtc_sam_d_r_h/rtc_count.o
 .comment       0x00000059       0x5a src/ASF/sam0/drivers/rtc/rtc_sam_d_r_h/rtc_count_interrupt.o
 .comment       0x00000059       0x5a src/ASF/sam0/drivers/sercom/sercom.o
 .comment       0x00000059       0x5a src/ASF/sam0/drivers/sercom/sercom_interrupt.o
 .comment       0x00000059       0x5a src/ASF/sam0/drivers/sercom/usart/usart.o
 .comment       0x00000059       0x5a src/ASF/sam0/drivers/sercom/usart/usart_interrupt.o
 .comment       0x00000059       0x5a src/ASF/sam0/drivers/system/clock/clock_samd21_r21_da_ha1/clock.o
 .comment       0x00000059       0x5a src/ASF/sam0/drivers/system/clock/clock_samd21_r21_da_ha1/gclk.o
 .comment       0x00000059       0x5a src/ASF/sam0/drivers/system/pinmux/pinmux.o
 .comment       0x00000059       0x5a src/ASF/sam0/drivers/system/system.o
 .comment       0x00000059       0x5a src/ASF/sam0/drivers/tcc/tcc_callback.o
 .comment       0x00000059       0x5a src/ASF/sam0/drivers/tc/tc_interrupt.o
 .comment       0x00000059       0x5a src/ASF/sam0/utils/cmsis/samd21/source/gcc/startup_samd21.o
 .comment       0x00000059       0x5a src/ADC_4_Channel.o
 .comment       0x00000059       0x5a src/main.o

.debug_info     0x00000000    0x3efb6
 .debug_info    0x00000000     0x337a src/ASF/sam0/drivers/dma/dma.o
 .debug_info    0x0000337a      0xbc4 src/ASF/thirdparty/freertos/freertos-7.4.2/Source/list.o
 .debug_info    0x00003f3e      0x226 src/ASF/thirdparty/freertos/freertos-7.4.2/Source/portable/GCC/ARM_CM0/port.o
 .debug_info    0x00004164      0xa9a src/ASF/thirdparty/freertos/freertos-7.4.2/Source/portable/MemMang/heap_1.o
 .debug_info    0x00004bfe     0x1953 src/ASF/thirdparty/freertos/freertos-7.4.2/Source/queue.o
 .debug_info    0x00006551     0x1bdb src/ASF/thirdparty/freertos/freertos-7.4.2/Source/tasks.o
 .debug_info    0x0000812c      0xa0b src/ASF/thirdparty/freertos/freertos-7.4.2/Source/timers.o
 .debug_info    0x00008b37     0x22f7 src/custom_pin_map.o
 .debug_info    0x0000ae2e      0xb0a src/ASF/common/utils/interrupt/interrupt_sam_nvic.o
 .debug_info    0x0000b938     0x12a7 src/ASF/sam0/boards/samd21_xplained_pro/board_init.o
 .debug_info    0x0000cbdf     0x3a3c src/ASF/sam0/drivers/adc/adc_sam_d_r_h/adc.o
 .debug_info    0x0001061b     0x1a76 src/ASF/sam0/drivers/adc/adc_sam_d_r_h/adc_callback.o
 .debug_info    0x00012091     0x127c src/ASF/sam0/drivers/port/port.o
 .debug_info    0x0001330d     0x3358 src/ASF/sam0/drivers/rtc/rtc_sam_d_r_h/rtc_count.o
 .debug_info    0x00016665     0x216c src/ASF/sam0/drivers/rtc/rtc_sam_d_r_h/rtc_count_interrupt.o
 .debug_info    0x000187d1     0x2d9d src/ASF/sam0/drivers/sercom/sercom.o
 .debug_info    0x0001b56e     0x2b82 src/ASF/sam0/drivers/sercom/sercom_interrupt.o
 .debug_info    0x0001e0f0     0x484d src/ASF/sam0/drivers/sercom/usart/usart.o
 .debug_info    0x0002293d     0x2f5b src/ASF/sam0/drivers/sercom/usart/usart_interrupt.o
 .debug_info    0x00025898     0x37bc src/ASF/sam0/drivers/system/clock/clock_samd21_r21_da_ha1/clock.o
 .debug_info    0x00029054     0x1d0b src/ASF/sam0/drivers/system/clock/clock_samd21_r21_da_ha1/gclk.o
 .debug_info    0x0002ad5f     0x13be src/ASF/sam0/drivers/system/pinmux/pinmux.o
 .debug_info    0x0002c11d      0xa74 src/ASF/sam0/drivers/system/system.o
 .debug_info    0x0002cb91     0x3115 src/ASF/sam0/drivers/tcc/tcc_callback.o
 .debug_info    0x0002fca6     0x1c76 src/ASF/sam0/drivers/tc/tc_interrupt.o
 .debug_info    0x0003191c     0x3a9a src/ASF/sam0/utils/cmsis/samd21/source/gcc/startup_samd21.o
 .debug_info    0x000353b6     0x2f33 src/ADC_4_Channel.o
 .debug_info    0x000382e9     0x6ccd src/main.o

.debug_abbrev   0x00000000     0x4f1e
 .debug_abbrev  0x00000000      0x391 src/ASF/sam0/drivers/dma/dma.o
 .debug_abbrev  0x00000391      0x1e9 src/ASF/thirdparty/freertos/freertos-7.4.2/Source/list.o
 .debug_abbrev  0x0000057a      0x152 src/ASF/thirdparty/freertos/freertos-7.4.2/Source/portable/GCC/ARM_CM0/port.o
 .debug_abbrev  0x000006cc      0x231 src/ASF/thirdparty/freertos/freertos-7.4.2/Source/portable/MemMang/heap_1.o
 .debug_abbrev  0x000008fd      0x286 src/ASF/thirdparty/freertos/freertos-7.4.2/Source/queue.o
 .debug_abbrev  0x00000b83      0x2ad src/ASF/thirdparty/freertos/freertos-7.4.2/Source/tasks.o
 .debug_abbrev  0x00000e30      0x175 src/ASF/thirdparty/freertos/freertos-7.4.2/Source/timers.o
 .debug_abbrev  0x00000fa5      0x2e6 src/custom_pin_map.o
 .debug_abbrev  0x0000128b      0x23d src/ASF/common/utils/interrupt/interrupt_sam_nvic.o
 .debug_abbrev  0x000014c8      0x2a2 src/ASF/sam0/boards/samd21_xplained_pro/board_init.o
 .debug_abbrev  0x0000176a      0x371 src/ASF/sam0/drivers/adc/adc_sam_d_r_h/adc.o
 .debug_abbrev  0x00001adb      0x2e3 src/ASF/sam0/drivers/adc/adc_sam_d_r_h/adc_callback.o
 .debug_abbrev  0x00001dbe      0x27b src/ASF/sam0/drivers/port/port.o
 .debug_abbrev  0x00002039      0x372 src/ASF/sam0/drivers/rtc/rtc_sam_d_r_h/rtc_count.o
 .debug_abbrev  0x000023ab      0x2c8 src/ASF/sam0/drivers/rtc/rtc_sam_d_r_h/rtc_count_interrupt.o
 .debug_abbrev  0x00002673      0x30e src/ASF/sam0/drivers/sercom/sercom.o
 .debug_abbrev  0x00002981      0x2bf src/ASF/sam0/drivers/sercom/sercom_interrupt.o
 .debug_abbrev  0x00002c40      0x38f src/ASF/sam0/drivers/sercom/usart/usart.o
 .debug_abbrev  0x00002fcf      0x344 src/ASF/sam0/drivers/sercom/usart/usart_interrupt.o
 .debug_abbrev  0x00003313      0x3ab src/ASF/sam0/drivers/system/clock/clock_samd21_r21_da_ha1/clock.o
 .debug_abbrev  0x000036be      0x37a src/ASF/sam0/drivers/system/clock/clock_samd21_r21_da_ha1/gclk.o
 .debug_abbrev  0x00003a38      0x2d7 src/ASF/sam0/drivers/system/pinmux/pinmux.o
 .debug_abbrev  0x00003d0f      0x1e1 src/ASF/sam0/drivers/system/system.o
 .debug_abbrev  0x00003ef0      0x359 src/ASF/sam0/drivers/tcc/tcc_callback.o
 .debug_abbrev  0x00004249      0x2e2 src/ASF/sam0/drivers/tc/tc_interrupt.o
 .debug_abbrev  0x0000452b      0x27b src/ASF/sam0/utils/cmsis/samd21/source/gcc/startup_samd21.o
 .debug_abbrev  0x000047a6      0x34a src/ADC_4_Channel.o
 .debug_abbrev  0x00004af0      0x42e src/main.o

.debug_loc      0x00000000     0x47a7
 .debug_loc     0x00000000      0x410 src/ASF/sam0/drivers/dma/dma.o
 .debug_loc     0x00000410      0x118 src/ASF/thirdparty/freertos/freertos-7.4.2/Source/list.o
 .debug_loc     0x00000528      0x178 src/ASF/thirdparty/freertos/freertos-7.4.2/Source/portable/GCC/ARM_CM0/port.o
 .debug_loc     0x000006a0       0xc8 src/ASF/thirdparty/freertos/freertos-7.4.2/Source/portable/MemMang/heap_1.o
 .debug_loc     0x00000768      0x5e8 src/ASF/thirdparty/freertos/freertos-7.4.2/Source/queue.o
 .debug_loc     0x00000d50      0x7b0 src/ASF/thirdparty/freertos/freertos-7.4.2/Source/tasks.o
 .debug_loc     0x00001500      0x304 src/ASF/thirdparty/freertos/freertos-7.4.2/Source/timers.o
 .debug_loc     0x00001804      0x150 src/custom_pin_map.o
 .debug_loc     0x00001954       0x64 src/ASF/common/utils/interrupt/interrupt_sam_nvic.o
 .debug_loc     0x000019b8      0x118 src/ASF/sam0/boards/samd21_xplained_pro/board_init.o
 .debug_loc     0x00001ad0      0x26a src/ASF/sam0/drivers/adc/adc_sam_d_r_h/adc.o
 .debug_loc     0x00001d3a      0x25c src/ASF/sam0/drivers/adc/adc_sam_d_r_h/adc_callback.o
 .debug_loc     0x00001f96       0xa8 src/ASF/sam0/drivers/port/port.o
 .debug_loc     0x0000203e      0x428 src/ASF/sam0/drivers/rtc/rtc_sam_d_r_h/rtc_count.o
 .debug_loc     0x00002466      0x144 src/ASF/sam0/drivers/rtc/rtc_sam_d_r_h/rtc_count_interrupt.o
 .debug_loc     0x000025aa      0x18c src/ASF/sam0/drivers/sercom/sercom.o
 .debug_loc     0x00002736      0x1b0 src/ASF/sam0/drivers/sercom/sercom_interrupt.o
 .debug_loc     0x000028e6      0x297 src/ASF/sam0/drivers/sercom/usart/usart.o
 .debug_loc     0x00002b7d      0x330 src/ASF/sam0/drivers/sercom/usart/usart_interrupt.o
 .debug_loc     0x00002ead      0x4e6 src/ASF/sam0/drivers/system/clock/clock_samd21_r21_da_ha1/clock.o
 .debug_loc     0x00003393      0x388 src/ASF/sam0/drivers/system/clock/clock_samd21_r21_da_ha1/gclk.o
 .debug_loc     0x0000371b      0x150 src/ASF/sam0/drivers/system/pinmux/pinmux.o
 .debug_loc     0x0000386b       0x58 src/ASF/sam0/drivers/system/system.o
 .debug_loc     0x000038c3      0x244 src/ASF/sam0/drivers/tcc/tcc_callback.o
 .debug_loc     0x00003b07      0x1bc src/ASF/sam0/drivers/tc/tc_interrupt.o
 .debug_loc     0x00003cc3       0x70 src/ASF/sam0/utils/cmsis/samd21/source/gcc/startup_samd21.o
 .debug_loc     0x00003d33      0x3da src/ADC_4_Channel.o
 .debug_loc     0x0000410d      0x69a src/main.o

.debug_aranges  0x00000000      0xd48
 .debug_aranges
                0x00000000       0xb0 src/ASF/sam0/drivers/dma/dma.o
 .debug_aranges
                0x000000b0       0x40 src/ASF/thirdparty/freertos/freertos-7.4.2/Source/list.o
 .debug_aranges
                0x000000f0       0x70 src/ASF/thirdparty/freertos/freertos-7.4.2/Source/portable/GCC/ARM_CM0/port.o
 .debug_aranges
                0x00000160       0x38 src/ASF/thirdparty/freertos/freertos-7.4.2/Source/portable/MemMang/heap_1.o
 .debug_aranges
                0x00000198       0xf0 src/ASF/thirdparty/freertos/freertos-7.4.2/Source/queue.o
 .debug_aranges
                0x00000288      0x138 src/ASF/thirdparty/freertos/freertos-7.4.2/Source/tasks.o
 .debug_aranges
                0x000003c0       0x88 src/ASF/thirdparty/freertos/freertos-7.4.2/Source/timers.o
 .debug_aranges
                0x00000448       0x48 src/custom_pin_map.o
 .debug_aranges
                0x00000490       0x28 src/ASF/common/utils/interrupt/interrupt_sam_nvic.o
 .debug_aranges
                0x000004b8       0x40 src/ASF/sam0/boards/samd21_xplained_pro/board_init.o
 .debug_aranges
                0x000004f8       0x70 src/ASF/sam0/drivers/adc/adc_sam_d_r_h/adc.o
 .debug_aranges
                0x00000568       0x70 src/ASF/sam0/drivers/adc/adc_sam_d_r_h/adc_callback.o
 .debug_aranges
                0x000005d8       0x30 src/ASF/sam0/drivers/port/port.o
 .debug_aranges
                0x00000608       0xb0 src/ASF/sam0/drivers/rtc/rtc_sam_d_r_h/rtc_count.o
 .debug_aranges
                0x000006b8       0x48 src/ASF/sam0/drivers/rtc/rtc_sam_d_r_h/rtc_count_interrupt.o
 .debug_aranges
                0x00000700       0x50 src/ASF/sam0/drivers/sercom/sercom.o
 .debug_aranges
                0x00000750       0x60 src/ASF/sam0/drivers/sercom/sercom_interrupt.o
 .debug_aranges
                0x000007b0       0x78 src/ASF/sam0/drivers/sercom/usart/usart.o
 .debug_aranges
                0x00000828       0x90 src/ASF/sam0/drivers/sercom/usart/usart_interrupt.o
 .debug_aranges
                0x000008b8       0xd0 src/ASF/sam0/drivers/system/clock/clock_samd21_r21_da_ha1/clock.o
 .debug_aranges
                0x00000988       0xa0 src/ASF/sam0/drivers/system/clock/clock_samd21_r21_da_ha1/gclk.o
 .debug_aranges
                0x00000a28       0x48 src/ASF/sam0/drivers/system/pinmux/pinmux.o
 .debug_aranges
                0x00000a70       0x28 src/ASF/sam0/drivers/system/system.o
 .debug_aranges
                0x00000a98       0x70 src/ASF/sam0/drivers/tcc/tcc_callback.o
 .debug_aranges
                0x00000b08       0x60 src/ASF/sam0/drivers/tc/tc_interrupt.o
 .debug_aranges
                0x00000b68       0x28 src/ASF/sam0/utils/cmsis/samd21/source/gcc/startup_samd21.o
 .debug_aranges
                0x00000b90       0xa8 src/ADC_4_Channel.o
 .debug_aranges
                0x00000c38      0x110 src/main.o

.debug_ranges   0x00000000      0xb88
 .debug_ranges  0x00000000       0xa0 src/ASF/sam0/drivers/dma/dma.o
 .debug_ranges  0x000000a0       0x30 src/ASF/thirdparty/freertos/freertos-7.4.2/Source/list.o
 .debug_ranges  0x000000d0       0x60 src/ASF/thirdparty/freertos/freertos-7.4.2/Source/portable/GCC/ARM_CM0/port.o
 .debug_ranges  0x00000130       0x28 src/ASF/thirdparty/freertos/freertos-7.4.2/Source/portable/MemMang/heap_1.o
 .debug_ranges  0x00000158       0xe0 src/ASF/thirdparty/freertos/freertos-7.4.2/Source/queue.o
 .debug_ranges  0x00000238      0x128 src/ASF/thirdparty/freertos/freertos-7.4.2/Source/tasks.o
 .debug_ranges  0x00000360       0x78 src/ASF/thirdparty/freertos/freertos-7.4.2/Source/timers.o
 .debug_ranges  0x000003d8       0x38 src/custom_pin_map.o
 .debug_ranges  0x00000410       0x18 src/ASF/common/utils/interrupt/interrupt_sam_nvic.o
 .debug_ranges  0x00000428       0x30 src/ASF/sam0/boards/samd21_xplained_pro/board_init.o
 .debug_ranges  0x00000458       0x60 src/ASF/sam0/drivers/adc/adc_sam_d_r_h/adc.o
 .debug_ranges  0x000004b8       0x60 src/ASF/sam0/drivers/adc/adc_sam_d_r_h/adc_callback.o
 .debug_ranges  0x00000518       0x20 src/ASF/sam0/drivers/port/port.o
 .debug_ranges  0x00000538       0xa0 src/ASF/sam0/drivers/rtc/rtc_sam_d_r_h/rtc_count.o
 .debug_ranges  0x000005d8       0x38 src/ASF/sam0/drivers/rtc/rtc_sam_d_r_h/rtc_count_interrupt.o
 .debug_ranges  0x00000610       0x40 src/ASF/sam0/drivers/sercom/sercom.o
 .debug_ranges  0x00000650       0x50 src/ASF/sam0/drivers/sercom/sercom_interrupt.o
 .debug_ranges  0x000006a0       0x68 src/ASF/sam0/drivers/sercom/usart/usart.o
 .debug_ranges  0x00000708       0x80 src/ASF/sam0/drivers/sercom/usart/usart_interrupt.o
 .debug_ranges  0x00000788       0xc0 src/ASF/sam0/drivers/system/clock/clock_samd21_r21_da_ha1/clock.o
 .debug_ranges  0x00000848       0x90 src/ASF/sam0/drivers/system/clock/clock_samd21_r21_da_ha1/gclk.o
 .debug_ranges  0x000008d8       0x38 src/ASF/sam0/drivers/system/pinmux/pinmux.o
 .debug_ranges  0x00000910       0x18 src/ASF/sam0/drivers/system/system.o
 .debug_ranges  0x00000928       0x60 src/ASF/sam0/drivers/tcc/tcc_callback.o
 .debug_ranges  0x00000988       0x50 src/ASF/sam0/drivers/tc/tc_interrupt.o
 .debug_ranges  0x000009d8       0x18 src/ASF/sam0/utils/cmsis/samd21/source/gcc/startup_samd21.o
 .debug_ranges  0x000009f0       0x98 src/ADC_4_Channel.o
 .debug_ranges  0x00000a88      0x100 src/main.o

.debug_macro    0x00000000    0x1e7fb
 .debug_macro   0x00000000      0x598 src/ASF/sam0/drivers/dma/dma.o
 .debug_macro   0x00000598      0x8da src/ASF/sam0/drivers/dma/dma.o
 .debug_macro   0x00000e72       0x22 src/ASF/sam0/drivers/dma/dma.o
 .debug_macro   0x00000e94       0x52 src/ASF/sam0/drivers/dma/dma.o
 .debug_macro   0x00000ee6       0x8d src/ASF/sam0/drivers/dma/dma.o
 .debug_macro   0x00000f73       0x35 src/ASF/sam0/drivers/dma/dma.o
 .debug_macro   0x00000fa8       0x9c src/ASF/sam0/drivers/dma/dma.o
 .debug_macro   0x00001044      0x16d src/ASF/sam0/drivers/dma/dma.o
 .debug_macro   0x000011b1       0x57 src/ASF/sam0/drivers/dma/dma.o
 .debug_macro   0x00001208       0x58 src/ASF/sam0/drivers/dma/dma.o
 .debug_macro   0x00001260       0x1f src/ASF/sam0/drivers/dma/dma.o
 .debug_macro   0x0000127f       0x43 src/ASF/sam0/drivers/dma/dma.o
 .debug_macro   0x000012c2       0x20 src/ASF/sam0/drivers/dma/dma.o
 .debug_macro   0x000012e2      0x187 src/ASF/sam0/drivers/dma/dma.o
 .debug_macro   0x00001469      0x353 src/ASF/sam0/drivers/dma/dma.o
 .debug_macro   0x000017bc       0x10 src/ASF/sam0/drivers/dma/dma.o
 .debug_macro   0x000017cc       0x35 src/ASF/sam0/drivers/dma/dma.o
 .debug_macro   0x00001801      0x708 src/ASF/sam0/drivers/dma/dma.o
 .debug_macro   0x00001f09       0xef src/ASF/sam0/drivers/dma/dma.o
 .debug_macro   0x00001ff8       0x6a src/ASF/sam0/drivers/dma/dma.o
 .debug_macro   0x00002062      0x1df src/ASF/sam0/drivers/dma/dma.o
 .debug_macro   0x00002241       0x10 src/ASF/sam0/drivers/dma/dma.o
 .debug_macro   0x00002251       0x76 src/ASF/sam0/drivers/dma/dma.o
 .debug_macro   0x000022c7       0x16 src/ASF/sam0/drivers/dma/dma.o
 .debug_macro   0x000022dd      0x6db src/ASF/sam0/drivers/dma/dma.o
 .debug_macro   0x000029b8      0xdd8 src/ASF/sam0/drivers/dma/dma.o
 .debug_macro   0x00003790       0x22 src/ASF/sam0/drivers/dma/dma.o
 .debug_macro   0x000037b2       0x40 src/ASF/sam0/drivers/dma/dma.o
 .debug_macro   0x000037f2       0x1c src/ASF/sam0/drivers/dma/dma.o
 .debug_macro   0x0000380e       0x22 src/ASF/sam0/drivers/dma/dma.o
 .debug_macro   0x00003830       0xaf src/ASF/sam0/drivers/dma/dma.o
 .debug_macro   0x000038df      0x3ad src/ASF/sam0/drivers/dma/dma.o
 .debug_macro   0x00003c8c      0x681 src/ASF/sam0/drivers/dma/dma.o
 .debug_macro   0x0000430d      0x8b5 src/ASF/sam0/drivers/dma/dma.o
 .debug_macro   0x00004bc2      0x230 src/ASF/sam0/drivers/dma/dma.o
 .debug_macro   0x00004df2      0xd60 src/ASF/sam0/drivers/dma/dma.o
 .debug_macro   0x00005b52      0x4cb src/ASF/sam0/drivers/dma/dma.o
 .debug_macro   0x0000601d      0x9f8 src/ASF/sam0/drivers/dma/dma.o
 .debug_macro   0x00006a15      0x82b src/ASF/sam0/drivers/dma/dma.o
 .debug_macro   0x00007240      0x455 src/ASF/sam0/drivers/dma/dma.o
 .debug_macro   0x00007695       0x5e src/ASF/sam0/drivers/dma/dma.o
 .debug_macro   0x000076f3      0x8fd src/ASF/sam0/drivers/dma/dma.o
 .debug_macro   0x00007ff0      0x21c src/ASF/sam0/drivers/dma/dma.o
 .debug_macro   0x0000820c      0x95b src/ASF/sam0/drivers/dma/dma.o
 .debug_macro   0x00008b67       0x5e src/ASF/sam0/drivers/dma/dma.o
 .debug_macro   0x00008bc5      0x667 src/ASF/sam0/drivers/dma/dma.o
 .debug_macro   0x0000922c      0x3af src/ASF/sam0/drivers/dma/dma.o
 .debug_macro   0x000095db      0xc7a src/ASF/sam0/drivers/dma/dma.o
 .debug_macro   0x0000a255     0x1092 src/ASF/sam0/drivers/dma/dma.o
 .debug_macro   0x0000b2e7      0xc4a src/ASF/sam0/drivers/dma/dma.o
 .debug_macro   0x0000bf31      0x6ba src/ASF/sam0/drivers/dma/dma.o
 .debug_macro   0x0000c5eb     0x1bbf src/ASF/sam0/drivers/dma/dma.o
 .debug_macro   0x0000e1aa     0x1440 src/ASF/sam0/drivers/dma/dma.o
 .debug_macro   0x0000f5ea      0x344 src/ASF/sam0/drivers/dma/dma.o
 .debug_macro   0x0000f92e       0x7c src/ASF/sam0/drivers/dma/dma.o
 .debug_macro   0x0000f9aa       0xa0 src/ASF/sam0/drivers/dma/dma.o
 .debug_macro   0x0000fa4a       0x4c src/ASF/sam0/drivers/dma/dma.o
 .debug_macro   0x0000fa96       0xca src/ASF/sam0/drivers/dma/dma.o
 .debug_macro   0x0000fb60       0x94 src/ASF/sam0/drivers/dma/dma.o
 .debug_macro   0x0000fbf4       0x58 src/ASF/sam0/drivers/dma/dma.o
 .debug_macro   0x0000fc4c      0x37d src/ASF/sam0/drivers/dma/dma.o
 .debug_macro   0x0000ffc9       0x82 src/ASF/sam0/drivers/dma/dma.o
 .debug_macro   0x0001004b      0x18d src/ASF/sam0/drivers/dma/dma.o
 .debug_macro   0x000101d8       0xb8 src/ASF/sam0/drivers/dma/dma.o
 .debug_macro   0x00010290       0xa0 src/ASF/sam0/drivers/dma/dma.o
 .debug_macro   0x00010330       0xb8 src/ASF/sam0/drivers/dma/dma.o
 .debug_macro   0x000103e8       0x1c src/ASF/sam0/drivers/dma/dma.o
 .debug_macro   0x00010404       0x1c src/ASF/sam0/drivers/dma/dma.o
 .debug_macro   0x00010420       0x1c src/ASF/sam0/drivers/dma/dma.o
 .debug_macro   0x0001043c       0x82 src/ASF/sam0/drivers/dma/dma.o
 .debug_macro   0x000104be      0x15a src/ASF/sam0/drivers/dma/dma.o
 .debug_macro   0x00010618       0xdc src/ASF/sam0/drivers/dma/dma.o
 .debug_macro   0x000106f4      0x128 src/ASF/sam0/drivers/dma/dma.o
 .debug_macro   0x0001081c      0x128 src/ASF/sam0/drivers/dma/dma.o
 .debug_macro   0x00010944      0x128 src/ASF/sam0/drivers/dma/dma.o
 .debug_macro   0x00010a6c      0x128 src/ASF/sam0/drivers/dma/dma.o
 .debug_macro   0x00010b94      0x128 src/ASF/sam0/drivers/dma/dma.o
 .debug_macro   0x00010cbc      0x128 src/ASF/sam0/drivers/dma/dma.o
 .debug_macro   0x00010de4      0x124 src/ASF/sam0/drivers/dma/dma.o
 .debug_macro   0x00010f08       0xe2 src/ASF/sam0/drivers/dma/dma.o
 .debug_macro   0x00010fea       0xe2 src/ASF/sam0/drivers/dma/dma.o
 .debug_macro   0x000110cc       0xe2 src/ASF/sam0/drivers/dma/dma.o
 .debug_macro   0x000111ae       0xe2 src/ASF/sam0/drivers/dma/dma.o
 .debug_macro   0x00011290       0xe2 src/ASF/sam0/drivers/dma/dma.o
 .debug_macro   0x00011372      0x130 src/ASF/sam0/drivers/dma/dma.o
 .debug_macro   0x000114a2      0x106 src/ASF/sam0/drivers/dma/dma.o
 .debug_macro   0x000115a8       0xfa src/ASF/sam0/drivers/dma/dma.o
 .debug_macro   0x000116a2      0x40f src/ASF/sam0/drivers/dma/dma.o
 .debug_macro   0x00011ab1       0x40 src/ASF/sam0/drivers/dma/dma.o
 .debug_macro   0x00011af1      0x37d src/ASF/sam0/drivers/dma/dma.o
 .debug_macro   0x00011e6e     0x1e52 src/ASF/sam0/drivers/dma/dma.o
 .debug_macro   0x00013cc0       0x6d src/ASF/sam0/drivers/dma/dma.o
 .debug_macro   0x00013d2d       0x1c src/ASF/sam0/drivers/dma/dma.o
 .debug_macro   0x00013d49       0x10 src/ASF/sam0/drivers/dma/dma.o
 .debug_macro   0x00013d59       0x10 src/ASF/sam0/drivers/dma/dma.o
 .debug_macro   0x00013d69       0x1c src/ASF/sam0/drivers/dma/dma.o
 .debug_macro   0x00013d85       0x52 src/ASF/sam0/drivers/dma/dma.o
 .debug_macro   0x00013dd7       0x40 src/ASF/sam0/drivers/dma/dma.o
 .debug_macro   0x00013e17       0x10 src/ASF/sam0/drivers/dma/dma.o
 .debug_macro   0x00013e27       0x40 src/ASF/sam0/drivers/dma/dma.o
 .debug_macro   0x00013e67       0xd7 src/ASF/sam0/drivers/dma/dma.o
 .debug_macro   0x00013f3e       0x16 src/ASF/sam0/drivers/dma/dma.o
 .debug_macro   0x00013f54      0x18b src/ASF/sam0/drivers/dma/dma.o
 .debug_macro   0x000140df       0x16 src/ASF/sam0/drivers/dma/dma.o
 .debug_macro   0x000140f5       0x16 src/ASF/sam0/drivers/dma/dma.o
 .debug_macro   0x0001410b       0x29 src/ASF/sam0/drivers/dma/dma.o
 .debug_macro   0x00014134       0x51 src/ASF/sam0/drivers/dma/dma.o
 .debug_macro   0x00014185       0x3e src/ASF/sam0/drivers/dma/dma.o
 .debug_macro   0x000141c3      0x3df src/ASF/sam0/drivers/dma/dma.o
 .debug_macro   0x000145a2       0x10 src/ASF/sam0/drivers/dma/dma.o
 .debug_macro   0x000145b2       0x11 src/ASF/sam0/drivers/dma/dma.o
 .debug_macro   0x000145c3       0x2e src/ASF/sam0/drivers/dma/dma.o
 .debug_macro   0x000145f1      0x17f src/ASF/thirdparty/freertos/freertos-7.4.2/Source/list.o
 .debug_macro   0x00014770      0x10e src/ASF/thirdparty/freertos/freertos-7.4.2/Source/list.o
 .debug_macro   0x0001487e       0x86 src/ASF/thirdparty/freertos/freertos-7.4.2/Source/list.o
 .debug_macro   0x00014904      0x122 src/ASF/thirdparty/freertos/freertos-7.4.2/Source/portable/GCC/ARM_CM0/port.o
 .debug_macro   0x00014a26      0x1a0 src/ASF/thirdparty/freertos/freertos-7.4.2/Source/portable/MemMang/heap_1.o
 .debug_macro   0x00014bc6      0x207 src/ASF/thirdparty/freertos/freertos-7.4.2/Source/queue.o
 .debug_macro   0x00014dcd       0x16 src/ASF/thirdparty/freertos/freertos-7.4.2/Source/queue.o
 .debug_macro   0x00014de3       0x9c src/ASF/thirdparty/freertos/freertos-7.4.2/Source/queue.o
 .debug_macro   0x00014e7f      0x2ee src/ASF/thirdparty/freertos/freertos-7.4.2/Source/tasks.o
 .debug_macro   0x0001516d       0x16 src/ASF/thirdparty/freertos/freertos-7.4.2/Source/tasks.o
 .debug_macro   0x00015183       0x97 src/ASF/thirdparty/freertos/freertos-7.4.2/Source/tasks.o
 .debug_macro   0x0001521a       0xf6 src/ASF/thirdparty/freertos/freertos-7.4.2/Source/tasks.o
 .debug_macro   0x00015310       0x5b src/ASF/thirdparty/freertos/freertos-7.4.2/Source/tasks.o
 .debug_macro   0x0001536b       0x16 src/ASF/thirdparty/freertos/freertos-7.4.2/Source/tasks.o
 .debug_macro   0x00015381      0x102 src/ASF/thirdparty/freertos/freertos-7.4.2/Source/timers.o
 .debug_macro   0x00015483      0x7e4 src/custom_pin_map.o
 .debug_macro   0x00015c67       0x94 src/custom_pin_map.o
 .debug_macro   0x00015cfb       0xb5 src/custom_pin_map.o
 .debug_macro   0x00015db0       0x58 src/custom_pin_map.o
 .debug_macro   0x00015e08      0x34d src/custom_pin_map.o
 .debug_macro   0x00016155       0x18 src/custom_pin_map.o
 .debug_macro   0x0001616d       0x16 src/custom_pin_map.o
 .debug_macro   0x00016183       0x19 src/custom_pin_map.o
 .debug_macro   0x0001619c       0x10 src/custom_pin_map.o
 .debug_macro   0x000161ac       0x34 src/custom_pin_map.o
 .debug_macro   0x000161e0       0x16 src/custom_pin_map.o
 .debug_macro   0x000161f6      0x118 src/custom_pin_map.o
 .debug_macro   0x0001630e       0x43 src/custom_pin_map.o
 .debug_macro   0x00016351       0x78 src/custom_pin_map.o
 .debug_macro   0x000163c9       0x5d src/custom_pin_map.o
 .debug_macro   0x00016426      0x2d8 src/custom_pin_map.o
 .debug_macro   0x000166fe      0x9f4 src/custom_pin_map.o
 .debug_macro   0x000170f2       0x18 src/custom_pin_map.o
 .debug_macro   0x0001710a      0x298 src/custom_pin_map.o
 .debug_macro   0x000173a2       0xb2 src/custom_pin_map.o
 .debug_macro   0x00017454       0x10 src/custom_pin_map.o
 .debug_macro   0x00017464       0x57 src/custom_pin_map.o
 .debug_macro   0x000174bb       0x10 src/custom_pin_map.o
 .debug_macro   0x000174cb       0x6c src/custom_pin_map.o
 .debug_macro   0x00017537       0x8f src/custom_pin_map.o
 .debug_macro   0x000175c6      0x51f src/ASF/common/utils/interrupt/interrupt_sam_nvic.o
 .debug_macro   0x00017ae5      0x55b src/ASF/sam0/boards/samd21_xplained_pro/board_init.o
 .debug_macro   0x00018040       0x12 src/ASF/sam0/boards/samd21_xplained_pro/board_init.o
 .debug_macro   0x00018052      0x59e src/ASF/sam0/drivers/adc/adc_sam_d_r_h/adc.o
 .debug_macro   0x000185f0      0x5a1 src/ASF/sam0/drivers/adc/adc_sam_d_r_h/adc_callback.o
 .debug_macro   0x00018b91      0x539 src/ASF/sam0/drivers/port/port.o
 .debug_macro   0x000190ca      0x572 src/ASF/sam0/drivers/rtc/rtc_sam_d_r_h/rtc_count.o
 .debug_macro   0x0001963c      0x57c src/ASF/sam0/drivers/rtc/rtc_sam_d_r_h/rtc_count_interrupt.o
 .debug_macro   0x00019bb8      0x5ac src/ASF/sam0/drivers/sercom/sercom.o
 .debug_macro   0x0001a164      0x5a9 src/ASF/sam0/drivers/sercom/sercom_interrupt.o
 .debug_macro   0x0001a70d      0x5bd src/ASF/sam0/drivers/sercom/usart/usart.o
 .debug_macro   0x0001acca       0x51 src/ASF/sam0/drivers/sercom/usart/usart.o
 .debug_macro   0x0001ad1b      0x5bd src/ASF/sam0/drivers/sercom/usart/usart_interrupt.o
 .debug_macro   0x0001b2d8      0x590 src/ASF/sam0/drivers/system/clock/clock_samd21_r21_da_ha1/clock.o
 .debug_macro   0x0001b868      0x555 src/ASF/sam0/drivers/system/clock/clock_samd21_r21_da_ha1/gclk.o
 .debug_macro   0x0001bdbd      0x52f src/ASF/sam0/drivers/system/pinmux/pinmux.o
 .debug_macro   0x0001c2ec       0x12 src/ASF/sam0/drivers/system/pinmux/pinmux.o
 .debug_macro   0x0001c2fe      0x562 src/ASF/sam0/drivers/system/system.o
 .debug_macro   0x0001c860      0x599 src/ASF/sam0/drivers/tcc/tcc_callback.o
 .debug_macro   0x0001cdf9      0x58c src/ASF/sam0/drivers/tc/tc_interrupt.o
 .debug_macro   0x0001d385       0x19 src/ASF/sam0/drivers/tc/tc_interrupt.o
 .debug_macro   0x0001d39e       0x51 src/ASF/sam0/drivers/tc/tc_interrupt.o
 .debug_macro   0x0001d3ef      0x306 src/ASF/sam0/utils/cmsis/samd21/source/gcc/startup_samd21.o
 .debug_macro   0x0001d6f5       0x3a src/ASF/sam0/utils/cmsis/samd21/source/gcc/startup_samd21.o
 .debug_macro   0x0001d72f      0x7f0 src/ADC_4_Channel.o
 .debug_macro   0x0001df1f       0x22 src/ADC_4_Channel.o
 .debug_macro   0x0001df41      0x892 src/main.o
 .debug_macro   0x0001e7d3       0x28 src/main.o
