Archive member included to satisfy reference by file (symbol)

c:/program files (x86)/atmel/studio/7.0/toolchain/arm/arm-gnu-toolchain/bin/../lib/gcc/arm-none-eabi/6.3.1/thumb/v6-m\libgcc.a(_udivsi3.o)
                              src/ASF/sam0/drivers/system/clock/clock_samd21_r21_da_ha1/clock.o (__aeabi_uidiv)
c:/program files (x86)/atmel/studio/7.0/toolchain/arm/arm-gnu-toolchain/bin/../lib/gcc/arm-none-eabi/6.3.1/thumb/v6-m\libgcc.a(_dvmd_tls.o)
                              c:/program files (x86)/atmel/studio/7.0/toolchain/arm/arm-gnu-toolchain/bin/../lib/gcc/arm-none-eabi/6.3.1/thumb/v6-m\libgcc.a(_udivsi3.o) (__aeabi_idiv0)
c:/program files (x86)/atmel/studio/7.0/toolchain/arm/arm-gnu-toolchain/bin/../lib/gcc/arm-none-eabi/6.3.1/thumb/v6-m\libgcc.a(_aeabi_uldivmod.o)
                              src/ADC_4_Channel.o (__aeabi_uldivmod)
c:/program files (x86)/atmel/studio/7.0/toolchain/arm/arm-gnu-toolchain/bin/../lib/gcc/arm-none-eabi/6.3.1/thumb/v6-m\libgcc.a(_muldi3.o)
                              src/ASF/sam0/drivers/sercom/sercom.o (__aeabi_lmul)
c:/program files (x86)/atmel/studio/7.0/toolchain/arm/arm-gnu-toolchain/bin/../lib/gcc/arm-none-eabi/6.3.1/thumb/v6-m\libgcc.a(_udivmoddi4.o)
                              c:/program files (x86)/atmel/studio/7.0/toolchain/arm/arm-gnu-toolchain/bin/../lib/gcc/arm-none-eabi/6.3.1/thumb/v6-m\libgcc.a(_aeabi_uldivmod.o) (__udivmoddi4)
c:/program files (x86)/atmel/studio/7.0/toolchain/arm/arm-gnu-toolchain/bin/../lib/gcc/arm-none-eabi/6.3.1/thumb/v6-m\libgcc.a(_clzdi2.o)
                              c:/program files (x86)/atmel/studio/7.0/toolchain/arm/arm-gnu-toolchain/bin/../lib/gcc/arm-none-eabi/6.3.1/thumb/v6-m\libgcc.a(_udivmoddi4.o) (__clzdi2)
c:/program files (x86)/atmel/studio/7.0/toolchain/arm/arm-gnu-toolchain/bin/../lib/gcc/arm-none-eabi/6.3.1/thumb/v6-m\libgcc.a(_clzsi2.o)
                              c:/program files (x86)/atmel/studio/7.0/toolchain/arm/arm-gnu-toolchain/bin/../lib/gcc/arm-none-eabi/6.3.1/thumb/v6-m\libgcc.a(_clzdi2.o) (__clzsi2)
c:/program files (x86)/atmel/studio/7.0/toolchain/arm/arm-gnu-toolchain/bin/../lib/gcc/arm-none-eabi/6.3.1/../../../../arm-none-eabi/lib/thumb/v6-m\libc_nano.a(lib_a-exit.o)
                              c:/program files (x86)/atmel/studio/7.0/toolchain/arm/arm-gnu-toolchain/bin/../lib/gcc/arm-none-eabi/6.3.1/../../../../arm-none-eabi/lib/thumb/v6-m/crt0.o (exit)
c:/program files (x86)/atmel/studio/7.0/toolchain/arm/arm-gnu-toolchain/bin/../lib/gcc/arm-none-eabi/6.3.1/../../../../arm-none-eabi/lib/thumb/v6-m\libc_nano.a(lib_a-impure.o)
                              c:/program files (x86)/atmel/studio/7.0/toolchain/arm/arm-gnu-toolchain/bin/../lib/gcc/arm-none-eabi/6.3.1/../../../../arm-none-eabi/lib/thumb/v6-m\libc_nano.a(lib_a-exit.o) (_global_impure_ptr)
c:/program files (x86)/atmel/studio/7.0/toolchain/arm/arm-gnu-toolchain/bin/../lib/gcc/arm-none-eabi/6.3.1/../../../../arm-none-eabi/lib/thumb/v6-m\libc_nano.a(lib_a-init.o)
                              c:/program files (x86)/atmel/studio/7.0/toolchain/arm/arm-gnu-toolchain/bin/../lib/gcc/arm-none-eabi/6.3.1/../../../../arm-none-eabi/lib/thumb/v6-m/crt0.o (__libc_init_array)
c:/program files (x86)/atmel/studio/7.0/toolchain/arm/arm-gnu-toolchain/bin/../lib/gcc/arm-none-eabi/6.3.1/../../../../arm-none-eabi/lib/thumb/v6-m\libc_nano.a(lib_a-memcpy-stub.o)
                              src/ASF/sam0/drivers/dma/dma.o (memcpy)
c:/program files (x86)/atmel/studio/7.0/toolchain/arm/arm-gnu-toolchain/bin/../lib/gcc/arm-none-eabi/6.3.1/../../../../arm-none-eabi/lib/thumb/v6-m\libc_nano.a(lib_a-memset.o)
                              c:/program files (x86)/atmel/studio/7.0/toolchain/arm/arm-gnu-toolchain/bin/../lib/gcc/arm-none-eabi/6.3.1/../../../../arm-none-eabi/lib/thumb/v6-m/crt0.o (memset)

Allocating common symbols
Common symbol       size              file

_tcc_instances      0xc               src/ASF/sam0/drivers/tcc/tcc_callback.o
_rtc_instance       0x4               src/ASF/sam0/drivers/rtc/rtc_sam_d_r_h/rtc_count.o
rtc_instance        0x18              src/main.o
descriptor_section  0x50              src/ASF/sam0/drivers/dma/dma.o
usart_instance      0x34              src/main.o
_tc_instances       0x14              src/ASF/sam0/drivers/tc/tc_interrupt.o
_sercom_instances   0x18              src/ASF/sam0/drivers/sercom/sercom_interrupt.o
sleepmgr_locks      0x5               src/ASF/common/services/sleepmgr/samd/sleepmgr.o
_adc_instances      0x4               src/ASF/sam0/drivers/adc/adc_sam_d_r_h/adc_callback.o
pin_conf            0x3               src/ADC_4_Channel.o
adc_instance        0x20              src/ADC_4_Channel.o

Discarded input sections

 .text          0x00000000        0x0 c:/program files (x86)/atmel/studio/7.0/toolchain/arm/arm-gnu-toolchain/bin/../lib/gcc/arm-none-eabi/6.3.1/thumb/v6-m/crti.o
[...]
Memory Configuration

Name             Origin             Length             Attributes
rom              0x00000000         0x00040000         xr
ram              0x20000000         0x00008000         xrw
*default*        0x00000000         0xffffffff

Linker script and memory map

LOAD c:/program files (x86)/atmel/studio/7.0/toolchain/arm/arm-gnu-toolchain/bin/../lib/gcc/arm-none-eabi/6.3.1/thumb/v6-m/crti.o
LOAD c:/program files (x86)/atmel/studio/7.0/toolchain/arm/arm-gnu-toolchain/bin/../lib/gcc/arm-none-eabi/6.3.1/thumb/v6-m/crtbegin.o
LOAD c:/program files (x86)/atmel/studio/7.0/toolchain/arm/arm-gnu-toolchain/bin/../lib/gcc/arm-none-eabi/6.3.1/../../../../arm-none-eabi/lib/thumb/v6-m/crt0.o
LOAD src/ASF/sam0/drivers/dma/dma.o
LOAD src/ASF/common2/services/delay/sam0/cycle_counter.o
LOAD src/ASF/common/services/sleepmgr/samd/sleepmgr.o
LOAD src/ASF/common/utils/interrupt/interrupt_sam_nvic.o
LOAD src/ASF/sam0/boards/samd21_xplained_pro/board_init.o
LOAD src/ASF/sam0/drivers/adc/adc_sam_d_r_h/adc.o
LOAD src/ASF/sam0/drivers/adc/adc_sam_d_r_h/adc_callback.o
LOAD src/ASF/sam0/drivers/port/port.o
LOAD src/ASF/sam0/drivers/rtc/rtc_sam_d_r_h/rtc_count.o
LOAD src/ASF/sam0/drivers/rtc/rtc_sam_d_r_h/rtc_count_interrupt.o
LOAD src/ASF/sam0/drivers/sercom/sercom.o
LOAD src/ASF/sam0/drivers/sercom/sercom_interrupt.o
LOAD src/ASF/sam0/drivers/sercom/usart/usart.o
LOAD src/ASF/sam0/drivers/sercom/usart/usart_interrupt.o
LOAD src/ASF/sam0/drivers/system/clock/clock_samd21_r21_da_ha1/clock.o
LOAD src/ASF/sam0/drivers/system/clock/clock_samd21_r21_da_ha1/gclk.o
LOAD src/ASF/sam0/drivers/system/interrupt/system_interrupt.o
LOAD src/ASF/sam0/drivers/system/pinmux/pinmux.o
LOAD src/ASF/sam0/drivers/system/system.o
LOAD src/ASF/sam0/drivers/tcc/tcc.o
LOAD src/ASF/sam0/drivers/tcc/tcc_callback.o
LOAD src/ASF/sam0/drivers/tc/tc_interrupt.o
LOAD src/ASF/sam0/drivers/tc/tc_sam_d_r_h/tc.o
LOAD src/ASF/sam0/utils/cmsis/samd21/source/gcc/startup_samd21.o
LOAD src/ASF/sam0/utils/cmsis/samd21/source/system_samd21.o
LOAD src/ASF/sam0/utils/syscalls/gcc/syscalls.o
LOAD src/ADC_4_Channel.o
LOAD src/main.o
START GROUP
LOAD ../src/ASF/thirdparty/CMSIS/Lib/GCC\libarm_cortexM0l_math.a
LOAD c:/program files (x86)/atmel/studio/7.0/toolchain/arm/arm-gnu-toolchain/bin/../lib/gcc/arm-none-eabi/6.3.1/../../../../arm-none-eabi/lib/thumb/v6-m\libm.a
END GROUP
START GROUP
LOAD c:/program files (x86)/atmel/studio/7.0/toolchain/arm/arm-gnu-toolchain/bin/../lib/gcc/arm-none-eabi/6.3.1/thumb/v6-m\libgcc.a
LOAD c:/program files (x86)/atmel/studio/7.0/toolchain/arm/arm-gnu-toolchain/bin/../lib/gcc/arm-none-eabi/6.3.1/../../../../arm-none-eabi/lib/thumb/v6-m\libc_nano.a
END GROUP
START GROUP
LOAD c:/program files (x86)/atmel/studio/7.0/toolchain/arm/arm-gnu-toolchain/bin/../lib/gcc/arm-none-eabi/6.3.1/thumb/v6-m\libgcc.a
LOAD c:/program files (x86)/atmel/studio/7.0/toolchain/arm/arm-gnu-toolchain/bin/../lib/gcc/arm-none-eabi/6.3.1/../../../../arm-none-eabi/lib/thumb/v6-m\libc_nano.a
END GROUP
LOAD c:/program files (x86)/atmel/studio/7.0/toolchain/arm/arm-gnu-toolchain/bin/../lib/gcc/arm-none-eabi/6.3.1/thumb/v6-m/crtend.o
LOAD c:/program files (x86)/atmel/studio/7.0/toolchain/arm/arm-gnu-toolchain/bin/../lib/gcc/arm-none-eabi/6.3.1/thumb/v6-m/crtn.o
                0x00002000                STACK_SIZE = DEFINED (STACK_SIZE)?STACK_SIZE:DEFINED (__stack_size__)?__stack_size__:0x2000

.text           0x00000000     0x3798
                0x00000000                . = ALIGN (0x4)
                0x00000000                _sfixed = .
 *(.vectors .vectors.*)
 .vectors       0x00000000       0xb4 src/ASF/sam0/utils/cmsis/samd21/source/gcc/startup_samd21.o
                0x00000000                exception_table
 *(.text .text.* .gnu.linkonce.t.*)
 .text          0x000000b4       0x60 c:/program files (x86)/atmel/studio/7.0/toolchain/arm/arm-gnu-toolchain/bin/../lib/gcc/arm-none-eabi/6.3.1/thumb/v6-m/crtbegin.o
 .text.system_interrupt_enter_critical_section
                0x00000114       0x14 src/ASF/sam0/drivers/dma/dma.o
 .text.system_interrupt_leave_critical_section
                0x00000128       0x14 src/ASF/sam0/drivers/dma/dma.o
 .text.DMAC_Handler
                0x0000013c      0x144 src/ASF/sam0/drivers/dma/dma.o
                0x0000013c                DMAC_Handler
 .text.cpu_irq_enter_critical
                0x00000280       0x54 src/ASF/common/utils/interrupt/interrupt_sam_nvic.o
                0x00000280                cpu_irq_enter_critical
 .text.cpu_irq_leave_critical
                0x000002d4       0x40 src/ASF/common/utils/interrupt/interrupt_sam_nvic.o
                0x000002d4                cpu_irq_leave_critical
 .text.system_pinmux_get_group_from_gpio_pin
                0x00000314       0x60 src/ASF/sam0/boards/samd21_xplained_pro/board_init.o
 .text.port_get_group_from_gpio_pin
                0x00000374       0x24 src/ASF/sam0/boards/samd21_xplained_pro/board_init.o
 .text.port_get_config_defaults
                0x00000398       0x22 src/ASF/sam0/boards/samd21_xplained_pro/board_init.o
 *fill*         0x000003ba        0x2 
 .text.port_pin_set_output_level
                0x000003bc       0x54 src/ASF/sam0/boards/samd21_xplained_pro/board_init.o
 .text.system_board_init
                0x00000410       0x50 src/ASF/sam0/boards/samd21_xplained_pro/board_init.o
                0x00000410                board_init
                0x00000410                system_board_init
 .text.adc_is_syncing
                0x00000460       0x28 src/ASF/sam0/drivers/adc/adc_sam_d_r_h/adc_callback.o
 .text.adc_start_conversion
                0x00000488       0x48 src/ASF/sam0/drivers/adc/adc_sam_d_r_h/adc_callback.o
 .text.adc_disable_interrupt
                0x000004d0       0x24 src/ASF/sam0/drivers/adc/adc_sam_d_r_h/adc_callback.o
 .text._adc_interrupt_handler
                0x000004f4      0x140 src/ASF/sam0/drivers/adc/adc_sam_d_r_h/adc_callback.o
 .text.ADC_Handler
                0x00000634       0x14 src/ASF/sam0/drivers/adc/adc_sam_d_r_h/adc_callback.o
                0x00000634                ADC_Handler
 .text.system_pinmux_get_config_defaults
                0x00000648       0x28 src/ASF/sam0/drivers/port/port.o
 .text.port_pin_set_config
                0x00000670       0x60 src/ASF/sam0/drivers/port/port.o
                0x00000670                port_pin_set_config
 .text.system_gclk_chan_get_config_defaults
                0x000006d0       0x16 src/ASF/sam0/drivers/rtc/rtc_sam_d_r_h/rtc_count.o
 *fill*         0x000006e6        0x2 
 .text.system_apb_clock_set_mask
                0x000006e8       0x5c src/ASF/sam0/drivers/rtc/rtc_sam_d_r_h/rtc_count.o
 .text.system_interrupt_enable
                0x00000744       0x2c src/ASF/sam0/drivers/rtc/rtc_sam_d_r_h/rtc_count.o
 .text.system_interrupt_disable
                0x00000770       0x30 src/ASF/sam0/drivers/rtc/rtc_sam_d_r_h/rtc_count.o
 .text.rtc_count_is_syncing
                0x000007a0       0x28 src/ASF/sam0/drivers/rtc/rtc_sam_d_r_h/rtc_count.o
 .text.rtc_count_enable
                0x000007c8       0x44 src/ASF/sam0/drivers/rtc/rtc_sam_d_r_h/rtc_count.o
                0x000007c8                rtc_count_enable
 .text.rtc_count_disable
                0x0000080c       0x50 src/ASF/sam0/drivers/rtc/rtc_sam_d_r_h/rtc_count.o
                0x0000080c                rtc_count_disable
 .text.rtc_count_reset
                0x0000085c       0x50 src/ASF/sam0/drivers/rtc/rtc_sam_d_r_h/rtc_count.o
                0x0000085c                rtc_count_reset
 .text._rtc_count_set_config
                0x000008ac      0x144 src/ASF/sam0/drivers/rtc/rtc_sam_d_r_h/rtc_count.o
 .text.rtc_count_init
                0x000009f0       0x90 src/ASF/sam0/drivers/rtc/rtc_sam_d_r_h/rtc_count.o
                0x000009f0                rtc_count_init
 .text.rtc_count_set_count
                0x00000a80       0x60 src/ASF/sam0/drivers/rtc/rtc_sam_d_r_h/rtc_count.o
                0x00000a80                rtc_count_set_count
 .text.rtc_count_set_compare
                0x00000ae0       0x8c src/ASF/sam0/drivers/rtc/rtc_sam_d_r_h/rtc_count.o
                0x00000ae0                rtc_count_set_compare
 .text.rtc_count_register_callback
                0x00000b6c       0xac src/ASF/sam0/drivers/rtc/rtc_sam_d_r_h/rtc_count_interrupt.o
                0x00000b6c                rtc_count_register_callback
 .text.rtc_count_enable_callback
                0x00000c18       0x60 src/ASF/sam0/drivers/rtc/rtc_sam_d_r_h/rtc_count_interrupt.o
                0x00000c18                rtc_count_enable_callback
 .text._rtc_interrupt_handler
                0x00000c78       0xd4 src/ASF/sam0/drivers/rtc/rtc_sam_d_r_h/rtc_count_interrupt.o
 .text.RTC_Handler
                0x00000d4c       0x14 src/ASF/sam0/drivers/rtc/rtc_sam_d_r_h/rtc_count_interrupt.o
                0x00000d4c                RTC_Handler
 .text.system_gclk_chan_get_config_defaults
                0x00000d60       0x16 src/ASF/sam0/drivers/sercom/sercom.o
 .text.long_division
                0x00000d76       0xe0 src/ASF/sam0/drivers/sercom/sercom.o
 .text._sercom_get_sync_baud_val
                0x00000e56       0x7c src/ASF/sam0/drivers/sercom/sercom.o
                0x00000e56                _sercom_get_sync_baud_val
 *fill*         0x00000ed2        0x2 
 .text._sercom_get_async_baud_val
                0x00000ed4      0x1c0 src/ASF/sam0/drivers/sercom/sercom.o
                0x00000ed4                _sercom_get_async_baud_val
 .text.sercom_set_gclk_generator
                0x00001094       0x8c src/ASF/sam0/drivers/sercom/sercom.o
                0x00001094                sercom_set_gclk_generator
 .text._sercom_get_default_pad
                0x00001120      0x1bc src/ASF/sam0/drivers/sercom/sercom.o
                0x00001120                _sercom_get_default_pad
 .text._sercom_get_sercom_inst_index
                0x000012dc       0x50 src/ASF/sam0/drivers/sercom/sercom.o
                0x000012dc                _sercom_get_sercom_inst_index
 .text._sercom_default_handler
                0x0000132c       0x14 src/ASF/sam0/drivers/sercom/sercom_interrupt.o
 .text._sercom_set_handler
                0x00001340       0x6c src/ASF/sam0/drivers/sercom/sercom_interrupt.o
                0x00001340                _sercom_set_handler
 .text._sercom_get_interrupt_vector
                0x000013ac       0x44 src/ASF/sam0/drivers/sercom/sercom_interrupt.o
                0x000013ac                _sercom_get_interrupt_vector
 .text.SERCOM0_Handler
                0x000013f0       0x18 src/ASF/sam0/drivers/sercom/sercom_interrupt.o
                0x000013f0                SERCOM0_Handler
 .text.SERCOM1_Handler
                0x00001408       0x18 src/ASF/sam0/drivers/sercom/sercom_interrupt.o
                0x00001408                SERCOM1_Handler
 .text.SERCOM2_Handler
                0x00001420       0x18 src/ASF/sam0/drivers/sercom/sercom_interrupt.o
                0x00001420                SERCOM2_Handler
 .text.SERCOM3_Handler
                0x00001438       0x18 src/ASF/sam0/drivers/sercom/sercom_interrupt.o
                0x00001438                SERCOM3_Handler
 .text.SERCOM4_Handler
                0x00001450       0x18 src/ASF/sam0/drivers/sercom/sercom_interrupt.o
                0x00001450                SERCOM4_Handler
 .text.SERCOM5_Handler
                0x00001468       0x18 src/ASF/sam0/drivers/sercom/sercom_interrupt.o
                0x00001468                SERCOM5_Handler
 .text.system_gclk_chan_get_config_defaults
                0x00001480       0x16 src/ASF/sam0/drivers/sercom/usart/usart.o
 *fill*         0x00001496        0x2 
 .text.system_apb_clock_set_mask
                0x00001498       0x5c src/ASF/sam0/drivers/sercom/usart/usart.o
 .text.system_pinmux_get_config_defaults
                0x000014f4       0x28 src/ASF/sam0/drivers/sercom/usart/usart.o
 .text.system_is_debugger_present
                0x0000151c       0x20 src/ASF/sam0/drivers/sercom/usart/usart.o
 .text.usart_is_syncing
                0x0000153c       0x20 src/ASF/sam0/drivers/sercom/usart/usart.o
 .text._usart_wait_for_sync
                0x0000155c       0x24 src/ASF/sam0/drivers/sercom/usart/usart.o
 .text._usart_set_config
                0x00001580      0x2d4 src/ASF/sam0/drivers/sercom/usart/usart.o
 .text.usart_init
                0x00001854      0x274 src/ASF/sam0/drivers/sercom/usart/usart.o
                0x00001854                usart_init
 .text.usart_write_wait
                0x00001ac8       0x56 src/ASF/sam0/drivers/sercom/usart/usart.o
                0x00001ac8                usart_write_wait
 .text.usart_read_wait
                0x00001b1e       0xe0 src/ASF/sam0/drivers/sercom/usart/usart.o
                0x00001b1e                usart_read_wait
 *fill*         0x00001bfe        0x2 
 .text.usart_write_buffer_wait
                0x00001c00      0x120 src/ASF/sam0/drivers/sercom/usart/usart.o
                0x00001c00                usart_write_buffer_wait
 .text.usart_is_syncing
                0x00001d20       0x20 src/ASF/sam0/drivers/sercom/usart/usart_interrupt.o
 .text._usart_wait_for_sync
                0x00001d40       0x24 src/ASF/sam0/drivers/sercom/usart/usart_interrupt.o
 .text._usart_interrupt_handler
                0x00001d64      0x340 src/ASF/sam0/drivers/sercom/usart/usart_interrupt.o
                0x00001d64                _usart_interrupt_handler
 .text.system_gclk_gen_get_config_defaults
                0x000020a4       0x2e src/ASF/sam0/drivers/system/clock/clock_samd21_r21_da_ha1/clock.o
 .text.system_clock_source_osc32k_get_config_defaults
                0x000020d2       0x34 src/ASF/sam0/drivers/system/clock/clock_samd21_r21_da_ha1/clock.o
 .text.system_clock_source_osc8m_get_config_defaults
                0x00002106       0x22 src/ASF/sam0/drivers/system/clock/clock_samd21_r21_da_ha1/clock.o
 .text.system_cpu_clock_set_divider
                0x00002128       0x20 src/ASF/sam0/drivers/system/clock/clock_samd21_r21_da_ha1/clock.o
 .text.system_apb_clock_set_divider
                0x00002148       0x54 src/ASF/sam0/drivers/system/clock/clock_samd21_r21_da_ha1/clock.o
 .text.system_flash_set_waitstates
                0x0000219c       0x34 src/ASF/sam0/drivers/system/clock/clock_samd21_r21_da_ha1/clock.o
 .text._system_dfll_wait_for_sync
                0x000021d0       0x1c src/ASF/sam0/drivers/system/clock/clock_samd21_r21_da_ha1/clock.o
 .text._system_clock_source_dfll_set_config_errata_9905
                0x000021ec       0x44 src/ASF/sam0/drivers/system/clock/clock_samd21_r21_da_ha1/clock.o
 .text.system_clock_source_get_hz
                0x00002230       0xc0 src/ASF/sam0/drivers/system/clock/clock_samd21_r21_da_ha1/clock.o
                0x00002230                system_clock_source_get_hz
 .text.system_clock_source_osc8m_set_config
                0x000022f0       0x78 src/ASF/sam0/drivers/system/clock/clock_samd21_r21_da_ha1/clock.o
                0x000022f0                system_clock_source_osc8m_set_config
 .text.system_clock_source_osc32k_set_config
                0x00002368       0xcc src/ASF/sam0/drivers/system/clock/clock_samd21_r21_da_ha1/clock.o
                0x00002368                system_clock_source_osc32k_set_config
 .text.system_clock_source_enable
                0x00002434       0xac src/ASF/sam0/drivers/system/clock/clock_samd21_r21_da_ha1/clock.o
                0x00002434                system_clock_source_enable
 .text._switch_peripheral_gclk
                0x000024e0       0x38 src/ASF/sam0/drivers/system/clock/clock_samd21_r21_da_ha1/clock.o
 .text.system_clock_init
                0x00002518      0x184 src/ASF/sam0/drivers/system/clock/clock_samd21_r21_da_ha1/clock.o
                0x00002518                system_clock_init
 .text.system_apb_clock_set_mask
                0x0000269c       0x5c src/ASF/sam0/drivers/system/clock/clock_samd21_r21_da_ha1/gclk.o
 .text.system_interrupt_enter_critical_section
                0x000026f8       0x14 src/ASF/sam0/drivers/system/clock/clock_samd21_r21_da_ha1/gclk.o
 .text.system_interrupt_leave_critical_section
                0x0000270c       0x14 src/ASF/sam0/drivers/system/clock/clock_samd21_r21_da_ha1/gclk.o
 .text.system_gclk_is_syncing
                0x00002720       0x20 src/ASF/sam0/drivers/system/clock/clock_samd21_r21_da_ha1/gclk.o
 .text.system_gclk_init
                0x00002740       0x30 src/ASF/sam0/drivers/system/clock/clock_samd21_r21_da_ha1/gclk.o
                0x00002740                system_gclk_init
 .text.system_gclk_gen_set_config
                0x00002770      0x124 src/ASF/sam0/drivers/system/clock/clock_samd21_r21_da_ha1/gclk.o
                0x00002770                system_gclk_gen_set_config
 .text.system_gclk_gen_enable
                0x00002894       0x5c src/ASF/sam0/drivers/system/clock/clock_samd21_r21_da_ha1/gclk.o
                0x00002894                system_gclk_gen_enable
 .text.system_gclk_gen_get_hz
                0x000028f0       0xd8 src/ASF/sam0/drivers/system/clock/clock_samd21_r21_da_ha1/gclk.o
                0x000028f0                system_gclk_gen_get_hz
 .text.system_gclk_chan_set_config
                0x000029c8       0x44 src/ASF/sam0/drivers/system/clock/clock_samd21_r21_da_ha1/gclk.o
                0x000029c8                system_gclk_chan_set_config
 .text.system_gclk_chan_enable
                0x00002a0c       0x48 src/ASF/sam0/drivers/system/clock/clock_samd21_r21_da_ha1/gclk.o
                0x00002a0c                system_gclk_chan_enable
 .text.system_gclk_chan_disable
                0x00002a54       0x98 src/ASF/sam0/drivers/system/clock/clock_samd21_r21_da_ha1/gclk.o
                0x00002a54                system_gclk_chan_disable
 .text.system_gclk_chan_get_hz
                0x00002aec       0x58 src/ASF/sam0/drivers/system/clock/clock_samd21_r21_da_ha1/gclk.o
                0x00002aec                system_gclk_chan_get_hz
 .text.system_pinmux_get_group_from_gpio_pin
                0x00002b44       0x60 src/ASF/sam0/drivers/system/pinmux/pinmux.o
 .text._system_pinmux_config
                0x00002ba4      0x110 src/ASF/sam0/drivers/system/pinmux/pinmux.o
 .text.system_pinmux_pin_set_config
                0x00002cb4       0x48 src/ASF/sam0/drivers/system/pinmux/pinmux.o
                0x00002cb4                system_pinmux_pin_set_config
 .text._system_dummy_init
                0x00002cfc        0xa src/ASF/sam0/drivers/system/system.o
                0x00002cfc                _system_extint_init
                0x00002cfc                _system_events_init
                0x00002cfc                _system_dummy_init
                0x00002cfc                _system_divas_init
 *fill*         0x00002d06        0x2 
 .text.system_init
                0x00002d08       0x34 src/ASF/sam0/drivers/system/system.o
                0x00002d08                system_init
 .text.TCC0_Handler
                0x00002d3c       0x14 src/ASF/sam0/drivers/tcc/tcc_callback.o
                0x00002d3c                TCC0_Handler
 .text.TCC1_Handler
                0x00002d50       0x14 src/ASF/sam0/drivers/tcc/tcc_callback.o
                0x00002d50                TCC1_Handler
 .text.TCC2_Handler
                0x00002d64       0x14 src/ASF/sam0/drivers/tcc/tcc_callback.o
                0x00002d64                TCC2_Handler
 .text._tcc_interrupt_handler
                0x00002d78       0x7c src/ASF/sam0/drivers/tcc/tcc_callback.o
                0x00002d78                _tcc_interrupt_handler
 .text.TC3_Handler
                0x00002df4       0x14 src/ASF/sam0/drivers/tc/tc_interrupt.o
                0x00002df4                TC3_Handler
 .text.TC4_Handler
                0x00002e08       0x14 src/ASF/sam0/drivers/tc/tc_interrupt.o
                0x00002e08                TC4_Handler
 .text.TC5_Handler
                0x00002e1c       0x14 src/ASF/sam0/drivers/tc/tc_interrupt.o
                0x00002e1c                TC5_Handler
 .text.TC6_Handler
                0x00002e30       0x14 src/ASF/sam0/drivers/tc/tc_interrupt.o
                0x00002e30                TC6_Handler
 .text.TC7_Handler
                0x00002e44       0x14 src/ASF/sam0/drivers/tc/tc_interrupt.o
                0x00002e44                TC7_Handler
 .text._tc_interrupt_handler
                0x00002e58       0xb8 src/ASF/sam0/drivers/tc/tc_interrupt.o
                0x00002e58                _tc_interrupt_handler
 .text.Reset_Handler
                0x00002f10       0xf8 src/ASF/sam0/utils/cmsis/samd21/source/gcc/startup_samd21.o
                0x00002f10                Reset_Handler
 .text.Dummy_Handler
                0x00003008        0x6 src/ASF/sam0/utils/cmsis/samd21/source/gcc/startup_samd21.o
                0x00003008                HardFault_Handler
                0x00003008                AC_Handler
                0x00003008                SysTick_Handler
                0x00003008                PendSV_Handler
                0x00003008                NMI_Handler
                0x00003008                EIC_Handler
                0x00003008                WDT_Handler
                0x00003008                USB_Handler
                0x00003008                Dummy_Handler
                0x00003008                PM_Handler
                0x00003008                SVC_Handler
                0x00003008                EVSYS_Handler
                0x00003008                I2S_Handler
                0x00003008                NVMCTRL_Handler
                0x00003008                DAC_Handler
                0x00003008                PTC_Handler
                0x00003008                SYSCTRL_Handler
 *fill*         0x0000300e        0x2 
 .text.system_pinmux_get_group_from_gpio_pin
                0x00003010       0x60 src/main.o
 .text.system_interrupt_enable_global
                0x00003070       0x1c src/main.o
 .text.system_interrupt_enable
                0x0000308c       0x2c src/main.o
 .text.port_get_group_from_gpio_pin
                0x000030b8       0x24 src/main.o
 .text.port_get_config_defaults
                0x000030dc       0x22 src/main.o
 *fill*         0x000030fe        0x2 
 .text.port_pin_set_output_level
                0x00003100       0x54 src/main.o
 .text.rtc_count_get_config_defaults
                0x00003154       0x5c src/main.o
 .text.usart_is_syncing
                0x000031b0       0x20 src/main.o
 .text._usart_wait_for_sync
                0x000031d0       0x24 src/main.o
 .text.usart_get_config_defaults
                0x000031f4       0xc0 src/main.o
 .text.usart_enable
                0x000032b4       0x48 src/main.o
 .text.configure_usart
                0x000032fc       0x84 src/main.o
                0x000032fc                configure_usart
 .text.main     0x00003380       0xcc src/main.o
                0x00003380                main
 .text.configure_rtc_count
                0x0000344c       0x54 src/main.o
                0x0000344c                configure_rtc_count
 .text.rtc_overflow_callback
                0x000034a0       0x4c src/main.o
                0x000034a0                rtc_overflow_callback
 .text.configure_rtc_callbacks
                0x000034ec       0x30 src/main.o
                0x000034ec                configure_rtc_callbacks
 .text          0x0000351c      0x114 c:/program files (x86)/atmel/studio/7.0/toolchain/arm/arm-gnu-toolchain/bin/../lib/gcc/arm-none-eabi/6.3.1/thumb/v6-m\libgcc.a(_udivsi3.o)
                0x0000351c                __aeabi_uidiv
                0x0000351c                __udivsi3
                0x00003628                __aeabi_uidivmod
 .text          0x00003630        0x4 c:/program files (x86)/atmel/studio/7.0/toolchain/arm/arm-gnu-toolchain/bin/../lib/gcc/arm-none-eabi/6.3.1/thumb/v6-m\libgcc.a(_dvmd_tls.o)
                0x00003630                __aeabi_idiv0
                0x00003630                __aeabi_ldiv0
 .text          0x00003634       0x54 c:/program files (x86)/atmel/studio/7.0/toolchain/arm/arm-gnu-toolchain/bin/../lib/gcc/arm-none-eabi/6.3.1/thumb/v6-m\libgcc.a(_muldi3.o)
                0x00003634                __muldi3
                0x00003634                __aeabi_lmul
 .text.__libc_init_array
                0x00003688       0x48 c:/program files (x86)/atmel/studio/7.0/toolchain/arm/arm-gnu-toolchain/bin/../lib/gcc/arm-none-eabi/6.3.1/../../../../arm-none-eabi/lib/thumb/v6-m\libc_nano.a(lib_a-init.o)
                0x00003688                __libc_init_array
 *(.glue_7t)
 .glue_7t       0x000036d0        0x0 linker stubs
 *(.glue_7)
 .glue_7        0x000036d0        0x0 linker stubs
 *(.rodata .rodata* .gnu.linkonce.r.*)
 .rodata        0x000036d0       0x18 src/ASF/sam0/drivers/sercom/sercom.o
 .rodata        0x000036e8        0x6 src/ASF/sam0/drivers/sercom/sercom_interrupt.o
 *fill*         0x000036ee        0x2 
 .rodata.system_clock_source_get_hz
                0x000036f0       0x24 src/ASF/sam0/drivers/system/clock/clock_samd21_r21_da_ha1/clock.o
 .rodata.system_clock_source_enable
                0x00003714       0x24 src/ASF/sam0/drivers/system/clock/clock_samd21_r21_da_ha1/clock.o
 .rodata._tcc_intflag
                0x00003738       0x30 src/ASF/sam0/drivers/tcc/tcc_callback.o
                0x00003738                _tcc_intflag
 .rodata        0x00003768        0xf src/main.o
 *(.ARM.extab* .gnu.linkonce.armextab.*)
                0x00003778                . = ALIGN (0x4)
 *fill*         0x00003777        0x1 
 *(.init)
 .init          0x00003778        0x4 c:/program files (x86)/atmel/studio/7.0/toolchain/arm/arm-gnu-toolchain/bin/../lib/gcc/arm-none-eabi/6.3.1/thumb/v6-m/crti.o
                0x00003778                _init
 .init          0x0000377c        0x8 c:/program files (x86)/atmel/studio/7.0/toolchain/arm/arm-gnu-toolchain/bin/../lib/gcc/arm-none-eabi/6.3.1/thumb/v6-m/crtn.o
                0x00003784                . = ALIGN (0x4)
                0x00003784                __preinit_array_start = .
 *(.preinit_array)
                0x00003784                __preinit_array_end = .
                0x00003784                . = ALIGN (0x4)
                0x00003784                __init_array_start = .
 *(SORT(.init_array.*))
 *(.init_array)
 .init_array    0x00003784        0x4 c:/program files (x86)/atmel/studio/7.0/toolchain/arm/arm-gnu-toolchain/bin/../lib/gcc/arm-none-eabi/6.3.1/thumb/v6-m/crtbegin.o
                0x00003788                __init_array_end = .
                0x00003788                . = ALIGN (0x4)
 *crtbegin.o(.ctors)
 *(EXCLUDE_FILE(*crtend.o) .ctors)
 *(SORT(.ctors.*))
 *crtend.o(.ctors)
                0x00003788                . = ALIGN (0x4)
 *(.fini)
 .fini          0x00003788        0x4 c:/program files (x86)/atmel/studio/7.0/toolchain/arm/arm-gnu-toolchain/bin/../lib/gcc/arm-none-eabi/6.3.1/thumb/v6-m/crti.o
                0x00003788                _fini
 .fini          0x0000378c        0x8 c:/program files (x86)/atmel/studio/7.0/toolchain/arm/arm-gnu-toolchain/bin/../lib/gcc/arm-none-eabi/6.3.1/thumb/v6-m/crtn.o
                0x00003794                . = ALIGN (0x4)
                0x00003794                __fini_array_start = .
 *(.fini_array)
 .fini_array    0x00003794        0x4 c:/program files (x86)/atmel/studio/7.0/toolchain/arm/arm-gnu-toolchain/bin/../lib/gcc/arm-none-eabi/6.3.1/thumb/v6-m/crtbegin.o
 *(SORT(.fini_array.*))
                0x00003798                __fini_array_end = .
 *crtbegin.o(.dtors)
 *(EXCLUDE_FILE(*crtend.o) .dtors)
 *(SORT(.dtors.*))
 *crtend.o(.dtors)
                0x00003798                . = ALIGN (0x4)
                0x00003798                _efixed = .
                [!provide]                PROVIDE (__exidx_start, .)

.vfp11_veneer   0x00003798        0x0
 .vfp11_veneer  0x00003798        0x0 linker stubs

.v4_bx          0x00003798        0x0
 .v4_bx         0x00003798        0x0 linker stubs

.iplt           0x00003798        0x0
 .iplt          0x00003798        0x0 c:/program files (x86)/atmel/studio/7.0/toolchain/arm/arm-gnu-toolchain/bin/../lib/gcc/arm-none-eabi/6.3.1/thumb/v6-m/crtbegin.o

.eh_frame       0x00003798        0x0
 .eh_frame      0x00003798        0x0 c:/program files (x86)/atmel/studio/7.0/toolchain/arm/arm-gnu-toolchain/bin/../lib/gcc/arm-none-eabi/6.3.1/thumb/v6-m/crtbegin.o

.rel.dyn        0x00003798        0x0
 .rel.iplt      0x00003798        0x0 c:/program files (x86)/atmel/studio/7.0/toolchain/arm/arm-gnu-toolchain/bin/../lib/gcc/arm-none-eabi/6.3.1/thumb/v6-m/crtbegin.o

.jcr            0x00003798        0x0
 .jcr           0x00003798        0x0 c:/program files (x86)/atmel/studio/7.0/toolchain/arm/arm-gnu-toolchain/bin/../lib/gcc/arm-none-eabi/6.3.1/thumb/v6-m/crtbegin.o

.igot.plt       0x00003798        0x0
 .igot.plt      0x00003798        0x0 c:/program files (x86)/atmel/studio/7.0/toolchain/arm/arm-gnu-toolchain/bin/../lib/gcc/arm-none-eabi/6.3.1/thumb/v6-m/crtbegin.o

.ARM.exidx
 *(.ARM.exidx* .gnu.linkonce.armexidx.*)
                [!provide]                PROVIDE (__exidx_end, .)
                0x00003798                . = ALIGN (0x4)
                0x00003798                _etext = .

.relocate       0x20000000        0x4 load address 0x00003798
                0x20000000                . = ALIGN (0x4)
                0x20000000                _srelocate = .
 *(.ramfunc .ramfunc.*)
 *(.data .data.*)
 .data.g_interrupt_enabled
                0x20000000        0x1 src/ASF/common/utils/interrupt/interrupt_sam_nvic.o
                0x20000000                g_interrupt_enabled
                0x20000004                . = ALIGN (0x4)
 *fill*         0x20000001        0x3 
                0x20000004                _erelocate = .

.bss            0x20000010      0x1d0 load address 0x000037b0
                0x20000010                . = ALIGN (0x4)
                0x20000010                _sbss = .
                0x20000010                _szero = .
 *(.bss .bss.*)
 .bss           0x20000010       0x1c c:/program files (x86)/atmel/studio/7.0/toolchain/arm/arm-gnu-toolchain/bin/../lib/gcc/arm-none-eabi/6.3.1/thumb/v6-m/crtbegin.o
 *fill*         0x2000002c        0x4 
 .bss._write_back_section
                0x20000030       0x50 src/ASF/sam0/drivers/dma/dma.o
 .bss._dma_active_resource
                0x20000080       0x14 src/ASF/sam0/drivers/dma/dma.o
 .bss.cpu_irq_critical_section_counter
                0x20000094        0x4 src/ASF/common/utils/interrupt/interrupt_sam_nvic.o
 .bss.cpu_irq_prev_interrupt_state
                0x20000098        0x1 src/ASF/common/utils/interrupt/interrupt_sam_nvic.o
 *fill*         0x20000099        0x3 
 .bss._sercom_config
                0x2000009c        0x2 src/ASF/sam0/drivers/sercom/sercom.o
 .bss._handler_table_initialized
                0x2000009e        0x1 src/ASF/sam0/drivers/sercom/sercom_interrupt.o
 *fill*         0x2000009f        0x1 
 .bss._sercom_interrupt_handlers
                0x200000a0       0x18 src/ASF/sam0/drivers/sercom/sercom_interrupt.o
 .bss._system_clock_inst
                0x200000b8       0x18 src/ASF/sam0/drivers/system/clock/clock_samd21_r21_da_ha1/clock.o
 .bss.boolean   0x200000d0        0x1 src/main.o
                0x200000d0                boolean
 *(COMMON)
 *fill*         0x200000d1        0xf 
 COMMON         0x200000e0       0x50 src/ASF/sam0/drivers/dma/dma.o
                0x200000e0                descriptor_section
 COMMON         0x20000130        0x4 src/ASF/sam0/drivers/adc/adc_sam_d_r_h/adc_callback.o
                0x20000130                _adc_instances
 COMMON         0x20000134        0x4 src/ASF/sam0/drivers/rtc/rtc_sam_d_r_h/rtc_count.o
                0x20000134                _rtc_instance
 COMMON         0x20000138       0x18 src/ASF/sam0/drivers/sercom/sercom_interrupt.o
                0x20000138                _sercom_instances
 COMMON         0x20000150        0xc src/ASF/sam0/drivers/tcc/tcc_callback.o
                0x20000150                _tcc_instances
 COMMON         0x2000015c       0x14 src/ASF/sam0/drivers/tc/tc_interrupt.o
                0x2000015c                _tc_instances
 COMMON         0x20000170       0x24 src/ADC_4_Channel.o
                0x20000170                pin_conf
                0x20000174                adc_instance
 COMMON         0x20000194       0x4c src/main.o
                0x20000194                rtc_instance
                0x200001ac                usart_instance
                0x200001e0                . = ALIGN (0x4)
                0x200001e0                _ebss = .
                0x200001e0                _ezero = .

.stack          0x200001e0     0x2000 load address 0x00003980
                0x200001e0                . = ALIGN (0x8)
                0x200001e0                _sstack = .
                0x200021e0                . = (. + STACK_SIZE)
 *fill*         0x200001e0     0x2000 
                0x200021e0                . = ALIGN (0x8)
                0x200021e0                _estack = .
                0x200021e0                . = ALIGN (0x4)
                0x200021e0                _end = .
OUTPUT(GccBoardProject3.elf elf32-littlearm)

.ARM.attributes
                0x00000000       0x28
 .ARM.attributes
                0x00000000       0x1e c:/program files (x86)/atmel/studio/7.0/toolchain/arm/arm-gnu-toolchain/bin/../lib/gcc/arm-none-eabi/6.3.1/thumb/v6-m/crti.o
 .ARM.attributes
                0x0000001e       0x2c c:/program files (x86)/atmel/studio/7.0/toolchain/arm/arm-gnu-toolchain/bin/../lib/gcc/arm-none-eabi/6.3.1/thumb/v6-m/crtbegin.o
 .ARM.attributes
                0x0000004a       0x32 src/ASF/sam0/drivers/dma/dma.o
 .ARM.attributes
                0x0000007c       0x32 src/ASF/common/utils/interrupt/interrupt_sam_nvic.o
 .ARM.attributes
                0x000000ae       0x32 src/ASF/sam0/boards/samd21_xplained_pro/board_init.o
 .ARM.attributes
                0x000000e0       0x32 src/ASF/sam0/drivers/adc/adc_sam_d_r_h/adc_callback.o
 .ARM.attributes
                0x00000112       0x32 src/ASF/sam0/drivers/port/port.o
 .ARM.attributes
                0x00000144       0x32 src/ASF/sam0/drivers/rtc/rtc_sam_d_r_h/rtc_count.o
 .ARM.attributes
                0x00000176       0x32 src/ASF/sam0/drivers/rtc/rtc_sam_d_r_h/rtc_count_interrupt.o
 .ARM.attributes
                0x000001a8       0x32 src/ASF/sam0/drivers/sercom/sercom.o
 .ARM.attributes
                0x000001da       0x32 src/ASF/sam0/drivers/sercom/sercom_interrupt.o
 .ARM.attributes
                0x0000020c       0x32 src/ASF/sam0/drivers/sercom/usart/usart.o
 .ARM.attributes
                0x0000023e       0x32 src/ASF/sam0/drivers/sercom/usart/usart_interrupt.o
 .ARM.attributes
                0x00000270       0x32 src/ASF/sam0/drivers/system/clock/clock_samd21_r21_da_ha1/clock.o
 .ARM.attributes
                0x000002a2       0x32 src/ASF/sam0/drivers/system/clock/clock_samd21_r21_da_ha1/gclk.o
 .ARM.attributes
                0x000002d4       0x32 src/ASF/sam0/drivers/system/pinmux/pinmux.o
 .ARM.attributes
                0x00000306       0x32 src/ASF/sam0/drivers/system/system.o
 .ARM.attributes
                0x00000338       0x32 src/ASF/sam0/drivers/tcc/tcc_callback.o
 .ARM.attributes
                0x0000036a       0x32 src/ASF/sam0/drivers/tc/tc_interrupt.o
 .ARM.attributes
                0x0000039c       0x32 src/ASF/sam0/utils/cmsis/samd21/source/gcc/startup_samd21.o
 .ARM.attributes
                0x000003ce       0x32 src/ADC_4_Channel.o
 .ARM.attributes
                0x00000400       0x32 src/main.o
 .ARM.attributes
                0x00000432       0x1e c:/program files (x86)/atmel/studio/7.0/toolchain/arm/arm-gnu-toolchain/bin/../lib/gcc/arm-none-eabi/6.3.1/thumb/v6-m\libgcc.a(_udivsi3.o)
 .ARM.attributes
                0x00000450       0x1e c:/program files (x86)/atmel/studio/7.0/toolchain/arm/arm-gnu-toolchain/bin/../lib/gcc/arm-none-eabi/6.3.1/thumb/v6-m\libgcc.a(_dvmd_tls.o)
 .ARM.attributes
                0x0000046e       0x2c c:/program files (x86)/atmel/studio/7.0/toolchain/arm/arm-gnu-toolchain/bin/../lib/gcc/arm-none-eabi/6.3.1/thumb/v6-m\libgcc.a(_muldi3.o)
 .ARM.attributes
                0x0000049a       0x2c c:/program files (x86)/atmel/studio/7.0/toolchain/arm/arm-gnu-toolchain/bin/../lib/gcc/arm-none-eabi/6.3.1/../../../../arm-none-eabi/lib/thumb/v6-m\libc_nano.a(lib_a-init.o)
 .ARM.attributes
                0x000004c6       0x1e c:/program files (x86)/atmel/studio/7.0/toolchain/arm/arm-gnu-toolchain/bin/../lib/gcc/arm-none-eabi/6.3.1/thumb/v6-m/crtn.o

.comment        0x00000000       0x59
 .comment       0x00000000       0x59 src/ASF/sam0/drivers/dma/dma.o
                                 0x5a (size before relaxing)
 .comment       0x00000059       0x5a src/ASF/common/utils/interrupt/interrupt_sam_nvic.o
 .comment       0x00000059       0x5a src/ASF/sam0/boards/samd21_xplained_pro/board_init.o
 .comment       0x00000059       0x5a src/ASF/sam0/drivers/adc/adc_sam_d_r_h/adc_callback.o
 .comment       0x00000059       0x5a src/ASF/sam0/drivers/port/port.o
 .comment       0x00000059       0x5a src/ASF/sam0/drivers/rtc/rtc_sam_d_r_h/rtc_count.o
 .comment       0x00000059       0x5a src/ASF/sam0/drivers/rtc/rtc_sam_d_r_h/rtc_count_interrupt.o
 .comment       0x00000059       0x5a src/ASF/sam0/drivers/sercom/sercom.o
 .comment       0x00000059       0x5a src/ASF/sam0/drivers/sercom/sercom_interrupt.o
 .comment       0x00000059       0x5a src/ASF/sam0/drivers/sercom/usart/usart.o
 .comment       0x00000059       0x5a src/ASF/sam0/drivers/sercom/usart/usart_interrupt.o
 .comment       0x00000059       0x5a src/ASF/sam0/drivers/system/clock/clock_samd21_r21_da_ha1/clock.o
 .comment       0x00000059       0x5a src/ASF/sam0/drivers/system/clock/clock_samd21_r21_da_ha1/gclk.o
 .comment       0x00000059       0x5a src/ASF/sam0/drivers/system/pinmux/pinmux.o
 .comment       0x00000059       0x5a src/ASF/sam0/drivers/system/system.o
 .comment       0x00000059       0x5a src/ASF/sam0/drivers/tcc/tcc_callback.o
 .comment       0x00000059       0x5a src/ASF/sam0/drivers/tc/tc_interrupt.o
 .comment       0x00000059       0x5a src/ASF/sam0/utils/cmsis/samd21/source/gcc/startup_samd21.o
 .comment       0x00000059       0x5a src/ADC_4_Channel.o
 .comment       0x00000059       0x5a src/main.o

.debug_info     0x00000000    0x32f18
 .debug_info    0x00000000     0x337a src/ASF/sam0/drivers/dma/dma.o
 .debug_info    0x0000337a      0xb0a src/ASF/common/utils/interrupt/interrupt_sam_nvic.o
 .debug_info    0x00003e84     0x12a7 src/ASF/sam0/boards/samd21_xplained_pro/board_init.o
 .debug_info    0x0000512b     0x1a76 src/ASF/sam0/drivers/adc/adc_sam_d_r_h/adc_callback.o
 .debug_info    0x00006ba1     0x127c src/ASF/sam0/drivers/port/port.o
 .debug_info    0x00007e1d     0x3358 src/ASF/sam0/drivers/rtc/rtc_sam_d_r_h/rtc_count.o
 .debug_info    0x0000b175     0x216c src/ASF/sam0/drivers/rtc/rtc_sam_d_r_h/rtc_count_interrupt.o
 .debug_info    0x0000d2e1     0x2d9d src/ASF/sam0/drivers/sercom/sercom.o
 .debug_info    0x0001007e     0x2b82 src/ASF/sam0/drivers/sercom/sercom_interrupt.o
 .debug_info    0x00012c00     0x484d src/ASF/sam0/drivers/sercom/usart/usart.o
 .debug_info    0x0001744d     0x2f5b src/ASF/sam0/drivers/sercom/usart/usart_interrupt.o
 .debug_info    0x0001a3a8     0x375e src/ASF/sam0/drivers/system/clock/clock_samd21_r21_da_ha1/clock.o
 .debug_info    0x0001db06     0x1d0b src/ASF/sam0/drivers/system/clock/clock_samd21_r21_da_ha1/gclk.o
 .debug_info    0x0001f811     0x13be src/ASF/sam0/drivers/system/pinmux/pinmux.o
 .debug_info    0x00020bcf      0xa74 src/ASF/sam0/drivers/system/system.o
 .debug_info    0x00021643     0x3115 src/ASF/sam0/drivers/tcc/tcc_callback.o
 .debug_info    0x00024758     0x1c76 src/ASF/sam0/drivers/tc/tc_interrupt.o
 .debug_info    0x000263ce     0x3a42 src/ASF/sam0/utils/cmsis/samd21/source/gcc/startup_samd21.o
 .debug_info    0x00029e10     0x2fb4 src/ADC_4_Channel.o
 .debug_info    0x0002cdc4     0x6154 src/main.o

.debug_abbrev   0x00000000     0x3c19
 .debug_abbrev  0x00000000      0x391 src/ASF/sam0/drivers/dma/dma.o
 .debug_abbrev  0x00000391      0x23d src/ASF/common/utils/interrupt/interrupt_sam_nvic.o
 .debug_abbrev  0x000005ce      0x2a2 src/ASF/sam0/boards/samd21_xplained_pro/board_init.o
 .debug_abbrev  0x00000870      0x2e3 src/ASF/sam0/drivers/adc/adc_sam_d_r_h/adc_callback.o
 .debug_abbrev  0x00000b53      0x27b src/ASF/sam0/drivers/port/port.o
 .debug_abbrev  0x00000dce      0x372 src/ASF/sam0/drivers/rtc/rtc_sam_d_r_h/rtc_count.o
 .debug_abbrev  0x00001140      0x2c8 src/ASF/sam0/drivers/rtc/rtc_sam_d_r_h/rtc_count_interrupt.o
 .debug_abbrev  0x00001408      0x30e src/ASF/sam0/drivers/sercom/sercom.o
 .debug_abbrev  0x00001716      0x2bf src/ASF/sam0/drivers/sercom/sercom_interrupt.o
 .debug_abbrev  0x000019d5      0x38f src/ASF/sam0/drivers/sercom/usart/usart.o
 .debug_abbrev  0x00001d64      0x344 src/ASF/sam0/drivers/sercom/usart/usart_interrupt.o
 .debug_abbrev  0x000020a8      0x3ab src/ASF/sam0/drivers/system/clock/clock_samd21_r21_da_ha1/clock.o
 .debug_abbrev  0x00002453      0x37a src/ASF/sam0/drivers/system/clock/clock_samd21_r21_da_ha1/gclk.o
 .debug_abbrev  0x000027cd      0x2d7 src/ASF/sam0/drivers/system/pinmux/pinmux.o
 .debug_abbrev  0x00002aa4      0x1e1 src/ASF/sam0/drivers/system/system.o
 .debug_abbrev  0x00002c85      0x359 src/ASF/sam0/drivers/tcc/tcc_callback.o
 .debug_abbrev  0x00002fde      0x2e2 src/ASF/sam0/drivers/tc/tc_interrupt.o
 .debug_abbrev  0x000032c0      0x227 src/ASF/sam0/utils/cmsis/samd21/source/gcc/startup_samd21.o
 .debug_abbrev  0x000034e7      0x378 src/ADC_4_Channel.o
 .debug_abbrev  0x0000385f      0x3ba src/main.o

.debug_loc      0x00000000     0x2c91
 .debug_loc     0x00000000      0x410 src/ASF/sam0/drivers/dma/dma.o
 .debug_loc     0x00000410       0x64 src/ASF/common/utils/interrupt/interrupt_sam_nvic.o
 .debug_loc     0x00000474      0x118 src/ASF/sam0/boards/samd21_xplained_pro/board_init.o
 .debug_loc     0x0000058c      0x25c src/ASF/sam0/drivers/adc/adc_sam_d_r_h/adc_callback.o
 .debug_loc     0x000007e8       0xa8 src/ASF/sam0/drivers/port/port.o
 .debug_loc     0x00000890      0x428 src/ASF/sam0/drivers/rtc/rtc_sam_d_r_h/rtc_count.o
 .debug_loc     0x00000cb8      0x144 src/ASF/sam0/drivers/rtc/rtc_sam_d_r_h/rtc_count_interrupt.o
 .debug_loc     0x00000dfc      0x18c src/ASF/sam0/drivers/sercom/sercom.o
 .debug_loc     0x00000f88      0x1b0 src/ASF/sam0/drivers/sercom/sercom_interrupt.o
 .debug_loc     0x00001138      0x297 src/ASF/sam0/drivers/sercom/usart/usart.o
 .debug_loc     0x000013cf      0x330 src/ASF/sam0/drivers/sercom/usart/usart_interrupt.o
 .debug_loc     0x000016ff      0x4ae src/ASF/sam0/drivers/system/clock/clock_samd21_r21_da_ha1/clock.o
 .debug_loc     0x00001bad      0x388 src/ASF/sam0/drivers/system/clock/clock_samd21_r21_da_ha1/gclk.o
 .debug_loc     0x00001f35      0x150 src/ASF/sam0/drivers/system/pinmux/pinmux.o
 .debug_loc     0x00002085       0x58 src/ASF/sam0/drivers/system/system.o
 .debug_loc     0x000020dd      0x244 src/ASF/sam0/drivers/tcc/tcc_callback.o
 .debug_loc     0x00002321      0x1bc src/ASF/sam0/drivers/tc/tc_interrupt.o
 .debug_loc     0x000024dd       0x64 src/ASF/sam0/utils/cmsis/samd21/source/gcc/startup_samd21.o
 .debug_loc     0x00002541      0x3ba src/ADC_4_Channel.o
 .debug_loc     0x000028fb      0x396 src/main.o

.debug_aranges  0x00000000      0x878
 .debug_aranges
                0x00000000       0xb0 src/ASF/sam0/drivers/dma/dma.o
 .debug_aranges
                0x000000b0       0x28 src/ASF/common/utils/interrupt/interrupt_sam_nvic.o
 .debug_aranges
                0x000000d8       0x40 src/ASF/sam0/boards/samd21_xplained_pro/board_init.o
 .debug_aranges
                0x00000118       0x70 src/ASF/sam0/drivers/adc/adc_sam_d_r_h/adc_callback.o
 .debug_aranges
                0x00000188       0x30 src/ASF/sam0/drivers/port/port.o
 .debug_aranges
                0x000001b8       0xb0 src/ASF/sam0/drivers/rtc/rtc_sam_d_r_h/rtc_count.o
 .debug_aranges
                0x00000268       0x48 src/ASF/sam0/drivers/rtc/rtc_sam_d_r_h/rtc_count_interrupt.o
 .debug_aranges
                0x000002b0       0x50 src/ASF/sam0/drivers/sercom/sercom.o
 .debug_aranges
                0x00000300       0x60 src/ASF/sam0/drivers/sercom/sercom_interrupt.o
 .debug_aranges
                0x00000360       0x78 src/ASF/sam0/drivers/sercom/usart/usart.o
 .debug_aranges
                0x000003d8       0x90 src/ASF/sam0/drivers/sercom/usart/usart_interrupt.o
 .debug_aranges
                0x00000468       0xc8 src/ASF/sam0/drivers/system/clock/clock_samd21_r21_da_ha1/clock.o
 .debug_aranges
                0x00000530       0xa0 src/ASF/sam0/drivers/system/clock/clock_samd21_r21_da_ha1/gclk.o
 .debug_aranges
                0x000005d0       0x48 src/ASF/sam0/drivers/system/pinmux/pinmux.o
 .debug_aranges
                0x00000618       0x28 src/ASF/sam0/drivers/system/system.o
 .debug_aranges
                0x00000640       0x70 src/ASF/sam0/drivers/tcc/tcc_callback.o
 .debug_aranges
                0x000006b0       0x60 src/ASF/sam0/drivers/tc/tc_interrupt.o
 .debug_aranges
                0x00000710       0x28 src/ASF/sam0/utils/cmsis/samd21/source/gcc/startup_samd21.o
 .debug_aranges
                0x00000738       0xa0 src/ADC_4_Channel.o
 .debug_aranges
                0x000007d8       0xa0 src/main.o

.debug_ranges   0x00000000      0x738
 .debug_ranges  0x00000000       0xa0 src/ASF/sam0/drivers/dma/dma.o
 .debug_ranges  0x000000a0       0x18 src/ASF/common/utils/interrupt/interrupt_sam_nvic.o
 .debug_ranges  0x000000b8       0x30 src/ASF/sam0/boards/samd21_xplained_pro/board_init.o
 .debug_ranges  0x000000e8       0x60 src/ASF/sam0/drivers/adc/adc_sam_d_r_h/adc_callback.o
 .debug_ranges  0x00000148       0x20 src/ASF/sam0/drivers/port/port.o
 .debug_ranges  0x00000168       0xa0 src/ASF/sam0/drivers/rtc/rtc_sam_d_r_h/rtc_count.o
 .debug_ranges  0x00000208       0x38 src/ASF/sam0/drivers/rtc/rtc_sam_d_r_h/rtc_count_interrupt.o
 .debug_ranges  0x00000240       0x40 src/ASF/sam0/drivers/sercom/sercom.o
 .debug_ranges  0x00000280       0x50 src/ASF/sam0/drivers/sercom/sercom_interrupt.o
 .debug_ranges  0x000002d0       0x68 src/ASF/sam0/drivers/sercom/usart/usart.o
 .debug_ranges  0x00000338       0x80 src/ASF/sam0/drivers/sercom/usart/usart_interrupt.o
 .debug_ranges  0x000003b8       0xb8 src/ASF/sam0/drivers/system/clock/clock_samd21_r21_da_ha1/clock.o
 .debug_ranges  0x00000470       0x90 src/ASF/sam0/drivers/system/clock/clock_samd21_r21_da_ha1/gclk.o
 .debug_ranges  0x00000500       0x38 src/ASF/sam0/drivers/system/pinmux/pinmux.o
 .debug_ranges  0x00000538       0x18 src/ASF/sam0/drivers/system/system.o
 .debug_ranges  0x00000550       0x60 src/ASF/sam0/drivers/tcc/tcc_callback.o
 .debug_ranges  0x000005b0       0x50 src/ASF/sam0/drivers/tc/tc_interrupt.o
 .debug_ranges  0x00000600       0x18 src/ASF/sam0/utils/cmsis/samd21/source/gcc/startup_samd21.o
 .debug_ranges  0x00000618       0x90 src/ADC_4_Channel.o
 .debug_ranges  0x000006a8       0x90 src/main.o

.debug_macro    0x00000000    0x1c2a0
 .debug_macro   0x00000000      0x598 src/ASF/sam0/drivers/dma/dma.o
 .debug_macro   0x00000598      0x8d4 src/ASF/sam0/drivers/dma/dma.o
 .debug_macro   0x00000e6c       0x22 src/ASF/sam0/drivers/dma/dma.o
 .debug_macro   0x00000e8e       0x52 src/ASF/sam0/drivers/dma/dma.o
 .debug_macro   0x00000ee0       0x8d src/ASF/sam0/drivers/dma/dma.o
 .debug_macro   0x00000f6d       0x35 src/ASF/sam0/drivers/dma/dma.o
 .debug_macro   0x00000fa2       0x9c src/ASF/sam0/drivers/dma/dma.o
 .debug_macro   0x0000103e      0x16d src/ASF/sam0/drivers/dma/dma.o
 .debug_macro   0x000011ab       0x57 src/ASF/sam0/drivers/dma/dma.o
 .debug_macro   0x00001202       0x58 src/ASF/sam0/drivers/dma/dma.o
 .debug_macro   0x0000125a       0x1f src/ASF/sam0/drivers/dma/dma.o
 .debug_macro   0x00001279       0x43 src/ASF/sam0/drivers/dma/dma.o
 .debug_macro   0x000012bc       0x20 src/ASF/sam0/drivers/dma/dma.o
 .debug_macro   0x000012dc      0x187 src/ASF/sam0/drivers/dma/dma.o
 .debug_macro   0x00001463      0x353 src/ASF/sam0/drivers/dma/dma.o
 .debug_macro   0x000017b6       0x10 src/ASF/sam0/drivers/dma/dma.o
 .debug_macro   0x000017c6       0x35 src/ASF/sam0/drivers/dma/dma.o
 .debug_macro   0x000017fb      0x708 src/ASF/sam0/drivers/dma/dma.o
 .debug_macro   0x00001f03       0xef src/ASF/sam0/drivers/dma/dma.o
 .debug_macro   0x00001ff2       0x6a src/ASF/sam0/drivers/dma/dma.o
 .debug_macro   0x0000205c      0x1df src/ASF/sam0/drivers/dma/dma.o
 .debug_macro   0x0000223b       0x10 src/ASF/sam0/drivers/dma/dma.o
 .debug_macro   0x0000224b       0x76 src/ASF/sam0/drivers/dma/dma.o
 .debug_macro   0x000022c1       0x16 src/ASF/sam0/drivers/dma/dma.o
 .debug_macro   0x000022d7      0x6db src/ASF/sam0/drivers/dma/dma.o
 .debug_macro   0x000029b2      0xdd8 src/ASF/sam0/drivers/dma/dma.o
 .debug_macro   0x0000378a       0x22 src/ASF/sam0/drivers/dma/dma.o
 .debug_macro   0x000037ac       0x40 src/ASF/sam0/drivers/dma/dma.o
 .debug_macro   0x000037ec       0x1c src/ASF/sam0/drivers/dma/dma.o
 .debug_macro   0x00003808       0x22 src/ASF/sam0/drivers/dma/dma.o
 .debug_macro   0x0000382a       0xaf src/ASF/sam0/drivers/dma/dma.o
 .debug_macro   0x000038d9      0x3ad src/ASF/sam0/drivers/dma/dma.o
 .debug_macro   0x00003c86      0x681 src/ASF/sam0/drivers/dma/dma.o
 .debug_macro   0x00004307      0x8b5 src/ASF/sam0/drivers/dma/dma.o
 .debug_macro   0x00004bbc      0x230 src/ASF/sam0/drivers/dma/dma.o
 .debug_macro   0x00004dec      0xd60 src/ASF/sam0/drivers/dma/dma.o
 .debug_macro   0x00005b4c      0x4cb src/ASF/sam0/drivers/dma/dma.o
 .debug_macro   0x00006017      0x9f8 src/ASF/sam0/drivers/dma/dma.o
 .debug_macro   0x00006a0f      0x82b src/ASF/sam0/drivers/dma/dma.o
 .debug_macro   0x0000723a      0x455 src/ASF/sam0/drivers/dma/dma.o
 .debug_macro   0x0000768f       0x5e src/ASF/sam0/drivers/dma/dma.o
 .debug_macro   0x000076ed      0x8fd src/ASF/sam0/drivers/dma/dma.o
 .debug_macro   0x00007fea      0x21c src/ASF/sam0/drivers/dma/dma.o
 .debug_macro   0x00008206      0x95b src/ASF/sam0/drivers/dma/dma.o
 .debug_macro   0x00008b61       0x5e src/ASF/sam0/drivers/dma/dma.o
 .debug_macro   0x00008bbf      0x667 src/ASF/sam0/drivers/dma/dma.o
 .debug_macro   0x00009226      0x3af src/ASF/sam0/drivers/dma/dma.o
 .debug_macro   0x000095d5      0xc7a src/ASF/sam0/drivers/dma/dma.o
 .debug_macro   0x0000a24f     0x1092 src/ASF/sam0/drivers/dma/dma.o
 .debug_macro   0x0000b2e1      0xc4a src/ASF/sam0/drivers/dma/dma.o
 .debug_macro   0x0000bf2b      0x6ba src/ASF/sam0/drivers/dma/dma.o
 .debug_macro   0x0000c5e5     0x1bbf src/ASF/sam0/drivers/dma/dma.o
 .debug_macro   0x0000e1a4     0x1440 src/ASF/sam0/drivers/dma/dma.o
 .debug_macro   0x0000f5e4      0x344 src/ASF/sam0/drivers/dma/dma.o
 .debug_macro   0x0000f928       0x7c src/ASF/sam0/drivers/dma/dma.o
 .debug_macro   0x0000f9a4       0xa0 src/ASF/sam0/drivers/dma/dma.o
 .debug_macro   0x0000fa44       0x4c src/ASF/sam0/drivers/dma/dma.o
 .debug_macro   0x0000fa90       0xca src/ASF/sam0/drivers/dma/dma.o
 .debug_macro   0x0000fb5a       0x94 src/ASF/sam0/drivers/dma/dma.o
 .debug_macro   0x0000fbee       0x58 src/ASF/sam0/drivers/dma/dma.o
 .debug_macro   0x0000fc46      0x37d src/ASF/sam0/drivers/dma/dma.o
 .debug_macro   0x0000ffc3       0x82 src/ASF/sam0/drivers/dma/dma.o
 .debug_macro   0x00010045      0x18d src/ASF/sam0/drivers/dma/dma.o
 .debug_macro   0x000101d2       0xb8 src/ASF/sam0/drivers/dma/dma.o
 .debug_macro   0x0001028a       0xa0 src/ASF/sam0/drivers/dma/dma.o
 .debug_macro   0x0001032a       0xb8 src/ASF/sam0/drivers/dma/dma.o
 .debug_macro   0x000103e2       0x1c src/ASF/sam0/drivers/dma/dma.o
 .debug_macro   0x000103fe       0x1c src/ASF/sam0/drivers/dma/dma.o
 .debug_macro   0x0001041a       0x1c src/ASF/sam0/drivers/dma/dma.o
 .debug_macro   0x00010436       0x82 src/ASF/sam0/drivers/dma/dma.o
 .debug_macro   0x000104b8      0x15a src/ASF/sam0/drivers/dma/dma.o
 .debug_macro   0x00010612       0xdc src/ASF/sam0/drivers/dma/dma.o
 .debug_macro   0x000106ee      0x128 src/ASF/sam0/drivers/dma/dma.o
 .debug_macro   0x00010816      0x128 src/ASF/sam0/drivers/dma/dma.o
 .debug_macro   0x0001093e      0x128 src/ASF/sam0/drivers/dma/dma.o
 .debug_macro   0x00010a66      0x128 src/ASF/sam0/drivers/dma/dma.o
 .debug_macro   0x00010b8e      0x128 src/ASF/sam0/drivers/dma/dma.o
 .debug_macro   0x00010cb6      0x128 src/ASF/sam0/drivers/dma/dma.o
 .debug_macro   0x00010dde      0x124 src/ASF/sam0/drivers/dma/dma.o
 .debug_macro   0x00010f02       0xe2 src/ASF/sam0/drivers/dma/dma.o
 .debug_macro   0x00010fe4       0xe2 src/ASF/sam0/drivers/dma/dma.o
 .debug_macro   0x000110c6       0xe2 src/ASF/sam0/drivers/dma/dma.o
 .debug_macro   0x000111a8       0xe2 src/ASF/sam0/drivers/dma/dma.o
 .debug_macro   0x0001128a       0xe2 src/ASF/sam0/drivers/dma/dma.o
 .debug_macro   0x0001136c      0x130 src/ASF/sam0/drivers/dma/dma.o
 .debug_macro   0x0001149c      0x106 src/ASF/sam0/drivers/dma/dma.o
 .debug_macro   0x000115a2       0xfa src/ASF/sam0/drivers/dma/dma.o
 .debug_macro   0x0001169c      0x40f src/ASF/sam0/drivers/dma/dma.o
 .debug_macro   0x00011aab       0x40 src/ASF/sam0/drivers/dma/dma.o
 .debug_macro   0x00011aeb      0x37d src/ASF/sam0/drivers/dma/dma.o
 .debug_macro   0x00011e68     0x1e52 src/ASF/sam0/drivers/dma/dma.o
 .debug_macro   0x00013cba       0x6d src/ASF/sam0/drivers/dma/dma.o
 .debug_macro   0x00013d27       0x1c src/ASF/sam0/drivers/dma/dma.o
 .debug_macro   0x00013d43       0x10 src/ASF/sam0/drivers/dma/dma.o
 .debug_macro   0x00013d53       0x10 src/ASF/sam0/drivers/dma/dma.o
 .debug_macro   0x00013d63       0x1c src/ASF/sam0/drivers/dma/dma.o
 .debug_macro   0x00013d7f       0x52 src/ASF/sam0/drivers/dma/dma.o
 .debug_macro   0x00013dd1       0x40 src/ASF/sam0/drivers/dma/dma.o
 .debug_macro   0x00013e11       0x10 src/ASF/sam0/drivers/dma/dma.o
 .debug_macro   0x00013e21       0x40 src/ASF/sam0/drivers/dma/dma.o
 .debug_macro   0x00013e61       0xd7 src/ASF/sam0/drivers/dma/dma.o
 .debug_macro   0x00013f38       0x16 src/ASF/sam0/drivers/dma/dma.o
 .debug_macro   0x00013f4e      0x18b src/ASF/sam0/drivers/dma/dma.o
 .debug_macro   0x000140d9       0x16 src/ASF/sam0/drivers/dma/dma.o
 .debug_macro   0x000140ef       0x16 src/ASF/sam0/drivers/dma/dma.o
 .debug_macro   0x00014105       0x29 src/ASF/sam0/drivers/dma/dma.o
 .debug_macro   0x0001412e       0x51 src/ASF/sam0/drivers/dma/dma.o
 .debug_macro   0x0001417f       0x3e src/ASF/sam0/drivers/dma/dma.o
 .debug_macro   0x000141bd      0x3df src/ASF/sam0/drivers/dma/dma.o
 .debug_macro   0x0001459c       0x10 src/ASF/sam0/drivers/dma/dma.o
 .debug_macro   0x000145ac       0x11 src/ASF/sam0/drivers/dma/dma.o
 .debug_macro   0x000145bd       0x2e src/ASF/sam0/drivers/dma/dma.o
 .debug_macro   0x000145eb      0x51f src/ASF/common/utils/interrupt/interrupt_sam_nvic.o
 .debug_macro   0x00014b0a      0x55b src/ASF/sam0/boards/samd21_xplained_pro/board_init.o
 .debug_macro   0x00015065      0x2d8 src/ASF/sam0/boards/samd21_xplained_pro/board_init.o
 .debug_macro   0x0001533d      0x9f4 src/ASF/sam0/boards/samd21_xplained_pro/board_init.o
 .debug_macro   0x00015d31       0x12 src/ASF/sam0/boards/samd21_xplained_pro/board_init.o
 .debug_macro   0x00015d43      0x5a1 src/ASF/sam0/drivers/adc/adc_sam_d_r_h/adc_callback.o
 .debug_macro   0x000162e4      0x539 src/ASF/sam0/drivers/port/port.o
 .debug_macro   0x0001681d      0x572 src/ASF/sam0/drivers/rtc/rtc_sam_d_r_h/rtc_count.o
 .debug_macro   0x00016d8f      0x298 src/ASF/sam0/drivers/rtc/rtc_sam_d_r_h/rtc_count.o
 .debug_macro   0x00017027      0x57c src/ASF/sam0/drivers/rtc/rtc_sam_d_r_h/rtc_count_interrupt.o
 .debug_macro   0x000175a3      0x5ac src/ASF/sam0/drivers/sercom/sercom.o
 .debug_macro   0x00017b4f       0xb2 src/ASF/sam0/drivers/sercom/sercom.o
 .debug_macro   0x00017c01       0x10 src/ASF/sam0/drivers/sercom/sercom.o
 .debug_macro   0x00017c11      0x5a9 src/ASF/sam0/drivers/sercom/sercom_interrupt.o
 .debug_macro   0x000181ba      0x5bd src/ASF/sam0/drivers/sercom/usart/usart.o
 .debug_macro   0x00018777       0x51 src/ASF/sam0/drivers/sercom/usart/usart.o
 .debug_macro   0x000187c8      0x5bd src/ASF/sam0/drivers/sercom/usart/usart_interrupt.o
 .debug_macro   0x00018d85      0x590 src/ASF/sam0/drivers/system/clock/clock_samd21_r21_da_ha1/clock.o
 .debug_macro   0x00019315      0x555 src/ASF/sam0/drivers/system/clock/clock_samd21_r21_da_ha1/gclk.o
 .debug_macro   0x0001986a      0x52f src/ASF/sam0/drivers/system/pinmux/pinmux.o
 .debug_macro   0x00019d99       0x12 src/ASF/sam0/drivers/system/pinmux/pinmux.o
 .debug_macro   0x00019dab      0x562 src/ASF/sam0/drivers/system/system.o
 .debug_macro   0x0001a30d      0x599 src/ASF/sam0/drivers/tcc/tcc_callback.o
 .debug_macro   0x0001a8a6      0x58c src/ASF/sam0/drivers/tc/tc_interrupt.o
 .debug_macro   0x0001ae32       0x19 src/ASF/sam0/drivers/tc/tc_interrupt.o
 .debug_macro   0x0001ae4b       0x51 src/ASF/sam0/drivers/tc/tc_interrupt.o
 .debug_macro   0x0001ae9c      0x306 src/ASF/sam0/utils/cmsis/samd21/source/gcc/startup_samd21.o
 .debug_macro   0x0001b1a2       0x3a src/ASF/sam0/utils/cmsis/samd21/source/gcc/startup_samd21.o
 .debug_macro   0x0001b1dc      0x71f src/ADC_4_Channel.o
 .debug_macro   0x0001b8fb       0x10 src/ADC_4_Channel.o
 .debug_macro   0x0001b90b       0x34 src/ADC_4_Channel.o
 .debug_macro   0x0001b93f       0x18 src/ADC_4_Channel.o
 .debug_macro   0x0001b957       0x57 src/ADC_4_Channel.o
 .debug_macro   0x0001b9ae       0x6c src/ADC_4_Channel.o
 .debug_macro   0x0001ba1a       0x8f src/ADC_4_Channel.o
 .debug_macro   0x0001baa9       0x94 src/ADC_4_Channel.o
 .debug_macro   0x0001bb3d       0x22 src/ADC_4_Channel.o
 .debug_macro   0x0001bb5f      0x719 src/main.o
 .debug_macro   0x0001c278       0x28 src/main.o

.debug_line     0x00000000     0xe892
 .debug_line    0x00000000      0xc73 src/ASF/sam0/drivers/dma/dma.o
 .debug_line    0x00000c73      0x8e6 src/ASF/common/utils/interrupt/interrupt_sam_nvic.o
 .debug_line    0x00001559      0x9dd src/ASF/sam0/boards/samd21_xplained_pro/board_init.o
 .debug_line    0x00001f36      0xc39 src/ASF/sam0/drivers/adc/adc_sam_d_r_h/adc_callback.o
 .debug_line    0x00002b6f      0x91e src/ASF/sam0/drivers/port/port.o
 .debug_line    0x0000348d      0xc98 src/ASF/sam0/drivers/rtc/rtc_sam_d_r_h/rtc_count.o
 .debug_line    0x00004125      0xafa src/ASF/sam0/drivers/rtc/rtc_sam_d_r_h/rtc_count_interrupt.o
 .debug_line    0x00004c1f      0xc37 src/ASF/sam0/drivers/sercom/sercom.o
 .debug_line    0x00005856      0xb9a src/ASF/sam0/drivers/sercom/sercom_interrupt.o
 .debug_line    0x000063f0      0xd76 src/ASF/sam0/drivers/sercom/usart/usart.o
 .debug_line    0x00007166      0xce2 src/ASF/sam0/drivers/sercom/usart/usart_interrupt.o
 .debug_line    0x00007e48      0xcfa src/ASF/sam0/drivers/system/clock/clock_samd21_r21_da_ha1/clock.o
 .debug_line    0x00008b42      0xbc2 src/ASF/sam0/drivers/system/clock/clock_samd21_r21_da_ha1/gclk.o
 .debug_line    0x00009704      0x990 src/ASF/sam0/drivers/system/pinmux/pinmux.o
 .debug_line    0x0000a094      0xa0f src/ASF/sam0/drivers/system/system.o
 .debug_line    0x0000aaa3      0xb0e src/ASF/sam0/drivers/tcc/tcc_callback.o
 .debug_line    0x0000b5b1      0xae2 src/ASF/sam0/drivers/tc/tc_interrupt.o
 .debug_line    0x0000c093      0x675 src/ASF/sam0/utils/cmsis/samd21/source/gcc/startup_samd21.o
 .debug_line    0x0000c708     0x10d2 src/ADC_4_Channel.o
 .debug_line    0x0000d7da     0x10b8 src/main.o

.debug_str      0x00000000    0x919a2
 .debug_str     0x00000000    0x84ff5 src/ASF/sam0/drivers/dma/dma.o
                              0x85a10 (size before relaxing)
 .debug_str     0x00084ff5       0x7b src/ASF/common/utils/interrupt/interrupt_sam_nvic.o
                              0x83d33 (size before relaxing)
 .debug_str     0x00085070     0x3d8a src/ASF/sam0/boards/samd21_xplained_pro/board_init.o
                              0x87a85 (size before relaxing)
 .debug_str     0x00088dfa      0x698 src/ASF/sam0/drivers/adc/adc_sam_d_r_h/adc_callback.o
                              0x84a89 (size before relaxing)
 .debug_str     0x00089492      0x18d src/ASF/sam0/drivers/port/port.o
                              0x8415f (size before relaxing)
 .debug_str     0x0008961f     0x19ea src/ASF/sam0/drivers/rtc/rtc_sam_d_r_h/rtc_count.o
                              0x864b4 (size before relaxing)
 .debug_str     0x0008b009      0x106 src/ASF/sam0/drivers/rtc/rtc_sam_d_r_h/rtc_count_interrupt.o
                              0x85865 (size before relaxing)
 .debug_str     0x0008b10f      0xe8b src/ASF/sam0/drivers/sercom/sercom.o
                              0x85426 (size before relaxing)
 .debug_str     0x0008bf9a      0x1b8 src/ASF/sam0/drivers/sercom/sercom_interrupt.o
                              0x852c1 (size before relaxing)
 .debug_str     0x0008c152      0xc6e src/ASF/sam0/drivers/sercom/usart/usart.o
                              0x861df (size before relaxing)
 .debug_str     0x0008cdc0      0x16b src/ASF/sam0/drivers/sercom/usart/usart_interrupt.o
                              0x85425 (size before relaxing)
 .debug_str     0x0008cf2b     0x16f7 src/ASF/sam0/drivers/system/clock/clock_samd21_r21_da_ha1/clock.o
                              0x86f01 (size before relaxing)
 .debug_str     0x0008e622      0x1f2 src/ASF/sam0/drivers/system/clock/clock_samd21_r21_da_ha1/gclk.o
                              0x849f6 (size before relaxing)
 .debug_str     0x0008e814      0x179 src/ASF/sam0/drivers/system/pinmux/pinmux.o
                              0x841d5 (size before relaxing)
 .debug_str     0x0008e98d       0x47 src/ASF/sam0/drivers/system/system.o
                              0x83e10 (size before relaxing)
 .debug_str     0x0008e9d4      0xe6e src/ASF/sam0/drivers/tcc/tcc_callback.o
                              0x856f2 (size before relaxing)
 .debug_str     0x0008f842      0x5cf src/ASF/sam0/drivers/tc/tc_interrupt.o
                              0x84edc (size before relaxing)
 .debug_str     0x0008fe11      0xa41 src/ASF/sam0/utils/cmsis/samd21/source/gcc/startup_samd21.o
                              0x6ee37 (size before relaxing)
 .debug_str     0x00090852     0x1050 src/ADC_4_Channel.o
                              0x8c1de (size before relaxing)
 .debug_str     0x000918a2      0x100 src/main.o
                              0x8caee (size before relaxing)

.debug_frame    0x00000000     0x1ba4
 .debug_frame   0x00000000      0x268 src/ASF/sam0/drivers/dma/dma.o
 .debug_frame   0x00000268       0x4c src/ASF/common/utils/interrupt/interrupt_sam_nvic.o
 .debug_frame   0x000002b4       0xb0 src/ASF/sam0/boards/samd21_xplained_pro/board_init.o
 .debug_frame   0x00000364      0x16c src/ASF/sam0/drivers/adc/adc_sam_d_r_h/adc_callback.o
 .debug_frame   0x000004d0       0x70 src/ASF/sam0/drivers/port/port.o
 .debug_frame   0x00000540      0x270 src/ASF/sam0/drivers/rtc/rtc_sam_d_r_h/rtc_count.o
 .debug_frame   0x000007b0       0xcc src/ASF/sam0/drivers/rtc/rtc_sam_d_r_h/rtc_count_interrupt.o
 .debug_frame   0x0000087c       0xf8 src/ASF/sam0/drivers/sercom/sercom.o
 .debug_frame   0x00000974      0x118 src/ASF/sam0/drivers/sercom/sercom_interrupt.o
 .debug_frame   0x00000a8c      0x190 src/ASF/sam0/drivers/sercom/usart/usart.o
 .debug_frame   0x00000c1c      0x1e8 src/ASF/sam0/drivers/sercom/usart/usart_interrupt.o
 .debug_frame   0x00000e04      0x2c4 src/ASF/sam0/drivers/system/clock/clock_samd21_r21_da_ha1/clock.o
 .debug_frame   0x000010c8      0x220 src/ASF/sam0/drivers/system/clock/clock_samd21_r21_da_ha1/gclk.o
 .debug_frame   0x000012e8       0xd0 src/ASF/sam0/drivers/system/pinmux/pinmux.o
 .debug_frame   0x000013b8       0x48 src/ASF/sam0/drivers/system/system.o
 .debug_frame   0x00001400      0x164 src/ASF/sam0/drivers/tcc/tcc_callback.o
 .debug_frame   0x00001564      0x11c src/ASF/sam0/drivers/tc/tc_interrupt.o
 .debug_frame   0x00001680       0x4c src/ASF/sam0/utils/cmsis/samd21/source/gcc/startup_samd21.o
 .debug_frame   0x000016cc      0x234 src/ADC_4_Channel.o
 .debug_frame   0x00001900      0x224 src/main.o
 .debug_frame   0x00001b24       0x20 c:/program files (x86)/atmel/studio/7.0/toolchain/arm/arm-gnu-toolchain/bin/../lib/gcc/arm-none-eabi/6.3.1/thumb/v6-m\libgcc.a(_udivsi3.o)
 .debug_frame   0x00001b44       0x34 c:/program files (x86)/atmel/studio/7.0/toolchain/arm/arm-gnu-toolchain/bin/../lib/gcc/arm-none-eabi/6.3.1/thumb/v6-m\libgcc.a(_muldi3.o)
 .debug_frame   0x00001b78       0x2c c:/program files (x86)/atmel/studio/7.0/toolchain/arm/arm-gnu-toolchain/bin/../lib/gcc/arm-none-eabi/6.3.1/../../../../arm-none-eabi/lib/thumb/v6-m\libc_nano.a(lib_a-init.o)

Cross Reference Table

Symbol                                            File
AC_Handler                                        src/ASF/sam0/utils/cmsis/samd21/source/gcc/startup_samd21.o
ADC_Handler                                       src/ASF/sam0/drivers/adc/adc_sam_d_r_h/adc_callback.o
DAC_Handler                                       src/ASF/sam0/utils/cmsis/samd21/source/gcc/startup_samd21.o
DMAC_Handler                                      src/ASF/sam0/drivers/dma/dma.o
Dummy_Handler                                     src/ASF/sam0/utils/cmsis/samd21/source/gcc/startup_samd21.o
EIC_Handler                                       src/ASF/sam0/utils/cmsis/samd21/source/gcc/startup_samd21.o
EVSYS_Handler                                     src/ASF/sam0/utils/cmsis/samd21/source/gcc/startup_samd21.o
HardFault_Handler                                 src/ASF/sam0/utils/cmsis/samd21/source/gcc/startup_samd21.o
I2S_Handler                                       src/ASF/sam0/utils/cmsis/samd21/source/gcc/startup_samd21.o
NMI_Handler                                       src/ASF/sam0/utils/cmsis/samd21/source/gcc/startup_samd21.o
NVMCTRL_Handler                                   src/ASF/sam0/utils/cmsis/samd21/source/gcc/startup_samd21.o
PM_Handler                                        src/ASF/sam0/utils/cmsis/samd21/source/gcc/startup_samd21.o
PTC_Handler                                       src/ASF/sam0/utils/cmsis/samd21/source/gcc/startup_samd21.o
PendSV_Handler                                    src/ASF/sam0/utils/cmsis/samd21/source/gcc/startup_samd21.o
RTC_Handler                                       src/ASF/sam0/drivers/rtc/rtc_sam_d_r_h/rtc_count_interrupt.o
Reset_Handler                                     src/ASF/sam0/utils/cmsis/samd21/source/gcc/startup_samd21.o
SERCOM0_Handler                                   src/ASF/sam0/drivers/sercom/sercom_interrupt.o
SERCOM1_Handler                                   src/ASF/sam0/drivers/sercom/sercom_interrupt.o
SERCOM2_Handler                                   src/ASF/sam0/drivers/sercom/sercom_interrupt.o
SERCOM3_Handler                                   src/ASF/sam0/drivers/sercom/sercom_interrupt.o
SERCOM4_Handler                                   src/ASF/sam0/drivers/sercom/sercom_interrupt.o
SERCOM5_Handler                                   src/ASF/sam0/drivers/sercom/sercom_interrupt.o
SVC_Handler                                       src/ASF/sam0/utils/cmsis/samd21/source/gcc/startup_samd21.o
SYSCTRL_Handler                                   src/ASF/sam0/utils/cmsis/samd21/source/gcc/startup_samd21.o
SysTick_Handler                                   src/ASF/sam0/utils/cmsis/samd21/source/gcc/startup_samd21.o
SystemCoreClock                                   src/ASF/sam0/utils/cmsis/samd21/source/system_samd21.o
SystemCoreClockUpdate                             src/ASF/sam0/utils/cmsis/samd21/source/system_samd21.o
SystemInit                                        src/ASF/sam0/utils/cmsis/samd21/source/system_samd21.o
TC3_Handler                                       src/ASF/sam0/drivers/tc/tc_interrupt.o
TC4_Handler                                       src/ASF/sam0/drivers/tc/tc_interrupt.o
TC5_Handler                                       src/ASF/sam0/drivers/tc/tc_interrupt.o
TC6_Handler                                       src/ASF/sam0/drivers/tc/tc_interrupt.o
TC7_Handler                                       src/ASF/sam0/drivers/tc/tc_interrupt.o
TCC0_Handler                                      src/ASF/sam0/drivers/tcc/tcc_callback.o
TCC1_Handler                                      src/ASF/sam0/drivers/tcc/tcc_callback.o
TCC2_Handler                                      src/ASF/sam0/drivers/tcc/tcc_callback.o
USB_Handler                                       src/ASF/sam0/utils/cmsis/samd21/source/gcc/startup_samd21.o
WDT_Handler                                       src/ASF/sam0/utils/cmsis/samd21/source/gcc/startup_samd21.o
_Jv_RegisterClasses                               c:/program files (x86)/atmel/studio/7.0/toolchain/arm/arm-gnu-toolchain/bin/../lib/gcc/arm-none-eabi/6.3.1/thumb/v6-m/crtbegin.o
__aeabi_idiv0                                     c:/program files (x86)/atmel/studio/7.0/toolchain/arm/arm-gnu-toolchain/bin/../lib/gcc/arm-none-eabi/6.3.1/thumb/v6-m\libgcc.a(_dvmd_tls.o)
                                                  c:/program files (x86)/atmel/studio/7.0/toolchain/arm/arm-gnu-toolchain/bin/../lib/gcc/arm-none-eabi/6.3.1/thumb/v6-m\libgcc.a(_udivsi3.o)
__aeabi_ldiv0                                     c:/program files (x86)/atmel/studio/7.0/toolchain/arm/arm-gnu-toolchain/bin/../lib/gcc/arm-none-eabi/6.3.1/thumb/v6-m\libgcc.a(_dvmd_tls.o)
                                                  c:/program files (x86)/atmel/studio/7.0/toolchain/arm/arm-gnu-toolchain/bin/../lib/gcc/arm-none-eabi/6.3.1/thumb/v6-m\libgcc.a(_aeabi_uldivmod.o)
__aeabi_lmul                                      c:/program files (x86)/atmel/studio/7.0/toolchain/arm/arm-gnu-toolchain/bin/../lib/gcc/arm-none-eabi/6.3.1/thumb/v6-m\libgcc.a(_muldi3.o)
                                                  src/ADC_4_Channel.o
                                                  src/ASF/sam0/drivers/sercom/sercom.o
__aeabi_uidiv                                     c:/program files (x86)/atmel/studio/7.0/toolchain/arm/arm-gnu-toolchain/bin/../lib/gcc/arm-none-eabi/6.3.1/thumb/v6-m\libgcc.a(_udivsi3.o)
                                                  src/ASF/sam0/drivers/system/clock/clock_samd21_r21_da_ha1/gclk.o
                                                  src/ASF/sam0/drivers/system/clock/clock_samd21_r21_da_ha1/clock.o
__aeabi_uidivmod                                  c:/program files (x86)/atmel/studio/7.0/toolchain/arm/arm-gnu-toolchain/bin/../lib/gcc/arm-none-eabi/6.3.1/thumb/v6-m\libgcc.a(_udivsi3.o)
__aeabi_uldivmod                                  c:/program files (x86)/atmel/studio/7.0/toolchain/arm/arm-gnu-toolchain/bin/../lib/gcc/arm-none-eabi/6.3.1/thumb/v6-m\libgcc.a(_aeabi_uldivmod.o)
                                                  src/ADC_4_Channel.o
__bss_end__                                       c:/program files (x86)/atmel/studio/7.0/toolchain/arm/arm-gnu-toolchain/bin/../lib/gcc/arm-none-eabi/6.3.1/../../../../arm-none-eabi/lib/thumb/v6-m/crt0.o
__bss_start__                                     c:/program files (x86)/atmel/studio/7.0/toolchain/arm/arm-gnu-toolchain/bin/../lib/gcc/arm-none-eabi/6.3.1/../../../../arm-none-eabi/lib/thumb/v6-m/crt0.o
__call_exitprocs                                  c:/program files (x86)/atmel/studio/7.0/toolchain/arm/arm-gnu-toolchain/bin/../lib/gcc/arm-none-eabi/6.3.1/../../../../arm-none-eabi/lib/thumb/v6-m\libc_nano.a(lib_a-exit.o)
__clzdi2                                          c:/program files (x86)/atmel/studio/7.0/toolchain/arm/arm-gnu-toolchain/bin/../lib/gcc/arm-none-eabi/6.3.1/thumb/v6-m\libgcc.a(_clzdi2.o)
                                                  c:/program files (x86)/atmel/studio/7.0/toolchain/arm/arm-gnu-toolchain/bin/../lib/gcc/arm-none-eabi/6.3.1/thumb/v6-m\libgcc.a(_udivmoddi4.o)
__clzsi2                                          c:/program files (x86)/atmel/studio/7.0/toolchain/arm/arm-gnu-toolchain/bin/../lib/gcc/arm-none-eabi/6.3.1/thumb/v6-m\libgcc.a(_clzsi2.o)
                                                  c:/program files (x86)/atmel/studio/7.0/toolchain/arm/arm-gnu-toolchain/bin/../lib/gcc/arm-none-eabi/6.3.1/thumb/v6-m\libgcc.a(_clzdi2.o)
__deregister_frame_info                           c:/program files (x86)/atmel/studio/7.0/toolchain/arm/arm-gnu-toolchain/bin/../lib/gcc/arm-none-eabi/6.3.1/thumb/v6-m/crtbegin.o
__dso_handle                                      c:/program files (x86)/atmel/studio/7.0/toolchain/arm/arm-gnu-toolchain/bin/../lib/gcc/arm-none-eabi/6.3.1/thumb/v6-m/crtbegin.o
__init_array_end                                  c:/program files (x86)/atmel/studio/7.0/toolchain/arm/arm-gnu-toolchain/bin/../lib/gcc/arm-none-eabi/6.3.1/../../../../arm-none-eabi/lib/thumb/v6-m\libc_nano.a(lib_a-init.o)
__init_array_start                                c:/program files (x86)/atmel/studio/7.0/toolchain/arm/arm-gnu-toolchain/bin/../lib/gcc/arm-none-eabi/6.3.1/../../../../arm-none-eabi/lib/thumb/v6-m\libc_nano.a(lib_a-init.o)
__libc_fini_array                                 c:/program files (x86)/atmel/studio/7.0/toolchain/arm/arm-gnu-toolchain/bin/../lib/gcc/arm-none-eabi/6.3.1/../../../../arm-none-eabi/lib/thumb/v6-m/crt0.o
__libc_init_array                                 c:/program files (x86)/atmel/studio/7.0/toolchain/arm/arm-gnu-toolchain/bin/../lib/gcc/arm-none-eabi/6.3.1/../../../../arm-none-eabi/lib/thumb/v6-m\libc_nano.a(lib_a-init.o)
                                                  src/ASF/sam0/utils/cmsis/samd21/source/gcc/startup_samd21.o
                                                  c:/program files (x86)/atmel/studio/7.0/toolchain/arm/arm-gnu-toolchain/bin/../lib/gcc/arm-none-eabi/6.3.1/../../../../arm-none-eabi/lib/thumb/v6-m/crt0.o
__muldi3                                          c:/program files (x86)/atmel/studio/7.0/toolchain/arm/arm-gnu-toolchain/bin/../lib/gcc/arm-none-eabi/6.3.1/thumb/v6-m\libgcc.a(_muldi3.o)
__preinit_array_end                               c:/program files (x86)/atmel/studio/7.0/toolchain/arm/arm-gnu-toolchain/bin/../lib/gcc/arm-none-eabi/6.3.1/../../../../arm-none-eabi/lib/thumb/v6-m\libc_nano.a(lib_a-init.o)
__preinit_array_start                             c:/program files (x86)/atmel/studio/7.0/toolchain/arm/arm-gnu-toolchain/bin/../lib/gcc/arm-none-eabi/6.3.1/../../../../arm-none-eabi/lib/thumb/v6-m\libc_nano.a(lib_a-init.o)
__register_frame_info                             c:/program files (x86)/atmel/studio/7.0/toolchain/arm/arm-gnu-toolchain/bin/../lib/gcc/arm-none-eabi/6.3.1/thumb/v6-m/crtbegin.o
__sf_fake_stderr                                  c:/program files (x86)/atmel/studio/7.0/toolchain/arm/arm-gnu-toolchain/bin/../lib/gcc/arm-none-eabi/6.3.1/../../../../arm-none-eabi/lib/thumb/v6-m\libc_nano.a(lib_a-impure.o)
__sf_fake_stdin                                   c:/program files (x86)/atmel/studio/7.0/toolchain/arm/arm-gnu-toolchain/bin/../lib/gcc/arm-none-eabi/6.3.1/../../../../arm-none-eabi/lib/thumb/v6-m\libc_nano.a(lib_a-impure.o)
__sf_fake_stdout                                  c:/program files (x86)/atmel/studio/7.0/toolchain/arm/arm-gnu-toolchain/bin/../lib/gcc/arm-none-eabi/6.3.1/../../../../arm-none-eabi/lib/thumb/v6-m\libc_nano.a(lib_a-impure.o)
__stack                                           c:/program files (x86)/atmel/studio/7.0/toolchain/arm/arm-gnu-toolchain/bin/../lib/gcc/arm-none-eabi/6.3.1/../../../../arm-none-eabi/lib/thumb/v6-m/crt0.o
__udivmoddi4                                      c:/program files (x86)/atmel/studio/7.0/toolchain/arm/arm-gnu-toolchain/bin/../lib/gcc/arm-none-eabi/6.3.1/thumb/v6-m\libgcc.a(_udivmoddi4.o)
                                                  c:/program files (x86)/atmel/studio/7.0/toolchain/arm/arm-gnu-toolchain/bin/../lib/gcc/arm-none-eabi/6.3.1/thumb/v6-m\libgcc.a(_aeabi_uldivmod.o)
__udivsi3                                         c:/program files (x86)/atmel/studio/7.0/toolchain/arm/arm-gnu-toolchain/bin/../lib/gcc/arm-none-eabi/6.3.1/thumb/v6-m\libgcc.a(_udivsi3.o)
_adc_instances                                    src/ASF/sam0/drivers/adc/adc_sam_d_r_h/adc_callback.o
                                                  src/ASF/sam0/drivers/adc/adc_sam_d_r_h/adc.o
_close                                            src/ASF/sam0/utils/syscalls/gcc/syscalls.o
_dma_inst                                         src/ASF/sam0/drivers/dma/dma.o
_end                                              src/ASF/sam0/utils/syscalls/gcc/syscalls.o
_erelocate                                        src/ASF/sam0/utils/cmsis/samd21/source/gcc/startup_samd21.o
_estack                                           src/ASF/sam0/utils/cmsis/samd21/source/gcc/startup_samd21.o
_etext                                            src/ASF/sam0/utils/cmsis/samd21/source/gcc/startup_samd21.o
_exit                                             src/ASF/sam0/utils/syscalls/gcc/syscalls.o
                                                  c:/program files (x86)/atmel/studio/7.0/toolchain/arm/arm-gnu-toolchain/bin/../lib/gcc/arm-none-eabi/6.3.1/../../../../arm-none-eabi/lib/thumb/v6-m\libc_nano.a(lib_a-exit.o)
_ezero                                            src/ASF/sam0/utils/cmsis/samd21/source/gcc/startup_samd21.o
_fini                                             c:/program files (x86)/atmel/studio/7.0/toolchain/arm/arm-gnu-toolchain/bin/../lib/gcc/arm-none-eabi/6.3.1/thumb/v6-m/crti.o
_fstat                                            src/ASF/sam0/utils/syscalls/gcc/syscalls.o
_getpid                                           src/ASF/sam0/utils/syscalls/gcc/syscalls.o
_global_impure_ptr                                c:/program files (x86)/atmel/studio/7.0/toolchain/arm/arm-gnu-toolchain/bin/../lib/gcc/arm-none-eabi/6.3.1/../../../../arm-none-eabi/lib/thumb/v6-m\libc_nano.a(lib_a-impure.o)
                                                  c:/program files (x86)/atmel/studio/7.0/toolchain/arm/arm-gnu-toolchain/bin/../lib/gcc/arm-none-eabi/6.3.1/../../../../arm-none-eabi/lib/thumb/v6-m\libc_nano.a(lib_a-exit.o)
_impure_ptr                                       c:/program files (x86)/atmel/studio/7.0/toolchain/arm/arm-gnu-toolchain/bin/../lib/gcc/arm-none-eabi/6.3.1/../../../../arm-none-eabi/lib/thumb/v6-m\libc_nano.a(lib_a-impure.o)
_init                                             c:/program files (x86)/atmel/studio/7.0/toolchain/arm/arm-gnu-toolchain/bin/../lib/gcc/arm-none-eabi/6.3.1/thumb/v6-m/crti.o
                                                  c:/program files (x86)/atmel/studio/7.0/toolchain/arm/arm-gnu-toolchain/bin/../lib/gcc/arm-none-eabi/6.3.1/../../../../arm-none-eabi/lib/thumb/v6-m\libc_nano.a(lib_a-init.o)
_isatty                                           src/ASF/sam0/utils/syscalls/gcc/syscalls.o
_kill                                             src/ASF/sam0/utils/syscalls/gcc/syscalls.o
_lseek                                            src/ASF/sam0/utils/syscalls/gcc/syscalls.o
_mainCRTStartup                                   c:/program files (x86)/atmel/studio/7.0/toolchain/arm/arm-gnu-toolchain/bin/../lib/gcc/arm-none-eabi/6.3.1/../../../../arm-none-eabi/lib/thumb/v6-m/crt0.o
_rtc_instance                                     src/ASF/sam0/drivers/rtc/rtc_sam_d_r_h/rtc_count.o
                                                  src/ASF/sam0/drivers/rtc/rtc_sam_d_r_h/rtc_count_interrupt.o
_sbrk                                             src/ASF/sam0/utils/syscalls/gcc/syscalls.o
_sercom_get_async_baud_val                        src/ASF/sam0/drivers/sercom/sercom.o
                                                  src/ASF/sam0/drivers/sercom/usart/usart.o
_sercom_get_default_pad                           src/ASF/sam0/drivers/sercom/sercom.o
                                                  src/ASF/sam0/drivers/sercom/usart/usart.o
_sercom_get_interrupt_vector                      src/ASF/sam0/drivers/sercom/sercom_interrupt.o
                                                  src/main.o
_sercom_get_sercom_inst_index                     src/ASF/sam0/drivers/sercom/sercom.o
                                                  src/ASF/sam0/drivers/sercom/usart/usart.o
                                                  src/ASF/sam0/drivers/sercom/sercom_interrupt.o
_sercom_get_sync_baud_val                         src/ASF/sam0/drivers/sercom/sercom.o
                                                  src/ASF/sam0/drivers/sercom/usart/usart.o
_sercom_instances                                 src/ASF/sam0/drivers/sercom/sercom_interrupt.o
                                                  src/ASF/sam0/drivers/sercom/usart/usart_interrupt.o
                                                  src/ASF/sam0/drivers/sercom/usart/usart.o
_sercom_set_handler                               src/ASF/sam0/drivers/sercom/sercom_interrupt.o
                                                  src/ASF/sam0/drivers/sercom/usart/usart.o
_sfixed                                           src/ASF/sam0/utils/cmsis/samd21/source/gcc/startup_samd21.o
_srelocate                                        src/ASF/sam0/utils/cmsis/samd21/source/gcc/startup_samd21.o
_start                                            c:/program files (x86)/atmel/studio/7.0/toolchain/arm/arm-gnu-toolchain/bin/../lib/gcc/arm-none-eabi/6.3.1/../../../../arm-none-eabi/lib/thumb/v6-m/crt0.o
_system_divas_init                                src/ASF/sam0/drivers/system/system.o
_system_dummy_init                                src/ASF/sam0/drivers/system/system.o
_system_events_init                               src/ASF/sam0/drivers/system/system.o
_system_extint_init                               src/ASF/sam0/drivers/system/system.o
_szero                                            src/ASF/sam0/utils/cmsis/samd21/source/gcc/startup_samd21.o
_tc_get_inst_index                                src/ASF/sam0/drivers/tc/tc_sam_d_r_h/tc.o
_tc_instances                                     src/ASF/sam0/drivers/tc/tc_interrupt.o
                                                  src/ASF/sam0/drivers/tc/tc_sam_d_r_h/tc.o
_tc_interrupt_handler                             src/ASF/sam0/drivers/tc/tc_interrupt.o
_tcc_apbcmasks                                    src/ASF/sam0/drivers/tcc/tcc.o
_tcc_cc_nums                                      src/ASF/sam0/drivers/tcc/tcc.o
_tcc_exts                                         src/ASF/sam0/drivers/tcc/tcc.o
_tcc_gclk_ids                                     src/ASF/sam0/drivers/tcc/tcc.o
_tcc_get_inst_index                               src/ASF/sam0/drivers/tcc/tcc.o
                                                  src/ASF/sam0/drivers/tcc/tcc_callback.o
_tcc_instances                                    src/ASF/sam0/drivers/tcc/tcc_callback.o
                                                  src/ASF/sam0/drivers/tcc/tcc.o
_tcc_interrupt_handler                            src/ASF/sam0/drivers/tcc/tcc_callback.o
_tcc_intflag                                      src/ASF/sam0/drivers/tcc/tcc_callback.o
_tcc_maxs                                         src/ASF/sam0/drivers/tcc/tcc.o
_tcc_ow_nums                                      src/ASF/sam0/drivers/tcc/tcc.o
_tcc_sizes                                        src/ASF/sam0/drivers/tcc/tcc.o
_usart_interrupt_handler                          src/ASF/sam0/drivers/sercom/usart/usart_interrupt.o
                                                  src/ASF/sam0/drivers/sercom/usart/usart.o
_usart_read_buffer                                src/ASF/sam0/drivers/sercom/usart/usart_interrupt.o
_usart_write_buffer                               src/ASF/sam0/drivers/sercom/usart/usart_interrupt.o
adc_abort_job                                     src/ASF/sam0/drivers/adc/adc_sam_d_r_h/adc_callback.o
adc_get_config_defaults                           src/ASF/sam0/drivers/adc/adc_sam_d_r_h/adc.o
                                                  src/ADC_4_Channel.o
adc_get_job_status                                src/ASF/sam0/drivers/adc/adc_sam_d_r_h/adc_callback.o
adc_init                                          src/ASF/sam0/drivers/adc/adc_sam_d_r_h/adc.o
                                                  src/ADC_4_Channel.o
adc_instance                                      src/main.o
                                                  src/ADC_4_Channel.o
adc_read_buffer_job                               src/ASF/sam0/drivers/adc/adc_sam_d_r_h/adc_callback.o
adc_register_callback                             src/ASF/sam0/drivers/adc/adc_sam_d_r_h/adc_callback.o
adc_regular_ain_channel                           src/ASF/sam0/drivers/adc/adc_sam_d_r_h/adc.o
adc_set_window_mode                               src/ASF/sam0/drivers/adc/adc_sam_d_r_h/adc.o
adc_unregister_callback                           src/ASF/sam0/drivers/adc/adc_sam_d_r_h/adc_callback.o
atexit                                            c:/program files (x86)/atmel/studio/7.0/toolchain/arm/arm-gnu-toolchain/bin/../lib/gcc/arm-none-eabi/6.3.1/../../../../arm-none-eabi/lib/thumb/v6-m/crt0.o
board_init                                        src/ASF/sam0/boards/samd21_xplained_pro/board_init.o
boolean                                           src/main.o
config_adc_func                                   src/ADC_4_Channel.o
configure_rtc_callbacks                           src/main.o
configure_rtc_count                               src/main.o
configure_usart                                   src/main.o
cpu_irq_enter_critical                            src/ASF/common/utils/interrupt/interrupt_sam_nvic.o
                                                  src/ASF/sam0/drivers/system/clock/clock_samd21_r21_da_ha1/gclk.o
                                                  src/ASF/sam0/drivers/sercom/usart/usart_interrupt.o
                                                  src/ASF/sam0/drivers/dma/dma.o
cpu_irq_leave_critical                            src/ASF/common/utils/interrupt/interrupt_sam_nvic.o
                                                  src/ASF/sam0/drivers/system/clock/clock_samd21_r21_da_ha1/gclk.o
                                                  src/ASF/sam0/drivers/sercom/usart/usart_interrupt.o
                                                  src/ASF/sam0/drivers/dma/dma.o
delay_init                                        src/ASF/common2/services/delay/sam0/cycle_counter.o
descriptor_section                                src/ASF/sam0/drivers/dma/dma.o
disable_adc                                       src/ADC_4_Channel.o
dma_abort_job                                     src/ASF/sam0/drivers/dma/dma.o
dma_add_descriptor                                src/ASF/sam0/drivers/dma/dma.o
dma_allocate                                      src/ASF/sam0/drivers/dma/dma.o
dma_descriptor_create                             src/ASF/sam0/drivers/dma/dma.o
dma_free                                          src/ASF/sam0/drivers/dma/dma.o
dma_get_config_defaults                           src/ASF/sam0/drivers/dma/dma.o
dma_resume_job                                    src/ASF/sam0/drivers/dma/dma.o
dma_start_transfer_job                            src/ASF/sam0/drivers/dma/dma.o
dma_suspend_job                                   src/ASF/sam0/drivers/dma/dma.o
exception_table                                   src/ASF/sam0/utils/cmsis/samd21/source/gcc/startup_samd21.o
exit                                              c:/program files (x86)/atmel/studio/7.0/toolchain/arm/arm-gnu-toolchain/bin/../lib/gcc/arm-none-eabi/6.3.1/../../../../arm-none-eabi/lib/thumb/v6-m\libc_nano.a(lib_a-exit.o)
                                                  c:/program files (x86)/atmel/studio/7.0/toolchain/arm/arm-gnu-toolchain/bin/../lib/gcc/arm-none-eabi/6.3.1/../../../../arm-none-eabi/lib/thumb/v6-m/crt0.o
g_chan_interrupt_flag                             src/ASF/sam0/drivers/dma/dma.o
g_interrupt_enabled                               src/ASF/common/utils/interrupt/interrupt_sam_nvic.o
                                                  src/main.o
get_sen_data                                      src/ADC_4_Channel.o
hardware_init_hook                                c:/program files (x86)/atmel/studio/7.0/toolchain/arm/arm-gnu-toolchain/bin/../lib/gcc/arm-none-eabi/6.3.1/../../../../arm-none-eabi/lib/thumb/v6-m/crt0.o
link                                              src/ASF/sam0/utils/syscalls/gcc/syscalls.o
main                                              src/main.o
                                                  src/ASF/sam0/utils/cmsis/samd21/source/gcc/startup_samd21.o
                                                  c:/program files (x86)/atmel/studio/7.0/toolchain/arm/arm-gnu-toolchain/bin/../lib/gcc/arm-none-eabi/6.3.1/../../../../arm-none-eabi/lib/thumb/v6-m/crt0.o
memcpy                                            c:/program files (x86)/atmel/studio/7.0/toolchain/arm/arm-gnu-toolchain/bin/../lib/gcc/arm-none-eabi/6.3.1/../../../../arm-none-eabi/lib/thumb/v6-m\libc_nano.a(lib_a-memcpy-stub.o)
                                                  src/ASF/sam0/drivers/adc/adc_sam_d_r_h/adc.o
                                                  src/ASF/sam0/drivers/dma/dma.o
memset                                            c:/program files (x86)/atmel/studio/7.0/toolchain/arm/arm-gnu-toolchain/bin/../lib/gcc/arm-none-eabi/6.3.1/../../../../arm-none-eabi/lib/thumb/v6-m\libc_nano.a(lib_a-memset.o)
                                                  c:/program files (x86)/atmel/studio/7.0/toolchain/arm/arm-gnu-toolchain/bin/../lib/gcc/arm-none-eabi/6.3.1/../../../../arm-none-eabi/lib/thumb/v6-m/crt0.o
pin_conf                                          src/main.o
                                                  src/ADC_4_Channel.o
port_group_set_config                             src/ASF/sam0/drivers/port/port.o
port_pin_set_config                               src/ASF/sam0/drivers/port/port.o
                                                  src/main.o
                                                  src/ADC_4_Channel.o
                                                  src/ASF/sam0/boards/samd21_xplained_pro/board_init.o
portable_delay_cycles                             src/ASF/common2/services/delay/sam0/cycle_counter.o
                                                  src/ADC_4_Channel.o
rtc_count_clear_compare_match                     src/ASF/sam0/drivers/rtc/rtc_sam_d_r_h/rtc_count.o
rtc_count_disable                                 src/ASF/sam0/drivers/rtc/rtc_sam_d_r_h/rtc_count.o
rtc_count_disable_callback                        src/ASF/sam0/drivers/rtc/rtc_sam_d_r_h/rtc_count_interrupt.o
rtc_count_enable                                  src/ASF/sam0/drivers/rtc/rtc_sam_d_r_h/rtc_count.o
                                                  src/main.o
rtc_count_enable_callback                         src/ASF/sam0/drivers/rtc/rtc_sam_d_r_h/rtc_count_interrupt.o
                                                  src/main.o
rtc_count_frequency_correction                    src/ASF/sam0/drivers/rtc/rtc_sam_d_r_h/rtc_count.o
rtc_count_get_compare                             src/ASF/sam0/drivers/rtc/rtc_sam_d_r_h/rtc_count.o
rtc_count_get_count                               src/ASF/sam0/drivers/rtc/rtc_sam_d_r_h/rtc_count.o
rtc_count_get_period                              src/ASF/sam0/drivers/rtc/rtc_sam_d_r_h/rtc_count.o
rtc_count_init                                    src/ASF/sam0/drivers/rtc/rtc_sam_d_r_h/rtc_count.o
                                                  src/main.o
rtc_count_is_compare_match                        src/ASF/sam0/drivers/rtc/rtc_sam_d_r_h/rtc_count.o
rtc_count_register_callback                       src/ASF/sam0/drivers/rtc/rtc_sam_d_r_h/rtc_count_interrupt.o
                                                  src/main.o
rtc_count_reset                                   src/ASF/sam0/drivers/rtc/rtc_sam_d_r_h/rtc_count.o
rtc_count_set_compare                             src/ASF/sam0/drivers/rtc/rtc_sam_d_r_h/rtc_count.o
                                                  src/main.o
rtc_count_set_count                               src/ASF/sam0/drivers/rtc/rtc_sam_d_r_h/rtc_count.o
                                                  src/main.o
rtc_count_set_period                              src/ASF/sam0/drivers/rtc/rtc_sam_d_r_h/rtc_count.o
rtc_count_unregister_callback                     src/ASF/sam0/drivers/rtc/rtc_sam_d_r_h/rtc_count_interrupt.o
rtc_instance                                      src/main.o
rtc_overflow_callback                             src/main.o
sercom_set_gclk_generator                         src/ASF/sam0/drivers/sercom/sercom.o
                                                  src/ASF/sam0/drivers/sercom/usart/usart.o
sleepmgr_locks                                    src/ASF/common/services/sleepmgr/samd/sleepmgr.o
software_init_hook                                c:/program files (x86)/atmel/studio/7.0/toolchain/arm/arm-gnu-toolchain/bin/../lib/gcc/arm-none-eabi/6.3.1/../../../../arm-none-eabi/lib/thumb/v6-m/crt0.o
system_board_init                                 src/ASF/sam0/boards/samd21_xplained_pro/board_init.o
system_clock_init                                 src/ASF/sam0/drivers/system/clock/clock_samd21_r21_da_ha1/clock.o
system_clock_source_dfll_set_config               src/ASF/sam0/drivers/system/clock/clock_samd21_r21_da_ha1/clock.o
system_clock_source_disable                       src/ASF/sam0/drivers/system/clock/clock_samd21_r21_da_ha1/clock.o
system_clock_source_dpll_set_config               src/ASF/sam0/drivers/system/clock/clock_samd21_r21_da_ha1/clock.o
system_clock_source_enable                        src/ASF/sam0/drivers/system/clock/clock_samd21_r21_da_ha1/clock.o
system_clock_source_get_hz                        src/ASF/sam0/drivers/system/clock/clock_samd21_r21_da_ha1/clock.o
                                                  src/ASF/sam0/drivers/system/clock/clock_samd21_r21_da_ha1/gclk.o
system_clock_source_is_ready                      src/ASF/sam0/drivers/system/clock/clock_samd21_r21_da_ha1/clock.o
system_clock_source_osc32k_set_config             src/ASF/sam0/drivers/system/clock/clock_samd21_r21_da_ha1/clock.o
system_clock_source_osc8m_set_config              src/ASF/sam0/drivers/system/clock/clock_samd21_r21_da_ha1/clock.o
system_clock_source_write_calibration             src/ASF/sam0/drivers/system/clock/clock_samd21_r21_da_ha1/clock.o
system_clock_source_xosc32k_set_config            src/ASF/sam0/drivers/system/clock/clock_samd21_r21_da_ha1/clock.o
system_clock_source_xosc_set_config               src/ASF/sam0/drivers/system/clock/clock_samd21_r21_da_ha1/clock.o
system_gclk_chan_disable                          src/ASF/sam0/drivers/system/clock/clock_samd21_r21_da_ha1/gclk.o